queuing without a prediction: env A/B on one binary, hand-read with title_verdict.py against legs 5b in docs/lanes/ibcache/NOTES.md
release priority: could not read #507's labels; queueing at normal priority
priority plain: #507's labels unreadable
pilot gate: lane.ibcache would hold ~38 min of device time; reviewed pilot /home/justin/hakux-work/dispatch/pilots/lane.ibcache.ok (0.0 h old) admits it
queued 1790914020-lane.ibcache-3202216
  soak: 4D53006E-Forza_Motorsport.xiso.iso, 420s, route survey, pinned to nova
queuing without a prediction: env A/B on one binary, hand-read with title_verdict.py against legs 5b in docs/lanes/ibcache/NOTES.md
release priority: could not read #507's labels; queueing at normal priority
priority plain: #507's labels unreadable
pilot gate: lane.ibcache would hold ~47 min of device time; reviewed pilot /home/justin/hakux-work/dispatch/pilots/lane.ibcache.ok (0.0 h old) admits it
queued 1790914021-lane.ibcache-3202498
  soak: 4D53006E-Forza_Motorsport.xiso.iso, 420s, env HAKUX_IBC=0, route survey, pinned to nova
queuing without a prediction: env A/B on one binary, hand-read with title_verdict.py against legs 5b in docs/lanes/ibcache/NOTES.md
release priority: could not read #507's labels; queueing at normal priority
priority plain: #507's labels unreadable
pilot gate: lane.ibcache would hold ~56 min of device time; reviewed pilot /home/justin/hakux-work/dispatch/pilots/lane.ibcache.ok (0.0 h old) admits it
queued 1790914021-lane.ibcache-3202829
  soak: 4D53006E-Forza_Motorsport.xiso.iso, 420s, env HAKUX_IBC=0, route survey, pinned to nova
queuing without a prediction: env A/B on one binary, hand-read with title_verdict.py against legs 5b in docs/lanes/ibcache/NOTES.md
release priority: could not read #507's labels; queueing at normal priority
priority plain: #507's labels unreadable
pilot gate: lane.ibcache would hold ~64 min of device time; reviewed pilot /home/justin/hakux-work/dispatch/pilots/lane.ibcache.ok (0.0 h old) admits it
queued 1790914021-lane.ibcache-3203127
  soak: 4D53006E-Forza_Motorsport.xiso.iso, 420s, route survey, pinned to nova
