queuing without a prediction: env A/B on one binary, hand-read with title_verdict.py against legs 5a in docs/lanes/ibcache/NOTES.md
release priority: could not read #507's labels; queueing at normal priority
priority plain: #507's labels unreadable
queued 1790914019-lane.ibcache-3201791
  soak: 54540082-Grand_Theft_Auto_San_Andreas.xiso.iso, 360s, route gta-sa, pinned to nova
queuing without a prediction: env A/B on one binary, hand-read with title_verdict.py against legs 5a in docs/lanes/ibcache/NOTES.md
release priority: could not read #507's labels; queueing at normal priority
priority plain: #507's labels unreadable
queued 1790914019-lane.ibcache-3201832
  soak: 54540082-Grand_Theft_Auto_San_Andreas.xiso.iso, 360s, env HAKUX_IBC=0, route gta-sa, pinned to nova
queuing without a prediction: env A/B on one binary, hand-read with title_verdict.py against legs 5a in docs/lanes/ibcache/NOTES.md
release priority: could not read #507's labels; queueing at normal priority
priority plain: #507's labels unreadable
queued 1790914020-lane.ibcache-3201920
  soak: 54540082-Grand_Theft_Auto_San_Andreas.xiso.iso, 360s, env HAKUX_IBC=0, route gta-sa, pinned to nova
queuing without a prediction: env A/B on one binary, hand-read with title_verdict.py against legs 5a in docs/lanes/ibcache/NOTES.md
release priority: could not read #507's labels; queueing at normal priority
priority plain: #507's labels unreadable
queued 1790914020-lane.ibcache-3202122
  soak: 54540082-Grand_Theft_Auto_San_Andreas.xiso.iso, 360s, route gta-sa, pinned to nova
