tid 19768: 21168 samples
  jit        10773   50.9%
  lookup      5278   24.9%
  softmmu     1476    7.0%
  fp          1095    5.2%
  mmio         113    0.5%
  translate     55    0.3%
  loop         527    2.5%
  kernel       374    1.8%
  other       1477    7.0%

top symbols outside the JIT
  10.81%  lookup    tb_lookup  [libxemu.so]
   7.15%  lookup    helper_lookup_tb_ptr  [libxemu.so]
   4.39%  lookup    qht_lookup_custom  [libxemu.so]
   2.02%  fp        helper_mulss  [libxemu.so]
   1.82%  softmmu   tlb_set_page_full  [libxemu.so]
   1.71%  loop      cpu_exec_loop  [libxemu.so]
   1.55%  lookup    tb_lookup_cmp  [libxemu.so]
   1.34%  other     voice_lock  [libxemu.so]
   1.15%  softmmu   tlb_reset_dirty  [libxemu.so]
   0.99%  kernel    *[kernel.kallsyms][+ffffffef40e45d8c]  [[kernel.kallsyms]]
   0.85%  lookup    x86_get_tb_cpu_state  [libxemu.so]
   0.81%  fp        helper_addss  [libxemu.so]
   0.75%  softmmu   probe_access_internal  [libxemu.so]
   0.72%  fp        helper_subss  [libxemu.so]
   0.67%  fp        helper_comiss  [libxemu.so]
   0.51%  other     [linker]tlsdesc_resolver_dynamic  [linker64]
   0.47%  other     curr_cflags  [libxemu.so]
   0.46%  softmmu   mem_access_callback_address_matches  [libxemu.so]
   0.41%  softmmu   mmu_translate  [libxemu.so]
   0.41%  softmmu   do_ld4_mmu  [libxemu.so]
   0.39%  other     tb_tc_cmp  [libxemu.so]
   0.38%  softmmu   mmu_lookup1  [libxemu.so]
   0.37%  softmmu   qemu_ram_block_from_host  [libxemu.so]
   0.36%  other     __kernel_clock_gettime  [[vdso]]
   0.35%  other     find_next_bit  [libxemu.so]
