== 0-1790974820-tronhang672-2186958  rows=210 (2 s each)
   THERMAL: no thermal-pause device above 0; 21 samples, 0 unread, hottest zone 84.4 C; battery +0.01 W (+ is discharging), usb in 5.19 W, net 5.19 W; clock MHz cpu0 902-2016 of 2016, cpu3 1651-2803 of 2803, cpu7 1843-3187 of 3187, gpu 401-401 of 680, gpu throttle-switch 0; fan duty 0-15584 of 50000 at
   at/above bar 380 s, below 40 s -> share 0.90
   group             n      fps        F    gbusy    gidle vblank_ms pgraph_ms timer_ms  disc_ms other_ms       Ri    v_run     v_rq    v_blk     vcpu     rthr    rwait
   all             210    33.71    29.66    29.66     0.00     0.00     0.00     0.00     0.00     0.00    14.00    23.89     0.06     5.70     0.81    30.48     4.62
   >=bar           190    34.04    29.38    29.38     0.00     0.00     0.00     0.00     0.00     0.00    13.80    23.73     0.06     5.63     0.81    30.43     4.62
   <bar             20    27.70    36.10    36.10     0.00     0.00     0.00     0.00     0.00     0.00    15.75    28.80     0.08     7.02     0.80    30.70     4.59
   <bar p10          6    18.15    55.60    46.01     3.23     0.04     0.00     2.10     0.00     0.48    15.80    29.53     0.08    12.71     0.75    36.47     3.71
== 0-1790975634-tronhang672-2276276  rows=268 (2 s each)
   THERMAL: no thermal-pause device above 0; 24 samples, 0 unread, hottest zone 93.5 C; battery +0.22 W (+ is discharging), usb in 5.55 W, net 5.76 W; clock MHz cpu0 902-2016 of 2016, cpu3 1651-2803 of 2803, cpu7 1843-3187 of 3187, gpu 401-401 of 680, gpu throttle-switch 0; fan duty 0-18069 of 50000 at
   at/above bar 536 s, below 0 s -> share 1.00
   group             n      fps        F    gbusy    gidle vblank_ms pgraph_ms timer_ms  disc_ms other_ms       Ri    v_run     v_rq    v_blk     vcpu     rthr    rwait
   all             268    59.94    16.68    16.57     0.11     0.00     0.00     0.10     0.00     0.00    14.80    16.25     0.01     0.43     0.97    13.28     1.17
   >=bar           268    59.94    16.68    16.57     0.11     0.00     0.00     0.10     0.00     0.00    14.80    16.25     0.01     0.43     0.97    13.28     1.17
== 0-1790976263-tronhang672-2397053  rows=257 (2 s each)
   THERMAL: no thermal-pause device above 0; 24 samples, 0 unread, hottest zone 94.3 C; battery +0.06 W (+ is discharging), usb in 5.95 W, net 6.01 W; clock MHz cpu0 902-2016 of 2016, cpu3 1651-2803 of 2803, cpu7 1843-3187 of 3187, gpu 401-401 of 680, gpu throttle-switch 0; fan duty 12000-18349 of 5000
   at/above bar 514 s, below 0 s -> share 1.00
   group             n      fps        F    gbusy    gidle vblank_ms pgraph_ms timer_ms  disc_ms other_ms       Ri    v_run     v_rq    v_blk     vcpu     rthr    rwait
   all             257    59.94    16.68    16.57     0.11     0.00     0.00     0.10     0.00     0.00    14.80    16.18     0.01     0.49     0.97    13.20     1.13
   >=bar           257    59.94    16.68    16.57     0.11     0.00     0.00     0.10     0.00     0.00    14.80    16.18     0.01     0.49     0.97    13.20     1.13
== 0-1790976604-tronhang672-2513164  rows=256 (2 s each)
   THERMAL: no thermal-pause device above 0; 24 samples, 0 unread, hottest zone 91.5 C; battery -0.65 W (+ is discharging), usb in 5.50 W, net 4.85 W; clock MHz cpu0 1018-2016 of 2016, cpu3 1651-2803 of 2803, cpu7 1843-3187 of 3187, gpu 401-401 of 680, gpu throttle-switch 0; fan duty 0-17509 of 50000 a
   at/above bar 500 s, below 12 s -> share 0.98
   group             n      fps        F    gbusy    gidle vblank_ms pgraph_ms timer_ms  disc_ms other_ms       Ri    v_run     v_rq    v_blk     vcpu     rthr    rwait
   all             256    39.64    25.22    25.22     0.00     0.00     0.00     0.00     0.00     0.00    13.40    20.69     0.05     4.50     0.82    29.44     4.17
   >=bar           250    39.71    25.18    25.18     0.00     0.00     0.00     0.00     0.00     0.00    13.30    20.64     0.05     4.49     0.82    29.38     4.17
   <bar              6    27.89    35.85    35.85     0.01     0.00     0.00     0.00     0.00     0.00    15.60    28.34     0.09     7.84     0.79    33.46     4.48
   <bar p10          2    26.25    38.14    38.12     0.02     0.00     0.00     0.01     0.01     0.00    16.90    29.53     0.10     8.50     0.79    31.73     4.69
== 0-1790977357-tronhang672-2727294  rows=255 (2 s each)
   THERMAL: no thermal-pause device above 0; 24 samples, 0 unread, hottest zone 90.7 C; battery -0.04 W (+ is discharging), usb in 4.99 W, net 4.95 W; clock MHz cpu0 902-2016 of 2016, cpu3 1651-2803 of 2803, cpu7 1843-3187 of 3187, gpu 401-401 of 680, gpu throttle-switch 0; fan duty 0-17089 of 50000 at
   at/above bar 342 s, below 168 s -> share 0.67
   group             n      fps        F    gbusy    gidle vblank_ms pgraph_ms timer_ms  disc_ms other_ms       Ri    v_run     v_rq    v_blk     vcpu     rthr    rwait
   all             255    34.60    28.91    28.71     0.00     0.00     0.00     0.00     0.00     0.00    14.70    23.67     0.06     5.23     0.81    29.75     3.77
   >=bar           171    37.54    26.64    26.52     0.00     0.00     0.00     0.00     0.00     0.00    14.10    21.92     0.05     4.61     0.82    29.75     3.90
   <bar             84    23.99    41.69    41.28     0.00     0.00     0.00     0.00     0.00     0.00    17.45    31.96     0.09     9.04     0.78    29.41     3.19
   <bar p10         22    17.26    57.95    54.50     0.01     0.00     0.00     0.01     0.00     0.00    24.10    46.39     0.10    10.27     0.79    28.47     3.02
== 0-1790978946-tronhang672-3184149  rows=130 (2 s each)
   THERMAL: no thermal-pause device above 0; 24 samples, 0 unread, hottest zone 95.1 C; battery -0.06 W (+ is discharging), usb in 6.14 W, net 6.08 W; clock MHz cpu0 1018-2016 of 2016, cpu3 1651-2803 of 2803, cpu7 1843-3187 of 3187, gpu 401-401 of 680, gpu throttle-switch 0; fan duty 0-18629 of 50000 a
   at/above bar 130 s, below 130 s -> share 0.50
   group             n      fps        F    gbusy    gidle vblank_ms pgraph_ms timer_ms  disc_ms other_ms       Ri    v_run     v_rq    v_blk     vcpu     rthr    rwait
   all             130    28.59    34.98    32.68     0.00     0.00     0.00     0.00     0.00     0.00    14.95    27.33     0.05     6.37     0.81    27.73     3.34
   >=bar            65    49.77    20.09    19.95     0.00     0.00     0.00     0.00     0.00     0.00    13.80    16.61     0.03     3.02     0.85    23.98     3.13
   <bar             65    22.00    45.46    44.32     0.00     0.00     0.00     0.00     0.00     0.00    19.10    33.81     0.08    10.13     0.77    29.07     3.34
   <bar p10         17    13.69    73.07    58.46     0.71     0.01     0.00     0.30     0.00     0.09    20.80    53.79     0.10    12.60     0.82    26.43     2.45
== 1790981973-lanelocal-3657361  rows=255 (2 s each)
   THERMAL: no thermal-pause device above 0; 24 samples, 0 unread, hottest zone 93.9 C; battery +0.03 W (+ is discharging), usb in 5.03 W, net 5.06 W; clock MHz cpu0 902-2016 of 2016, cpu3 1651-2803 of 2803, cpu7 1843-3187 of 3187, gpu 401-401 of 680, gpu throttle-switch 0; fan duty 0-17229 of 50000 at
   at/above bar 372 s, below 138 s -> share 0.73
   group             n      fps        F    gbusy    gidle vblank_ms pgraph_ms timer_ms  disc_ms other_ms       Ri    v_run     v_rq    v_blk     vcpu     rthr    rwait
   all             255    31.18    32.07    32.04     0.00     0.00     0.00     0.00     0.00     0.00    14.40    25.71     0.06     6.19     0.80    32.05     3.94
   >=bar           186    32.21    31.05    31.05     0.00     0.00     0.00     0.00     0.00     0.00    14.25    24.99     0.06     5.89     0.81    32.19     4.32
   <bar             69    23.61    42.35    42.29     0.00     0.00     0.00     0.00     0.00     0.00    16.10    31.58     0.08    10.15     0.76    31.47     3.36
   <bar p10         18    17.46    57.28    57.28     0.01     0.00     0.00     0.01     0.00     0.00    30.00    42.92     0.09    11.82     0.79    24.67     2.12
== 1790970734-lanelocal-1022425  rows=363 (2 s each)
   THERMAL: no thermal-pause device above 0; 28 samples, 0 unread, hottest zone 95.9 C; battery +0.64 W (+ is discharging), usb in 6.34 W, net 6.98 W; clock MHz cpu0 1018-2016 of 2016, cpu3 1651-2803 of 2803, cpu7 1843-3187 of 3187, gpu 401-401 of 680, gpu throttle-switch 0; fan duty 0-19294 of 50000 a
   at/above bar 722 s, below 4 s -> share 0.99
   group             n      fps        F    gbusy    gidle vblank_ms pgraph_ms timer_ms  disc_ms other_ms       Ri    v_run     v_rq    v_blk     vcpu     rthr    rwait
   all             363    59.76    16.73    10.96     9.32     0.24     0.42     7.51     0.00     0.38     2.50    16.41     0.02     0.35     0.98    25.36     0.78
   >=bar           361    59.79    16.73    10.96     9.34     0.24     0.42     7.53     0.00     0.38     2.50    16.41     0.02     0.35     0.98    25.36     0.78
   <bar              2    19.19    53.66    49.30     4.36     0.00     0.09     2.96     1.31     0.00     0.60    35.78     0.14    17.75     0.67    35.96     0.82
   <bar p10          1    15.93    62.78    54.99     7.79     0.00     0.08     5.49     2.21     0.00     0.40    40.45     0.15    22.18     0.63    37.30     0.38
