result: shader_cache=cleared: apk 32c8a1eb5468 -> 17fff996dc38 on this device device=nova apk=17fff996dc38 ref=cf5144dddb
216 [shd413] lines with #569 fields, 0 unparsed
hms          dt_ms dpm dsm dvm   dpc_ms  dpn dfb dfbh  dfb_ms   dvs  dfs   sru/m  snu/m  dgl_ms dsmod dsv_ms  kd                 dins_us
16:18:09.586      0  12  10  27   1221.1   12  12   0   1220.9   132    55  11/11   19/19   171.9  184.2    0.2  4/5/5/4/0/3/0/0/5    31.4
16:18:10.587   1000   0   0   0      0.0    0   0   0      0.0     0     0   0/0     0/0      0.0    0.0    0.0  0/0/0/0/0/0/0/0/0     0.0
16:18:11.588   1000   0   0   0      0.0    0   0   0      0.0     0     0   0/0     0/0      0.0    0.0    0.0  0/0/0/0/0/0/0/0/0     0.0
16:18:12.589   1001   0   0   0      0.0    0   0   0      0.0     0     0   0/0     0/0      0.0    0.0    0.0  0/0/0/0/0/0/0/0/0     0.0
16:18:13.590   1000   0   0   0      0.0    0   0   0      0.0     0     0   0/0     0/0      0.0    0.0    0.0  0/0/0/0/0/0/0/0/0     0.0
16:18:14.591   1001   0   0   0      0.0    0   0   0      0.0     0     0   0/0     0/0      0.0    0.0    0.0  0/0/0/0/0/0/0/0/0     0.0
16:18:15.592   1001   0   0   0      0.0    0   0   0      0.0     0     0   0/0     0/0      0.0    0.0    0.0  0/0/0/0/0/0/0/0/0     0.0
16:18:16.593   1001   0   0   0      0.0    0   0   0      0.0     0     0   0/0     0/0      0.0    0.0    0.0  0/0/0/0/0/0/0/0/0     0.0
16:18:17.594   1000   0   0   0      0.0    0   0   0      0.0     0     0   0/0     0/0      0.0    0.0    0.0  0/0/0/0/0/0/0/0/0     0.0
16:18:18.595   1001   0   0   0      0.0    0   0   0      0.0     0     0   0/0     0/0      0.0    0.0    0.0  0/0/0/0/0/0/0/0/0     0.0
16:18:19.596   1000   0   0   0      0.0    0   0   0      0.0     0     0   0/0     0/0      0.0    0.0    0.0  0/0/0/0/0/0/0/0/0     0.0
16:18:20.597   1001   0   0   0      0.0    0   0   0      0.0     0     0   0/0     0/0      0.0    0.0    0.0  0/0/0/0/0/0/0/0/0     0.0
16:18:21.598   1001   0   0   0      0.0    0   0   0      0.0     0     0   0/0     0/0      0.0    0.0    0.0  0/0/0/0/0/0/0/0/0     0.0
16:18:22.670   1072   0   0   0      0.0    0   0   0      0.0     0     0   0/0     0/0      0.0    0.0    0.0  0/0/0/0/0/0/0/0/0     0.0
16:18:23.670    999   0   0   0      0.0    0   0   0      0.0     0     0   0/0     0/0      0.0    0.0    0.0  0/0/0/0/0/0/0/0/0     0.0
16:18:24.671   1001   0   0   0      0.0    0   0   0      0.0     0     0   0/0     0/0      0.0    0.0    0.0  0/0/0/0/0/0/0/0/0     0.0
16:18:25.672   1000   0   0   0      0.0    0   0   0      0.0     0     0   0/0     0/0      0.0    0.0    0.0  0/0/0/0/0/0/0/0/0     0.0
16:18:26.673   1001   0   0   0      0.0    0   0   0      0.0     0     0   0/0     0/0      0.0    0.0    0.0  0/0/0/0/0/0/0/0/0     0.0
16:18:27.674   1000   0   0   0      0.0    0   0   0      0.0     0     0   0/0     0/0      0.0    0.0    0.0  0/0/0/0/0/0/0/0/0     0.0
16:18:28.675   1001   0   0   0      0.0    0   0   0      0.0     0     0   0/0     0/0      0.0    0.0    0.0  0/0/0/0/0/0/0/0/0     0.0
16:18:29.676   1000   0   0   0      0.0    0   0   0      0.0     0     0   0/0     0/0      0.0    0.0    0.0  0/0/0/0/0/0/0/0/0     0.0
16:18:30.677   1001   0   0   0      0.0    0   0   0      0.0     0     0   0/0     0/0      0.0    0.0    0.0  0/0/0/0/0/0/0/0/0     0.0
16:18:31.678   1001   0   0   0      0.0    0   0   0      0.0     0     0   0/0     0/0      0.0    0.0    0.0  0/0/0/0/0/0/0/0/0     0.0
16:18:32.679   1000   0   0   0      0.0    0   0   0      0.0     0     0   0/0     0/0      0.0    0.0    0.0  0/0/0/0/0/0/0/0/0     0.0
16:18:33.680   1001   0   0   0      0.0    0   0   0      0.0     0     0   0/0     0/0      0.0    0.0    0.0  0/0/0/0/0/0/0/0/0     0.0
16:18:34.681   1001   0   0   0      0.0    0   0   0      0.0     0     0   0/0     0/0      0.0    0.0    0.0  0/0/0/0/0/0/0/0/0     0.0
16:18:35.682   1000   0   0   0      0.0    0   0   0      0.0     0     0   0/0     0/0      0.0    0.0    0.0  0/0/0/0/0/0/0/0/0     0.0
16:18:36.683   1001   0   0   0      0.0    0   0   0      0.0     0     0   0/0     0/0      0.0    0.0    0.0  0/0/0/0/0/0/0/0/0     0.0
16:18:37.684   1001   0   0   0      0.0    0   0   0      0.0     0     0   0/0     0/0      0.0    0.0    0.0  0/0/0/0/0/0/0/0/0     0.0
16:18:38.685   1000   0   0   0      0.0    0   0   0      0.0     0     0   0/0     0/0      0.0    0.0    0.0  0/0/0/0/0/0/0/0/0     0.0
16:18:39.686   1001   0   0   0      0.0    0   0   0      0.0     0     0   0/0     0/0      0.0    0.0    0.0  0/0/0/0/0/0/0/0/0     0.0
16:18:40.687   1001   0   0   0      0.0    0   0   0      0.0     0     0   0/0     0/0      0.0    0.0    0.0  0/0/0/0/0/0/0/0/0     0.0
16:18:41.689   1001   0   0   0      0.0    0   0   0      0.0     0     0   0/0     0/0      0.0    0.0    0.0  0/0/0/0/0/0/0/0/0     0.0
16:18:42.689   1000   0   0   0      0.0    0   0   0      0.0     0     0   0/0     0/0      0.0    0.0    0.0  0/0/0/0/0/0/0/0/0     0.0
16:18:43.691   1001   0   0   0      0.0    0   0   0      0.0     0     0   0/0     0/0      0.0    0.0    0.0  0/0/0/0/0/0/0/0/0     0.0
16:18:44.692   1001   0   0   0      0.0    0   0   0      0.0     0     0   0/0     0/0      0.0    0.0    0.0  0/0/0/0/0/0/0/0/0     0.0
16:18:45.692   1000   0   0   0      0.0    0   0   0      0.0     0     0   0/0     0/0      0.0    0.0    0.0  0/0/0/0/0/0/0/0/0     0.0
16:18:46.694   1001   0   0   0      0.0    0   0   0      0.0     0     0   0/0     0/0      0.0    0.0    0.0  0/0/0/0/0/0/0/0/0     0.0
16:18:47.695   1001   0   0   0      0.0    0   0   0      0.0     0     0   0/0     0/0      0.0    0.0    0.0  0/0/0/0/0/0/0/0/0     0.0
16:18:48.696   1000   0   0   0      0.0    0   0   0      0.0     0     0   0/0     0/0      0.0    0.0    0.0  0/0/0/0/0/0/0/0/0     0.0
16:18:49.697   1001   0   0   0      0.0    0   0   0      0.0     0     0   0/0     0/0      0.0    0.0    0.0  0/0/0/0/0/0/0/0/0     0.0
16:18:50.698   1000   0   0   0      0.0    0   0   0      0.0     0     0   0/0     0/0      0.0    0.0    0.0  0/0/0/0/0/0/0/0/0     0.0
16:18:51.699   1000   0   0   0      0.0    0   0   0      0.0     0     0   0/0     0/0      0.0    0.0    0.0  0/0/0/0/0/0/0/0/0     0.0
16:18:52.700   1001   0   0   0      0.0    0   0   0      0.0     0     0   0/0     0/0      0.0    0.0    0.0  0/0/0/0/0/0/0/0/0     0.0
16:18:53.701   1000   0   0   0      0.0    0   0   0      0.0     0     0   0/0     0/0      0.0    0.0    0.0  0/0/0/0/0/0/0/0/0     0.0
16:18:54.702   1001   0   0   0      0.0    0   0   0      0.0     0     0   0/0     0/0      0.0    0.0    0.0  0/0/0/0/0/0/0/0/0     0.0
16:18:56.100   1398   1   1   2    124.2    1   1   0    124.2     5     5   1/1     2/2     10.5   11.7   13.7  0/0/0/0/0/0/0/0/1     1.9
16:18:58.102   2001   0   0   0      0.0    0   0   0      0.0     0     0   0/0     0/0      0.0    0.0    0.0  0/0/0/0/0/0/0/0/0     0.0
16:19:00.104   2002   0   0   0      0.0    0   0   0      0.0     0     0   0/0     0/0      0.0    0.0    0.0  0/0/0/0/0/0/0/0/0     0.0
16:19:02.106   2002   0   0   0      0.0    0   0   0      0.0     0     0   0/0     0/0      0.0    0.0    0.0  0/0/0/0/0/0/0/0/0     0.0
16:19:04.108   2002   0   0   0      0.0    0   0   0      0.0     0     0   0/0     0/0      0.0    0.0    0.0  0/0/0/0/0/0/0/0/0     0.0
16:19:06.110   2001   0   0   0      0.0    0   0   0      0.0     0     0   0/0     0/0      0.0    0.0    0.0  0/0/0/0/0/0/0/0/0     0.0
16:19:08.113   2003   0   0   0      0.0    0   0   0      0.0     0     0   0/0     0/0      0.0    0.0    0.0  0/0/0/0/0/0/0/0/0     0.0
   -- mark booted
16:19:10.235   2121   1   1   1    102.1    1   1   0    102.1     6     4   2/2     1/1      5.5    6.3    0.0  0/0/0/0/0/0/0/0/1     2.8
16:19:12.237   2001   0   0   0      0.0    0   0   0      0.0     0     0   0/0     0/0      0.0    0.0    0.0  0/0/0/0/0/0/0/0/0     0.0
16:19:14.239   2002   0   0   0      0.0    0   0   0      0.0     0     0   0/0     0/0      0.0    0.0    0.0  0/0/0/0/0/0/0/0/0     0.0
16:19:16.241   2002   0   0   0      0.0    0   0   0      0.0     0     0   0/0     0/0      0.0    0.0    0.0  0/0/0/0/0/0/0/0/0     0.0
16:19:30.068  13826  26  23  24  12271.1   26  26   0  12270.7  8519   153  45/45   24/24   136.2  152.3    9.8  1/15/21/12/0/3/0/0/2   68.1
16:19:31.240   1171   0   0   0      0.0    0   0   0      0.0     0     0   0/0     0/0      0.0    0.0    0.0  0/0/0/0/0/0/0/0/0     0.0
16:19:33.479   2238   1   1   1    934.3    1   1   0    934.3   782     6   2/2     1/1      5.3    6.1    0.0  0/0/1/0/0/0/0/0/0     4.2
16:19:34.997   1518   1   1   0      0.0    1   1   0      0.0     0     0   0/0     0/0      0.0    1.0    0.0  0/0/0/1/0/0/0/0/0     2.4
16:19:36.679   1682   0   0   0      0.0    0   0   0      0.0     0     0   0/0     0/0      0.0    0.0    0.0  0/0/0/0/0/0/0/0/0     0.0
16:19:38.375   1695   0   0   0      0.0    0   0   0      0.0     0     0   0/0     0/0      0.0    0.0    0.0  0/0/0/0/0/0/0/0/0     0.0
16:19:40.247   1871   0   0   0      0.0    0   0   0      0.0     0     0   0/0     0/0      0.0    0.0    0.0  0/0/0/0/0/0/0/0/0     0.0
16:19:41.992   1744   0   0   0      0.0    0   0   0      0.0     0     0   0/0     0/0      0.0    0.0    0.0  0/0/0/0/0/0/0/0/0     0.0
16:19:47.849   5857   9   9   8   3943.9    9   9   0   3943.7  2530    55  19/19    8/8     38.2   43.0    0.0  2/5/8/5/0/3/0/0/1    27.8
16:19:50.063   2213   0   0   0      0.0    0   0   0      0.0     0     0   0/0     0/0      0.0    0.0    0.0  0/0/0/0/0/0/0/0/0     0.0
16:19:52.116   2053   0   0   0      0.0    0   0   0      0.0     0     0   0/0     0/0      0.0    0.0    0.0  0/0/0/0/0/0/0/0/0     0.0
16:19:53.852   1735   3   2   2    178.7    3   3   0    178.6    10     8   3/3     3/3      9.0   11.0    0.0  0/0/0/1/0/0/0/0/2     5.9
16:20:01.034   7182  10   8   3   5954.1   10  10   0   5954.0  4975    40  18/18    3/3     24.1   31.5   24.0  1/3/7/4/0/1/2/0/1    23.0
16:20:02.244   1210   0   0   0      0.0    0   0   0      0.0     0     0   0/0     0/0      0.0    0.0    0.0  0/0/0/0/0/0/0/0/0     0.0
16:20:03.410   1166   0   0   0      0.0    0   0   0      0.0     0     0   0/0     0/0      0.0    0.0    0.0  0/0/0/0/0/0/0/0/0     0.0
16:20:04.601   1190   0   0   0      0.0    0   0   0      0.0     0     0   0/0     0/0      0.0    0.0    0.0  0/0/0/0/0/0/0/0/0     0.0
16:20:05.705   1104   0   0   0      0.0    0   0   0      0.0     0     0   0/0     0/0      0.0    0.0    0.0  0/0/0/0/0/0/0/0/0     0.0
16:20:06.706   1000   0   0   0      0.0    0   0   0      0.0     0     0   0/0     0/0      0.0    0.0    0.0  0/0/0/0/0/0/0/0/0     0.0
16:20:07.707   1001   0   0   0      0.0    0   0   0      0.0     0     0   0/0     0/0      0.0    0.0    0.0  0/0/0/0/0/0/0/0/0     0.0
16:20:08.709   1002   0   0   0      0.0    0   0   0      0.0     0     0   0/0     0/0      0.0    0.0    0.0  0/0/0/0/0/0/0/0/0     0.0
16:20:09.710   1000   0   0   0      0.0    0   0   0      0.0     0     0   0/0     0/0      0.0    0.0    0.0  0/0/0/0/0/0/0/0/0     0.0
16:20:10.769   1059   1   0   0      0.0    1   1   0      0.0     0     0   0/0     0/0      0.0    0.0    0.0  0/0/0/1/0/0/0/0/0     1.9
16:20:12.481   1711   0   0   0      0.0    0   0   0      0.0     0     0   0/0     0/0      0.0    0.0    0.0  0/0/0/0/0/0/0/0/0     0.0
16:20:14.004   1522   1   0   0      0.0    1   1   0      0.0     0     0   0/0     0/0      0.0    0.0    0.0  0/0/1/1/0/0/0/0/0     1.7
16:20:15.217   1213   0   0   0      0.0    0   0   0      0.0     0     0   0/0     0/0      0.0    0.0    0.0  0/0/0/0/0/0/0/0/0     0.0
16:20:20.681   5463  13  12   8   4061.4   13  13   0   4061.2  2265    79  28/28    8/8     49.8   55.6    0.0  0/10/8/3/1/2/0/1/0   37.2
16:20:22.646   1965   1   1   1    499.9    1   1   0    499.9   321     8   2/2     1/1     11.7   15.8    0.0  0/1/1/1/0/0/0/0/0     4.4
16:20:25.385   2738   2   2   2   1373.5    2   2   0   1373.5  1051    13   4/4     2/2     14.3   16.6    0.0  0/2/2/0/0/0/0/0/0     6.6
16:20:27.199   1814   1   1   1    503.6    1   1   0    503.6   370     7   2/2     1/1      7.0    8.4    0.0  0/1/1/1/0/0/0/0/0     4.3
16:20:30.886   3687   4   4   2   1838.9    4   4   0   1838.8  1158    25  10/10    2/2     21.6   27.1   29.6  0/4/4/1/0/1/0/0/0    14.3
16:20:33.855   2968   0   0   0      0.0    0   0   0      0.0     0     0   0/0     0/0      0.0    0.0    0.0  0/0/0/0/0/0/0/0/0     0.0
16:20:36.764   2909   0   0   0      0.0    0   0   0      0.0     0     0   0/0     0/0      0.0    0.0    0.0  0/0/0/0/0/0/0/0/0     0.0
16:20:39.832   3067   0   0   0      0.0    0   0   0      0.0     0     0   0/0     0/0      0.0    0.0    0.0  0/0/0/0/0/0/0/0/0     0.0
16:20:42.925   3093   0   0   0      0.0    0   0   0      0.0     0     0   0/0     0/0      0.0    0.0    0.0  0/0/0/0/0/0/0/0/0     0.0
16:20:45.134   2208   0   0   0      0.0    0   0   0      0.0     0     0   0/0     0/0      0.0    0.0    0.0  0/0/0/0/0/0/0/0/0     0.0
16:20:47.207   2072   0   0   0      0.0    0   0   0      0.0     0     0   0/0     0/0      0.0    0.0    0.0  0/0/0/0/0/0/0/0/0     0.0
16:20:49.228   2020   0   0   0      0.0    0   0   0      0.0     0     0   0/0     0/0      0.0    0.0    0.0  0/0/0/0/0/0/0/0/0     0.0
16:20:51.948   2720   0   0   0      0.0    0   0   0      0.0     0     0   0/0     0/0      0.0    0.0    0.0  0/0/0/0/0/0/0/0/0     0.0
16:20:54.539   2590   0   0   0      0.0    0   0   0      0.0     0     0   0/0     0/0      0.0    0.0    0.0  0/0/0/0/0/0/0/0/0     0.0
16:20:56.850   2311   0   0   0      0.0    0   0   0      0.0     0     0   0/0     0/0      0.0    0.0    0.0  0/0/0/0/0/0/0/0/0     0.0
16:20:58.843   1993   0   0   0      0.0    0   0   0      0.0     0     0   0/0     0/0      0.0    0.0    0.0  0/0/0/0/0/0/0/0/0     0.0
16:21:00.731   1888   0   0   0      0.0    0   0   0      0.0     0     0   0/0     0/0      0.0    0.0    0.0  0/0/0/0/0/0/0/0/0     0.0
16:21:02.969   2237   0   0   0      0.0    0   0   0      0.0     0     0   0/0     0/0      0.0    0.0    0.0  0/0/0/0/0/0/0/0/0     0.0
16:21:05.107   2138   0   0   0      0.0    0   0   0      0.0     0     0   0/0     0/0      0.0    0.0    0.0  0/0/0/0/0/0/0/0/0     0.0
16:21:07.490   2382   0   0   0      0.0    0   0   0      0.0     0     0   0/0     0/0      0.0    0.0    0.0  0/0/0/0/0/0/0/0/0     0.0
16:21:09.856   2366   0   0   0      0.0    0   0   0      0.0     0     0   0/0     0/0      0.0    0.0    0.0  0/0/0/0/0/0/0/0/0     0.0
16:21:11.824   1967   0   0   0      0.0    0   0   0      0.0     0     0   0/0     0/0      0.0    0.0    0.0  0/0/0/0/0/0/0/0/0     0.0
16:21:13.743   1918   0   0   0      0.0    0   0   0      0.0     0     0   0/0     0/0      0.0    0.0    0.0  0/0/0/0/0/0/0/0/0     0.0
16:21:15.742   1999   0   0   0      0.0    0   0   0      0.0     0     0   0/0     0/0      0.0    0.0    0.0  0/0/0/0/0/0/0/0/0     0.0
16:21:18.633   2891   0   0   0      0.0    0   0   0      0.0     0     0   0/0     0/0      0.0    0.0    0.0  0/0/0/0/0/0/0/0/0     0.0
16:21:21.268   2635   0   0   0      0.0    0   0   0      0.0     0     0   0/0     0/0      0.0    0.0    0.0  0/0/0/0/0/0/0/0/0     0.0
16:21:23.271   2002   0   0   0      0.0    0   0   0      0.0     0     0   0/0     0/0      0.0    0.0    0.0  0/0/0/0/0/0/0/0/0     0.0
16:21:25.224   1952   0   0   0      0.0    0   0   0      0.0     0     0   0/0     0/0      0.0    0.0    0.0  0/0/0/0/0/0/0/0/0     0.0
16:21:27.043   1819   0   0   0      0.0    0   0   0      0.0     0     0   0/0     0/0      0.0    0.0    0.0  0/0/0/0/0/0/0/0/0     0.0
16:21:28.871   1827   0   0   0      0.0    0   0   0      0.0     0     0   0/0     0/0      0.0    0.0    0.0  0/0/0/0/0/0/0/0/0     0.0
16:21:30.596   1725   0   0   0      0.0    0   0   0      0.0     0     0   0/0     0/0      0.0    0.0    0.0  0/0/0/0/0/0/0/0/0     0.0
16:21:32.385   1789   0   0   0      0.0    0   0   0      0.0     0     0   0/0     0/0      0.0    0.0    0.0  0/0/0/0/0/0/0/0/0     0.0
16:21:34.467   2081   0   0   0      0.0    0   0   0      0.0     0     0   0/0     0/0      0.0    0.0    0.0  0/0/0/0/0/0/0/0/0     0.0
16:21:36.435   1968   0   0   0      0.0    0   0   0      0.0     0     0   0/0     0/0      0.0    0.0    0.0  0/0/0/0/0/0/0/0/0     0.0
16:21:38.020   1584   0   0   0      0.0    0   0   0      0.0     0     0   0/0     0/0      0.0    0.0    0.0  0/0/0/0/0/0/0/0/0     0.0
16:21:39.180   1159   0   0   0      0.0    0   0   0      0.0     0     0   0/0     0/0      0.0    0.0    0.0  0/0/0/0/0/0/0/0/0     0.0
16:21:40.559   1379   2   1   0    135.4    2   2   0    135.4    11     5   3/3     0/0      0.0    0.0   30.7  0/0/0/0/0/0/0/0/2     2.5
16:21:41.778   1219   0   0   0      0.0    0   0   0      0.0     0     0   0/0     0/0      0.0    0.0    0.0  0/0/0/0/0/0/0/0/0     0.0
16:21:43.198   1420   0   0   0      0.0    0   0   0      0.0     0     0   0/0     0/0      0.0    0.0    0.0  0/0/0/0/0/0/0/0/0     0.0
16:21:44.660   1462   0   0   0      0.0    0   0   0      0.0     0     0   0/0     0/0      0.0    0.0    0.0  0/0/0/0/0/0/0/0/0     0.0
16:21:46.119   1458   0   0   0      0.0    0   0   0      0.0     0     0   0/0     0/0      0.0    0.0    0.0  0/0/0/0/0/0/0/0/0     0.0
16:21:48.212   2092   0   0   0      0.0    0   0   0      0.0     0     0   0/0     0/0      0.0    0.0    0.0  0/0/0/0/0/0/0/0/0     0.0
16:21:50.623   2411   0   0   0      0.0    0   0   0      0.0     0     0   0/0     0/0      0.0    0.0    0.0  0/0/0/0/0/0/0/0/0     0.0
16:21:53.595   2971   0   0   0      0.0    0   0   0      0.0     0     0   0/0     0/0      0.0    0.0    0.0  0/0/0/0/0/0/0/0/0     0.0
16:21:56.806   3211   0   0   0      0.0    0   0   0      0.0     0     0   0/0     0/0      0.0    0.0    0.0  0/0/0/0/0/0/0/0/0     0.0
16:21:59.947   3140   0   0   0      0.0    0   0   0      0.0     0     0   0/0     0/0      0.0    0.0    0.0  0/0/0/0/0/0/0/0/0     0.0
16:22:02.283   2336   0   0   0      0.0    0   0   0      0.0     0     0   0/0     0/0      0.0    0.0    0.0  0/0/0/0/0/0/0/0/0     0.0
16:22:04.552   2269   0   0   0      0.0    0   0   0      0.0     0     0   0/0     0/0      0.0    0.0    0.0  0/0/0/0/0/0/0/0/0     0.0
   -- mark play
16:22:06.671   2118   0   0   0      0.0    0   0   0      0.0     0     0   0/0     0/0      0.0    0.0    0.0  0/0/0/0/0/0/0/0/0     0.0
16:22:08.837   2166   0   0   0      0.0    0   0   0      0.0     0     0   0/0     0/0      0.0    0.0    0.0  0/0/0/0/0/0/0/0/0     0.0
16:22:10.998   2161   0   0   0      0.0    0   0   0      0.0     0     0   0/0     0/0      0.0    0.0    0.0  0/0/0/0/0/0/0/0/0     0.0
16:22:13.249   2250   0   0   0      0.0    0   0   0      0.0     0     0   0/0     0/0      0.0    0.0    0.0  0/0/0/0/0/0/0/0/0     0.0
16:22:15.096   1846   0   0   0      0.0    0   0   0      0.0     0     0   0/0     0/0      0.0    0.0    0.0  0/0/0/0/0/0/0/0/0     0.0
16:22:17.011   1915   0   0   0      0.0    0   0   0      0.0     0     0   0/0     0/0      0.0    0.0    0.0  0/0/0/0/0/0/0/0/0     0.0
16:22:18.924   1912   0   0   0      0.0    0   0   0      0.0     0     0   0/0     0/0      0.0    0.0    0.0  0/0/0/0/0/0/0/0/0     0.0
16:22:20.721   1796   0   0   0      0.0    0   0   0      0.0     0     0   0/0     0/0      0.0    0.0    0.0  0/0/0/0/0/0/0/0/0     0.0
16:22:22.613   1891   0   0   0      0.0    0   0   0      0.0     0     0   0/0     0/0      0.0    0.0    0.0  0/0/0/0/0/0/0/0/0     0.0
16:22:24.468   1855   0   0   0      0.0    0   0   0      0.0     0     0   0/0     0/0      0.0    0.0    0.0  0/0/0/0/0/0/0/0/0     0.0
16:22:26.368   1899   0   0   0      0.0    0   0   0      0.0     0     0   0/0     0/0      0.0    0.0    0.0  0/0/0/0/0/0/0/0/0     0.0
16:22:28.133   1765   0   0   0      0.0    0   0   0      0.0     0     0   0/0     0/0      0.0    0.0    0.0  0/0/0/0/0/0/0/0/0     0.0
16:22:29.932   1798   0   0   0      0.0    0   0   0      0.0     0     0   0/0     0/0      0.0    0.0    0.0  0/0/0/0/0/0/0/0/0     0.0
16:22:31.760   1828   0   0   0      0.0    0   0   0      0.0     0     0   0/0     0/0      0.0    0.0    0.0  0/0/0/0/0/0/0/0/0     0.0
16:22:33.597   1836   0   0   0      0.0    0   0   0      0.0     0     0   0/0     0/0      0.0    0.0    0.0  0/0/0/0/0/0/0/0/0     0.0
16:22:35.503   1906   0   0   0      0.0    0   0   0      0.0     0     0   0/0     0/0      0.0    0.0    0.0  0/0/0/0/0/0/0/0/0     0.0
16:22:37.361   1857   0   0   0      0.0    0   0   0      0.0     0     0   0/0     0/0      0.0    0.0    0.0  0/0/0/0/0/0/0/0/0     0.0
16:22:39.290   1929   0   0   0      0.0    0   0   0      0.0     0     0   0/0     0/0      0.0    0.0    0.0  0/0/0/0/0/0/0/0/0     0.0
16:22:41.132   1841   0   0   0      0.0    0   0   0      0.0     0     0   0/0     0/0      0.0    0.0    0.0  0/0/0/0/0/0/0/0/0     0.0
16:22:42.892   1760   0   0   0      0.0    0   0   0      0.0     0     0   0/0     0/0      0.0    0.0    0.0  0/0/0/0/0/0/0/0/0     0.0
16:22:44.752   1859   0   0   0      0.0    0   0   0      0.0     0     0   0/0     0/0      0.0    0.0    0.0  0/0/0/0/0/0/0/0/0     0.0
16:22:46.604   1852   0   0   0      0.0    0   0   0      0.0     0     0   0/0     0/0      0.0    0.0    0.0  0/0/0/0/0/0/0/0/0     0.0
16:22:48.512   1907   0   0   0      0.0    0   0   0      0.0     0     0   0/0     0/0      0.0    0.0    0.0  0/0/0/0/0/0/0/0/0     0.0
16:22:50.448   1936   0   0   0      0.0    0   0   0      0.0     0     0   0/0     0/0      0.0    0.0    0.0  0/0/0/0/0/0/0/0/0     0.0
16:22:51.644   1195   0   0   0      0.0    0   0   0      0.0     0     0   0/0     0/0      0.0    0.0    0.0  0/0/0/0/0/0/0/0/0     0.0
16:22:52.732   1087   0   0   0      0.0    0   0   0      0.0     0     0   0/0     0/0      0.0    0.0    0.0  0/0/0/0/0/0/0/0/0     0.0
16:22:53.806   1074   0   0   0      0.0    0   0   0      0.0     0     0   0/0     0/0      0.0    0.0    0.0  0/0/0/0/0/0/0/0/0     0.0
16:22:55.026   1219   0   0   0      0.0    0   0   0      0.0     0     0   0/0     0/0      0.0    0.0    0.0  0/0/0/0/0/0/0/0/0     0.0
16:22:56.292   1265   0   0   0      0.0    0   0   0      0.0     0     0   0/0     0/0      0.0    0.0    0.0  0/0/0/0/0/0/0/0/0     0.0
16:22:57.452   1160   0   0   0      0.0    0   0   0      0.0     0     0   0/0     0/0      0.0    0.0    0.0  0/0/0/0/0/0/0/0/0     0.0
16:22:58.838   1385   0   0   0      0.0    0   0   0      0.0     0     0   0/0     0/0      0.0    0.0    0.0  0/0/0/0/0/0/0/0/0     0.0
16:23:00.303   1464   0   0   0      0.0    0   0   0      0.0     0     0   0/0     0/0      0.0    0.0    0.0  0/0/0/0/0/0/0/0/0     0.0
16:23:01.654   1351   0   0   0      0.0    0   0   0      0.0     0     0   0/0     0/0      0.0    0.0    0.0  0/0/0/0/0/0/0/0/0     0.0
16:23:03.024   1369   0   0   0      0.0    0   0   0      0.0     0     0   0/0     0/0      0.0    0.0    0.0  0/0/0/0/0/0/0/0/0     0.0
16:23:04.605   1580   0   0   0      0.0    0   0   0      0.0     0     0   0/0     0/0      0.0    0.0    0.0  0/0/0/0/0/0/0/0/0     0.0
16:23:05.996   1391   0   0   0      0.0    0   0   0      0.0     0     0   0/0     0/0      0.0    0.0    0.0  0/0/0/0/0/0/0/0/0     0.0
16:23:07.521   1525   0   0   0      0.0    0   0   0      0.0     0     0   0/0     0/0      0.0    0.0    0.0  0/0/0/0/0/0/0/0/0     0.0
16:23:09.011   1489   0   0   0      0.0    0   0   0      0.0     0     0   0/0     0/0      0.0    0.0    0.0  0/0/0/0/0/0/0/0/0     0.0
16:23:10.501   1490   0   0   0      0.0    0   0   0      0.0     0     0   0/0     0/0      0.0    0.0    0.0  0/0/0/0/0/0/0/0/0     0.0
16:23:12.048   1546   0   0   0      0.0    0   0   0      0.0     0     0   0/0     0/0      0.0    0.0    0.0  0/0/0/0/0/0/0/0/0     0.0
16:23:13.410   1361   0   0   0      0.0    0   0   0      0.0     0     0   0/0     0/0      0.0    0.0    0.0  0/0/0/0/0/0/0/0/0     0.0
16:23:14.917   1506   0   0   0      0.0    0   0   0      0.0     0     0   0/0     0/0      0.0    0.0    0.0  0/0/0/0/0/0/0/0/0     0.0
16:23:16.290   1373   0   0   0      0.0    0   0   0      0.0     0     0   0/0     0/0      0.0    0.0    0.0  0/0/0/0/0/0/0/0/0     0.0
16:23:17.651   1361   0   0   0      0.0    0   0   0      0.0     0     0   0/0     0/0      0.0    0.0    0.0  0/0/0/0/0/0/0/0/0     0.0
16:23:18.987   1335   0   0   0      0.0    0   0   0      0.0     0     0   0/0     0/0      0.0    0.0    0.0  0/0/0/0/0/0/0/0/0     0.0
16:23:20.373   1386   0   0   0      0.0    0   0   0      0.0     0     0   0/0     0/0      0.0    0.0    0.0  0/0/0/0/0/0/0/0/0     0.0
16:23:26.213   5839  10   9   6   3955.1   10  10   0   3954.9  2500    62  21/21    6/6     41.8   52.2   30.5  0/7/7/3/0/2/0/0/1    25.6
16:23:28.709   2496   4   4   3   1482.4    4   4   0   1482.3   863    27   9/9     3/3     17.8   19.7    0.0  0/4/3/0/0/1/0/0/0    13.4
16:23:30.278   1569   1   1   0    156.3    1   1   0    156.2    29     5   3/3     0/0      0.0    0.0    0.0  0/0/1/1/0/0/0/0/0     2.4
16:23:31.386   1108   0   0   0      0.0    0   0   0      0.0     0     0   0/0     0/0      0.0    0.0    0.0  0/0/0/0/0/0/0/0/0     0.0
16:23:32.388   1001   0   0   0      0.0    0   0   0      0.0     0     0   0/0     0/0      0.0    0.0    0.0  0/0/0/0/0/0/0/0/0     0.0
16:23:33.388   1000   0   0   0      0.0    0   0   0      0.0     0     0   0/0     0/0      0.0    0.0    0.0  0/0/0/0/0/0/0/0/0     0.0
16:23:34.392   1003   0   0   0      0.0    0   0   0      0.0     0     0   0/0     0/0      0.0    0.0    0.0  0/0/0/0/0/0/0/0/0     0.0
16:23:37.414   3022   2   2   1   2000.9    2   2   0   2000.8  1640    16   5/5     1/1     12.0   16.7    0.0  1/2/2/2/0/1/0/0/0     9.9
16:23:38.410    996   0   0   0      0.0    0   0   0      0.0     0     0   0/0     0/0      0.0    0.0    0.0  0/0/0/0/0/0/0/0/0     0.0
16:23:39.854   1443   0   0   0      0.0    0   0   0      0.0     0     0   0/0     0/0      0.0    0.0    0.0  0/0/0/0/0/0/0/0/0     0.0
16:23:41.215   1361   0   0   0      0.0    0   0   0      0.0     0     0   0/0     0/0      0.0    0.0    0.0  0/0/0/0/0/0/0/0/0     0.0
16:23:42.379   1163   0   0   0      0.0    0   0   0      0.0     0     0   0/0     0/0      0.0    0.0    0.0  0/0/0/0/0/0/0/0/0     0.0
16:23:48.172   5793  30  30  10   4391.2   30  30   0   4390.9  2563    76  23/23   10/10    64.1   76.8    0.0  6/18/21/12/0/6/0/0/1   44.6
16:23:53.193   5020   4   4   2   2805.5    4   4   0   2805.4  2131    14   6/6     3/3     13.5   15.9   42.1  0/2/3/2/0/1/0/0/1    12.7
16:23:59.923   6730   7   6   3   4882.0    7   7   0   4881.9  3981    35  10/10    5/5     19.0   22.7    0.0  0/6/5/4/1/1/0/1/0    20.3
16:24:01.882   1958   0   0   0      0.0    0   0   0      0.0     0     0   0/0     0/0      0.0    0.0    0.0  0/0/0/0/0/0/0/0/0     0.0
16:24:03.909   2026   0   0   0      0.0    0   0   0      0.0     0     0   0/0     0/0      0.0    0.0    0.0  0/0/0/0/0/0/0/0/0     0.0
16:24:07.473   3563   1   1   0      0.0    1   1   0      0.0     0     0   0/0     0/0      0.0    0.0    0.0  0/0/1/1/0/0/0/0/0     1.2
16:24:11.100   3627   0   0   0      0.0    0   0   0      0.0     0     0   0/0     0/0      0.0    0.0    0.0  0/0/0/0/0/0/0/0/0     0.0
16:24:15.038   3938   0   0   0      0.0    0   0   0      0.0     0     0   0/0     0/0      0.0    0.0    0.0  0/0/0/0/0/0/0/0/0     0.0
16:24:18.967   3929   0   0   0      0.0    0   0   0      0.0     0     0   0/0     0/0      0.0    0.0    0.0  0/0/0/0/0/0/0/0/0     0.0
16:24:23.317   4349   0   0   0      0.0    0   0   0      0.0     0     0   0/0     0/0      0.0    0.0    0.0  0/0/0/0/0/0/0/0/0     0.0
16:24:26.211   2893   0   0   0      0.0    0   0   0      0.0     0     0   0/0     0/0      0.0    0.0    0.0  0/0/0/0/0/0/0/0/0     0.0
16:24:28.707   2496   3   2   2     34.7    3   3   0     34.7    28     4   0/0     2/2     12.4   14.5   44.0  0/2/2/2/1/2/1/1/0     5.7
16:24:33.290   4582   4   4   1   1476.3    4   4   0   1476.2  1059    15   4/4     2/2      7.3   10.4    0.0  0/4/3/3/1/2/1/0/0    12.4
16:24:37.125   3835   0   0   0      0.0    0   0   0      0.0     0     0   0/0     0/0      0.0    0.0    0.0  0/0/0/0/0/0/0/0/0     0.0
16:24:42.330   5205   3   3   3   1651.9    3   3   0   1651.9  1101    22   6/6     3/3     16.7   18.6    0.0  0/3/3/1/0/1/0/0/0    10.2
16:24:46.204   3873   0   0   0      0.0    0   0   0      0.0     0     0   0/0     0/0      0.0    0.0    0.0  0/0/0/0/0/0/0/0/0     0.0
16:24:50.062   3857   1   1   1    150.8    1   1   0    150.8    26     7   2/2     1/1      7.7    8.8    0.0  0/1/1/0/0/1/0/0/0     4.0
16:24:53.831   3769   0   0   0      0.0    0   0   0      0.0     0     0   0/0     0/0      0.0    0.0    0.0  0/0/0/0/0/0/0/0/0     0.0
16:24:58.058   4226   1   1   0    875.7    1   1   0    875.7   626     7   3/3     0/0      0.0    0.0    0.0  0/1/1/0/0/0/0/0/0     2.6
16:25:01.791   3733   0   0   0      0.0    0   0   0      0.0     0     0   0/0     0/0      0.0    0.0    0.0  0/0/0/0/0/0/0/0/0     0.0
16:25:05.359   3567   0   0   0      0.0    0   0   0      0.0     0     0   0/0     0/0      0.0    0.0    0.0  0/0/0/0/0/0/0/0/0     0.0
16:25:11.942   6583   2   2   2   2845.8    2   2   0   2845.8  2498    14   4/4     2/2     13.7   15.3   44.0  0/1/2/0/0/0/0/0/0     8.3
16:25:15.695   3753   2   1   0      0.0    2   2   0      0.0     0     0   0/0     0/0      0.0    1.2    0.0  0/1/1/1/0/1/0/1/0     2.4
16:25:19.468   3773   0   0   0      0.0    0   0   0      0.0     0     0   0/0     0/0      0.0    0.0    0.0  0/0/0/0/0/0/0/0/0     0.0
16:25:22.934   3465   0   0   0      0.0    0   0   0      0.0     0     0   0/0     0/0      0.0    0.0    0.0  0/0/0/0/0/0/0/0/0     0.0
16:25:26.522   3587   0   0   0      0.0    0   0   0      0.0     0     0   0/0     0/0      0.0    0.0    0.0  0/0/0/0/0/0/0/0/0     0.0
16:25:29.964   3441   0   0   0      0.0    0   0   0      0.0     0     0   0/0     0/0      0.0    0.0    0.0  0/0/0/0/0/0/0/0/0     0.0
16:25:33.551   3587   0   0   0      0.0    0   0   0      0.0     0     0   0/0     0/0      0.0    0.0    0.0  0/0/0/0/0/0/0/0/0     0.0

M0 PASS: cold=cleared: apk 32c8a1eb5468 -> 17fff996dc38 on this device lines=216 unparsed=0 monotonic=True; creates=164 with valid feedback=164
fight load: NOT FOUND (no mark play, no miss after it, or no steady fight): C1, C2, C4 VOID
fight load (--span, from the frames): 16:20:15.217 .. 16:20:30.886, 6 windows, dt 16880 ms, dpm 21
C1  FAIL: load dpc_ms 8277 vs registered excess 14800 (ratio 0.56)
C1' PASS: vs this run's own excess 9602 (ratio 0.86)
C2  PASS: load glslang 104.4 ms = 1.26% of dpc_ms
C4  load key-diff classes: VP=0 FF=18 CB=16 TX=6 FL=1 PO=3 GE=0 NONE=1 NOPREV=0
    load stages: vs 5165 ms, fs 132 ms
C3  reused-module stages 246, driver cache misses 246 -> share 100.0%: >=50% (GPL bound 1/2-2/3 of a miss)
    new-module stages 113, misses 113; ms per stage: reused 164.4, new 108.7
run: dpc 59851 ms, feedback 59848 ms, glslang 731.1 ms, module 843.4 ms, cache saves 268.6 ms, kd VP=15 FF=98 CB=115 TX=67 FL=4 PO=32 GE=4 NONE=4 NOPREV=18
run stages: vs 41180 ms, gs 10772 ms, fs 765 ms (vs share of the stage sum 78.1%)
N1 (post-hoc) per-window excess over the 2+2 nearest quiet windows, 27 windows: excess 50336 ms, dpc 59851 ms, dpc/excess 1.19
    16:18:09.586 dt      0 floor   1000 excess   -1000 dpc  1221.1
    16:18:56.100 dt   1398 floor   1501 excess    -103 dpc   124.2
    16:19:10.235 dt   2121 floor   2002 excess     120 dpc   102.1
    16:19:30.068 dt  13826 floor   1842 excess   11984 dpc 12271.1
    16:19:33.479 dt   2238 floor   1688 excess     550 dpc   934.3
    16:19:47.849 dt   5857 floor   1962 excess    3895 dpc  3943.9
    16:19:53.852 dt   1735 floor   1632 excess     104 dpc   178.7
    16:20:01.034 dt   7182 floor   1632 excess    5550 dpc  5954.1
    16:20:20.681 dt   5463 floor   2310 excess    3153 dpc  4061.4
    16:20:22.646 dt   1965 floor   2310 excess    -345 dpc   499.9
    16:20:25.385 dt   2738 floor   2310 excess     428 dpc  1373.5
    16:20:27.199 dt   1814 floor   2310 excess    -496 dpc   503.6
    16:20:30.886 dt   3687 floor   2310 excess    1377 dpc  1838.9
    16:21:40.559 dt   1379 floor   1320 excess      60 dpc   135.4
    16:23:26.213 dt   5839 floor   1222 excess    4618 dpc  3955.1
    16:23:28.709 dt   2496 floor   1222 excess    1274 dpc  1482.4
    16:23:30.278 dt   1569 floor   1222 excess     348 dpc   156.3
    16:23:37.414 dt   3022 floor   1002 excess    2020 dpc  2000.9
    16:23:48.172 dt   5793 floor   1660 excess    4134 dpc  4391.2
    16:23:53.193 dt   5020 floor   1660 excess    3360 dpc  2805.5
    16:23:59.923 dt   6730 floor   1660 excess    5070 dpc  4882.0
    16:24:28.707 dt   2496 floor   3854 excess   -1358 dpc    34.7
    16:24:33.290 dt   4582 floor   3854 excess     728 dpc  1476.3
    16:24:42.330 dt   5205 floor   3802 excess    1403 dpc  1651.9
    16:24:50.062 dt   3857 floor   3802 excess      55 dpc   150.8
    16:24:58.058 dt   4226 floor   3751 excess     475 dpc   875.7
    16:25:11.942 dt   6583 floor   3650 excess    2933 dpc  2845.8
O   instrument: 416.1 us over 164 creates = 2.54 us each
