tid 16027: 23492 samples, 12662 JIT, 12647 mapped to a TB
disassembled 3839 TBs holding 12015 samples (95.0% of mapped JIT samples)
sample-weighted host insns per TB 425.3, guest insns per TB 16.3, host/guest 26.16

class       static %  at-ip %
env_ld           3.3      4.9
env_st           6.1     20.7
irq_chk          2.2      2.2
tlb              5.2     17.9
xbox_fp          5.1      3.5
guest_mem        4.2      5.9
fp               0.3      1.1
simd             0.2      1.5
call             2.6      0.3
branch          19.6      6.2
alu             51.1     35.7

per executed TB (sample-weighted): softmmu TLB compares 11.82, XBOX load fast paths 6.76, helper calls 14.43, scalar FP ops 1.51

XBOX preamble outcome (samples): armed 0, off 79; samples inside load fast-path blocks 0

at-ip by role (share of disassembled JIT samples):
  preamble   14.3%
  exitchk     3.7%
  xboxchk     1.5%
  tlb        32.3%
  tbexit      6.2%
  body       42.1%
samples in TBs with any scalar FP op: 9.0%
