41430006-Burnout | 1-1790513065-titleroutes-1150288 | thor | 3540bf2a69 | 397ae7dca16a | titleroutes | 460 | max | fps_bar=30.0 fps_ok_share=0.0704 fps_ok_window_share=0.1774 fps_window_median=10.85 fps_window_min=7.68 fps_windows=62 g_fps_mean_reported_not_judged=15.78 target_fps=30.0 | perflog | None | []
45410083-Black | 0-0-y-1790406179-titlebench-4 | thor | 6561442869 | 290cba668b65 | host-titlebench | 240 | None | no-verdict | perflog | None | []
45410083-Black | 0-0-y-1790433159-titleplay-p1-black | thor | a5b5b628f2 | 25abcaccbf45 | titleplay | 420 | None | no-verdict | perflog | None | []
45410083-Black | 1-1790482534-titleroutes-3347838 | thor | a593d8eb85 | f5abfa521745 | titleroutes | 300 | max | no-verdict | perflog | None | []
45410083-Black | 1-1790482599-titleroutes-3358750 | thor | a593d8eb85 | f5abfa521745 | titleroutes | 760 | max | fps_bar=30.0 fps_ok_share=0.0 fps_ok_window_share=0.0 fps_window_median=7.45 fps_window_min=6.52 fps_windows=36 g_fps_mean_reported_not_judged=8.32 target_fps=30.0 | perflog | None | []
Alias | 1-1790519290-titleroutes-2113140 | thor | c6e2be0936 | 17eff0363df9 | titleroutes | 450 | max | no-verdict | perflog | None | []
Arctic_Thunder | 1-1790547557-titleroutes-979135 | thor | 677ae13af8 | 5cc9d88172f4 | titleroutes | 590 | max | fps_bar=30.0 fps_ok_share=0.0943 fps_ok_window_share=0.1935 fps_window_median=21.37 fps_window_min=15.16 fps_windows=124 g_fps_mean_reported_not_judged=27.47 target_fps=60.0 | perflog | None | []
Arctic_Thunder | 1-1790548502-titleroutes-1531400 | thor | e884ad260e | 6d334facad15 | titleroutes | 550 | max | no-verdict | perflog | xo 62.4->max 74.2 paused_rows 0 | []
BloodRayne | 1-1790548501-titleroutes-1530145 | thor | e884ad260e | 6d334facad15 | titleroutes | 540 | max | no-verdict | perflog | xo 51.7->max 51.7 paused_rows 0 | []
BloodRayne | 1-1790548501-titleroutes-1530145r | thor | e884ad260e | 6d334facad15 | titleroutes | 540 | max | no-verdict | perflog | xo 63.0->max 74.2 paused_rows 0 | []
Brute_Force | 1-1790510457-titleroutes-1101937 | thor | 9d3656f263 | 397ae7dca16a | titleroutes | 570 | max | fps_bar=30.0 fps_ok_share=0.0 fps_ok_window_share=0.0 fps_window_median=13.16 fps_window_min=7.57 fps_windows=60 g_fps_mean_reported_not_judged=13.0 target_fps=30.0 | perflog | None | []
Conker | 0-0-y-1790395182-rtdbench-3 | nova | 06e73e9f5e | a00704d02eb0 | host-rtdbench | 240 | None | no-verdict | perflog | None | []
Conker | 1790365976-gamecheck-734705 | nova | e48514f980 | 851650a27937 | gamecheck | 240 | None | no-verdict | perflog | None | []
Conker | 1790366865-gamecheck-998763 | nova | e48514f980 | 851650a27937 | gamecheck | 240 | None | no-verdict | perflog | None | []
Crash_Twinsanity | 0-0-y-1790416653-titlebench-20 | thor | 6561442869 | 290cba668b65 | host-titlebench | 240 | None | no-verdict | perflog | None | []
Crash_Twinsanity | 1-1790489396-titleroutes-512742 | thor | a593d8eb85 | f5abfa521745 | titleroutes | 540 | max | fps_bar=30.0 fps_ok_share=0.0 fps_ok_window_share=0.0 fps_window_median=15.72 fps_window_min=9.38 fps_windows=60 g_fps_mean_reported_not_judged=14.8 target_fps=60.0 | perflog | None | []
Crimson | 0-0-c-1790377875-lane.tcgchurn-101077 | thor | ea1e9f5a0d | 0dac64415ce9 | lane.tcgchurn | 240 | None | no-verdict | perflog | None | []
Crimson | 0-0-c-1790377876-lane.tcgchurn-101313 | thor | 1ce8693eb1 | 806f1e04a69d | lane.tcgchurn | 240 | None | no-verdict | perflog | None | []
Crimson | 0-0-c-1790381628-lane.fix311-1790036 | thor | d5eb83f39e | a4af97540969 | lane.fix311 | 120 | None | no-verdict | perflog | None | []
Crimson | 0-0-c-1790383804-lane.fix311-2708137 | thor | d5eb83f39e | a4af97540969 | lane.fix311 | 120 | None | no-verdict | perflog | None | []
Crimson | 0-0-c-1790383804-lane.fix311-2708587 | nova | d5eb83f39e | a4af97540969 | lane.fix311 | 120 | None | no-verdict | perflog | None | []
Crimson | 0-0-g-1790412563-lane.remote-1461941 | thor | 6550967a5e | b5f276b45557 | lane.remote | 240 | None | no-verdict | perflog | None | []
Crimson | 0-0-g-1790412563-lane.remote-1462010 | thor | 4a369ed1ee | e6b0c2f12787 | lane.remote | 240 | None | no-verdict | perflog | None | []
Crimson | 0-0-g-1790412564-lane.remote-1462082 | nova | 6550967a5e | b5f276b45557 | lane.remote | 240 | None | no-verdict | perflog | None | []
Crimson | 0-0-g-1790412564-lane.remote-1462154 | nova | 4a369ed1ee | e6b0c2f12787 | lane.remote | 240 | None | no-verdict | perflog | None | []
Crimson | 0-0-x-1790432892-hotfix041-05r | thor | a046da3cc8 | 97df2962e3a4 | host-hotfix041 | 240 | None | no-verdict | perflog | None | []
Crimson | 0-0-x-1790459535-remote-46835 | thor | 9f34d60036 | 154211473621 | remote | 240 | None | no-verdict | perflog | None | []
Crimson | 0-0-x-1790465683-lane.remote-2069257 | thor | 932ab47186 | defcf420715f | lane.remote | 240 | None | no-verdict | perflog | None | []
Crimson | 0-0-x-1790487799-lane.remote-3832071 | thor | 47a3ce8e85 | 8841eaf0a665 | lane.remote | 240 | max | no-verdict | perflog | None | []
Crimson | 0-0-x-1790516335-flip474-1235863 | thor | 16b7e14ec9 | 45c8b7eded50 | flip474 | 240 | max | no-verdict | perflog | None | []
Crimson | 0-0-x-1790516335-flip474-1235910 | thor | ef66174066 | a823ab89c051 | flip474 | 240 | max | no-verdict | perflog | None | []
Crimson | 0-0-x-1790549042-flip474-1819312 | thor | 09fdca3ba1 | ed09c45dcca2 | flip474 | 240 | max | no-verdict | perflog | xo 62.4->max 75.9 paused_rows 0 | []
Crimson | 0-0-x-1790549043-flip474-1819530 | thor | 09fdca3ba1 | ed09c45dcca2 | flip474 | 240 | max | no-verdict | perflog | xo 75.1->max 78.0 paused_rows 1 | ['TU_DEBUG=sysmem']
Crimson | 0-0-y-1790395182-rtdbench-7 | nova | 06e73e9f5e | a00704d02eb0 | host-rtdbench | 240 | None | no-verdict | perflog | None | []
Crimson | 0-0-y-1790396928-rtdbench-rerun-7 | nova | 06e73e9f5e | a00704d02eb0 | host-rtdbench | 240 | None | no-verdict | perflog | None | []
Crimson | 0-0-y-1790432892-hotfix041-05 | thor | a046da3cc8 | 97df2962e3a4 | host-hotfix041 | 240 | None | no-verdict | perflog | None | []
Crimson | 0-0-y-1790432892-hotfix041-06 | thor | aeb4a096b6 | 6655bdec171e | host-hotfix041 | 240 | None | no-verdict | perflog | None | []
Crimson | 0-0-y-1790433159-titleplay-p1-crimson | thor | a5b5b628f2 | 25abcaccbf45 | titleplay | 420 | None | no-verdict | perflog | None | []
Crimson | 1-1790519476-remote461-2140884 | thor | f131dd11c6 | 8841eaf0a665 | remote461 | 240 | max | no-verdict | perflog | None | []
Crimson | 1-1790519476-remote461-2140941 | thor | 8f9c74f016 | 40f63a96fed4 | remote461 | 240 | max | no-verdict | perflog | None | []
Crimson | 1-1790540677-flip474-2313064 | thor | 795ea6b3af | c24965361d5b | flip474 | 240 | max | no-verdict | perflog | None | []
Crimson | 1-1790540677-flip474-2313275 | thor | 902cf1ab53 | d5ea53512047 | flip474 | 240 | max | no-verdict | perflog | None | []
Crimson | 1-1790546971-flip474-641838 | thor | 253148451f | c486dd705060 | flip474 | 120 | max | no-verdict | perflog | None | []
Crimson | 1-1790572030-lane.sustain507-4130828 | thor | f82e7e87fe | 8d38739bc784 | lane.sustain507 | 1950 | max | no-verdict | perflog | xo 63.8->max 78.0 paused_rows 41 | ['PERF_REGIMEN=max']
Crimson | 1-1790572031-lane.sustain507-4130875 | thor | f82e7e87fe | 8d38739bc784 | lane.sustain507 | 1950 | default | no-verdict | perflog | xo 62.2->max 78.0 paused_rows 38 | ['PERF_REGIMEN=default']
Crimson | 1-1790572033-adpf-2928981 | thor | 8a64c7d41e | 02eb07c3bcdd | adpf | 240 | default | no-verdict | perflog | xo 61.5->max 73.5 paused_rows 0 | ['HAKUX_ADPF=probe', 'PERF_REGIMEN=default', 'HAKUX_IDLE_HALT=1']
Crimson | 1789280122-audio-level-crimson-1590751 | thor | 25e5192856 | b0f5b50d191e | audio-level-crimson | 90 | None | no-verdict | - | None | []
Crimson | 1789282799-monacc-crimson-68501 | thor | 62eaa2f7f6 | 64b0a6b4789e | monacc-crimson | 90 | None | no-verdict | - | None | []
Crimson | 1789283930-monaccrev-crimson-843927 | thor | 30d7c29f06 | 67f17108d9f2 | monaccrev-crimson | 90 | None | no-verdict | - | None | []
Crimson | 1789284344-monaccfix-crimson-1173785 | thor | 37e1fabd89 | 0a22472879d7 | monaccfix-crimson | 90 | None | no-verdict | - | None | []
Crimson | 1789301928-perf-tcg-noise1-1261719 | thor | 6b574e163e | 42775a326995 | perf-tcg-noise1 | 90 | None | no-verdict | - | None | []
Crimson | 1789301928-perf-tcg-noise2-1261732 | thor | 6b574e163e | 42775a326995 | perf-tcg-noise2 | 90 | None | no-verdict | - | None | []
Crimson | 1789301928-perf-tcg-noise3-1261745 | thor | 6b574e163e | 42775a326995 | perf-tcg-noise3 | 90 | None | no-verdict | - | None | []
Crimson | 1789302316-vram-race-probe-1410373 | thor | e353735028 | d6cb200840f3 | vram-race-probe | 150 | None | no-verdict | - | None | []
Crimson | 1789303196-perf-tcg2-run1-1693783 | thor | 848f98a6a6 | 48cb94d615c0 | perf-tcg2-run1 | 90 | None | no-verdict | - | None | []
Crimson | 1789303196-perf-tcg2-run2-1693887 | thor | 848f98a6a6 | 48cb94d615c0 | perf-tcg2-run2 | 90 | None | no-verdict | - | None | []
Crimson | 1789303197-perf-tcg2-run3-1693974 | thor | 848f98a6a6 | 48cb94d615c0 | perf-tcg2-run3 | 90 | None | no-verdict | - | None | []
Crimson | 1789305420-vram-race-probe-3061801 | thor | e353735028 | d6cb200840f3 | vram-race-probe | 150 | None | no-verdict | - | None | []
Crimson | 1789306731-perf-tcg3-4006312 | thor | d287c512d9 | 627637fa73a4 | perf-tcg3 | 90 | None | no-verdict | - | None | []
Crimson | 1789306731-perf-tcg3-4006333 | thor | d287c512d9 | 627637fa73a4 | perf-tcg3 | 90 | None | no-verdict | - | None | []
Crimson | 1789306731-perf-tcg3-4006353 | thor | d287c512d9 | 627637fa73a4 | perf-tcg3 | 90 | None | no-verdict | - | None | []
Crimson | 1789308434-vram-race-probe-234550 | thor | 13ccda425a | 88452c539d64 | vram-race-probe | 150 | None | no-verdict | - | None | []
Crimson | 1789308434-vram-race-probe-234571 | thor | 13ccda425a | 88452c539d64 | vram-race-probe | 150 | None | no-verdict | - | None | []
Crimson | 1789312621-draw-only-crimson-1052969 | nova | 5cfc236d9b | 4509eeeb11c7 | draw-only-crimson | 240 | None | no-verdict | - | None | []
Crimson | 1789312621-draw-only-crimson-1053039 | nova | 5cfc236d9b | 4509eeeb11c7 | draw-only-crimson | 240 | None | no-verdict | - | None | []
Crimson | 1789312621-draw-only-crimson-1053164 | nova | d879e6e03b | b87d7d112dc7 | draw-only-crimson | 240 | None | no-verdict | - | None | []
Crimson | 1789312622-draw-only-crimson-1053270 | nova | d879e6e03b | b87d7d112dc7 | draw-only-crimson | 240 | None | no-verdict | - | None | []
Crimson | 1789379798-tcginval-armA-3427391 | thor | 117203fe9b | 28799396301b | tcginval-armA | 90 | None | no-verdict | perflog | None | []
Crimson | 1789379815-tcginval-armA-3436598 | thor | 117203fe9b | 28799396301b | tcginval-armA | 90 | None | no-verdict | perflog | None | []
Crimson | 1789379815-tcginval-armA-3436892 | thor | 117203fe9b | 28799396301b | tcginval-armA | 90 | None | no-verdict | perflog | None | []
Crimson | 1789379830-tcginval-armB-3455418 | thor | 937848c9e7 | 67f083f5e657 | tcginval-armB | 90 | None | no-verdict | perflog | None | []
Crimson | 1789379830-tcginval-armB-3455653 | thor | 937848c9e7 | 67f083f5e657 | tcginval-armB | 90 | None | no-verdict | perflog | None | []
Crimson | 1789379830-tcginval-armB-3455856 | thor | 937848c9e7 | 67f083f5e657 | tcginval-armB | 90 | None | no-verdict | perflog | None | []
Crimson | 1789385559-tcgarm-armB-3754759 | thor | a94386a3c8 | 7b3d8f9c8fe2 | tcgarm-armB | 90 | None | no-verdict | perflog | None | []
Crimson | 1789385573-tcgarm-armB-3754938 | thor | a94386a3c8 | 7b3d8f9c8fe2 | tcgarm-armB | 90 | None | no-verdict | perflog | None | []
Crimson | 1789385581-tcgarm-armB-3756926 | thor | a94386a3c8 | 7b3d8f9c8fe2 | tcgarm-armB | 90 | None | no-verdict | perflog | None | []
Crimson | 1789385590-tcgarm-armA-3756994 | thor | 117203fe9b | 28799396301b | tcgarm-armA | 90 | None | no-verdict | perflog | None | []
Crimson | 1789385596-tcgarm-armA-3757032 | thor | 117203fe9b | 28799396301b | tcgarm-armA | 90 | None | no-verdict | perflog | None | []
Crimson | 1789385601-tcgarm-armA-3757073 | thor | 117203fe9b | 28799396301b | tcgarm-armA | 90 | None | no-verdict | perflog | None | []
Crimson | 1789385610-tcgarm-armC-3757135 | thor | 937848c9e7 | 67f083f5e657 | tcgarm-armC | 90 | None | no-verdict | perflog | None | []
Crimson | 1789385616-tcgarm-armC-3757173 | thor | 937848c9e7 | 67f083f5e657 | tcgarm-armC | 90 | None | no-verdict | perflog | None | []
Crimson | 1789385621-tcgarm-armC-3757213 | thor | 937848c9e7 | 67f083f5e657 | tcgarm-armC | 90 | None | no-verdict | perflog | None | []
Crimson | 1789389747-skew44-crimson-176929 | thor | e28c402b4d | e684377dcc31 | skew44-crimson | 240 | None | no-verdict | perflog | None | []
Crimson | 1789389753-skew44-crimson-185390 | thor | 7349193309 | 340db7811530 | skew44-crimson | 240 | None | no-verdict | perflog | None | []
Crimson | 1789389765-skew44-crimson-197819 | thor | e28c402b4d | e684377dcc31 | skew44-crimson | 240 | None | no-verdict | perflog | None | []
Crimson | 1789389766-skew44-crimson-197841 | thor | 7349193309 | 340db7811530 | skew44-crimson | 240 | None | no-verdict | perflog | None | []
Crimson | 1789389777-skew44-crimson-197963 | thor | 3b7fe5f5fa | 7f3d16dfb45f | skew44-crimson | 240 | None | no-verdict | perflog | None | []
Crimson | 1789389777-skew44-crimson-197985 | thor | 3b7fe5f5fa | 7f3d16dfb45f | skew44-crimson | 240 | None | no-verdict | perflog | None | []
Crimson | 1789769768-tier81fix-2979374 | thor | 54f0286362 | 2d3ba459f271 | tier81fix | 240 | None | no-verdict | perflog | None | []
Crimson | 1789769768-tier81fix-2979403 | thor | 7dfa94c403 | 13d8c5538d6c | tier81fix | 240 | None | no-verdict | perflog | None | []
Crimson | 1789769768-tier81fix-2979432 | thor | 54f0286362 | 2d3ba459f271 | tier81fix | 240 | None | no-verdict | perflog | None | []
Crimson | 1789769768-tier81fix-2979461 | thor | 7dfa94c403 | 13d8c5538d6c | tier81fix | 240 | None | no-verdict | perflog | None | []
Crimson | 1789769768-tier81fix-2979490 | thor | 54f0286362 | 2d3ba459f271 | tier81fix | 240 | None | no-verdict | perflog | None | []
Crimson | 1789769768-tier81fix-2979519 | thor | 7dfa94c403 | 13d8c5538d6c | tier81fix | 240 | None | no-verdict | perflog | None | []
Crimson | 1789769768-tier81fix-2979548 | thor | 54f0286362 | 2d3ba459f271 | tier81fix | 240 | None | no-verdict | perflog | None | []
Crimson | 1789769768-tier81fix-2979577 | thor | 7dfa94c403 | 13d8c5538d6c | tier81fix | 240 | None | no-verdict | perflog | None | []
Crimson | 1789769769-tier81fix-2979606 | thor | 54f0286362 | 2d3ba459f271 | tier81fix | 240 | None | no-verdict | perflog | None | []
Crimson | 1789769769-tier81fix-2979635 | thor | 7dfa94c403 | 13d8c5538d6c | tier81fix | 240 | None | no-verdict | perflog | None | []
Crimson | 1790367240-gamecheck-1058045 | nova | e48514f980 | 851650a27937 | gamecheck | 150 | None | no-verdict | perflog | None | []
Crimson | 1790370813-turnipfork-3734492 | nova | a7f7c8bda9 | 9395b70d7cf1 | turnipfork | 240 | None | no-verdict | perflog | None | []
Crimson | 1790370813-turnipfork-3734531 | nova | a7f7c8bda9 | 9395b70d7cf1 | turnipfork | 240 | None | no-verdict | perflog | None | ['TU_DEBUG=sysmem']
Crimson | 1790370813-turnipfork-3734588 | nova | a7f7c8bda9 | 9395b70d7cf1 | turnipfork | 240 | None | no-verdict | perflog | None | ['TU_DEBUG=gmem']
Crimson | 1790370814-turnipfork-3734624 | nova | a7f7c8bda9 | 9395b70d7cf1 | turnipfork | 240 | None | no-verdict | perflog | None | []
Crimson | 1790370814-turnipfork-3734656 | nova | a7f7c8bda9 | 9395b70d7cf1 | turnipfork | 240 | None | no-verdict | perflog | None | ['TU_DEBUG=sysmem']
Crimson | 1790370814-turnipfork-3734707 | nova | a7f7c8bda9 | 9395b70d7cf1 | turnipfork | 240 | None | no-verdict | perflog | None | ['TU_DEBUG=gmem']
Crimson | 1790426956-lane.remote-2612870 | thor | 6c25a829ef | f9cd09cd324b | lane.remote | 240 | None | no-verdict | perflog | None | []
Crimson | 1790426956-lane.remote-2612897 | thor | 1d9c3e4c0f | b52b7a2dc67a | lane.remote | 240 | None | no-verdict | perflog | None | []
Crimson | 1790426956-lane.remote-2612935 | nova | 6c25a829ef | f9cd09cd324b | lane.remote | 240 | None | no-verdict | perflog | None | []
Crimson | 1790426956-lane.remote-2612962 | nova | 1d9c3e4c0f | b52b7a2dc67a | lane.remote | 240 | None | no-verdict | perflog | None | []
Crimson | 1790454357-vcpuprime428-3938872 | thor | 15d9406b81 | acb81bbaa1d1 | vcpuprime428 | 480 | None | no-verdict | perflog | None | ['HAKUX_TOPO=200,10']
Crimson | 1790454370-vcpuprime428-3939641 | thor | 15d9406b81 | acb81bbaa1d1 | vcpuprime428 | 480 | None | no-verdict | perflog | None | ['HAKUX_TOPO=200,10', 'HAKUX_PLACE_VCPU=prime']
Crimson | 1790454370-vcpuprime428-3939708 | thor | 15d9406b81 | acb81bbaa1d1 | vcpuprime428 | 480 | None | no-verdict | perflog | None | ['HAKUX_TOPO=200,10']
Crimson | 1790454371-vcpuprime428-3939754 | thor | 15d9406b81 | acb81bbaa1d1 | vcpuprime428 | 480 | None | no-verdict | perflog | None | ['HAKUX_TOPO=200,10', 'HAKUX_PLACE_VCPU=prime']
Crimson | 1790454371-vcpuprime428-3939794 | thor | 15d9406b81 | acb81bbaa1d1 | vcpuprime428 | 480 | None | no-verdict | perflog | None | ['HAKUX_TOPO=200,10']
Crimson | 1790454372-vcpuprime428-3939872 | thor | 15d9406b81 | acb81bbaa1d1 | vcpuprime428 | 480 | None | no-verdict | perflog | None | ['HAKUX_TOPO=200,10', 'HAKUX_PLACE_VCPU=prime']
Crimson | 1790454893-lane.tbchurn424-3968865 | thor | 7e6a4ac88a | 556fe3b4e153 | lane.tbchurn424 | 300 | None | no-verdict | perflog | None | []
Crimson | 1790454908-lane.tbchurn424-3969831 | thor | 1d1251aa4b | 2ce4302e8220 | lane.tbchurn424 | 300 | None | no-verdict | perflog | None | []
Crimson | 1790454909-lane.tbchurn424-3969958 | thor | 7e6a4ac88a | 556fe3b4e153 | lane.tbchurn424 | 300 | None | no-verdict | perflog | None | []
Crimson | 1790454910-lane.tbchurn424-3970059 | thor | 1d1251aa4b | 2ce4302e8220 | lane.tbchurn424 | 300 | None | no-verdict | perflog | None | []
Crimson | 1790454911-lane.tbchurn424-3970176 | thor | 7e6a4ac88a | 556fe3b4e153 | lane.tbchurn424 | 300 | None | no-verdict | perflog | None | []
Crimson | 1790454912-lane.tbchurn424-3970253 | thor | 1d1251aa4b | 2ce4302e8220 | lane.tbchurn424 | 300 | None | no-verdict | perflog | None | []
Crimson | 1790455170-buildflags427-4117276 | nova | 15d9406b81 | acb81bbaa1d1 | buildflags427 | 240 | None | no-verdict | perflog | None | []
Crimson | 1790455170-buildflags427-4117310 | nova | 6cd1a58b64 | 460b947a4109 | buildflags427 | 240 | None | no-verdict | perflog | None | []
Crimson | 1790455170-buildflags427-4117367 | nova | 15d9406b81 | acb81bbaa1d1 | buildflags427 | 240 | None | no-verdict | perflog | None | []
Crimson | 1790455170-buildflags427-4117403 | nova | 6cd1a58b64 | 460b947a4109 | buildflags427 | 240 | None | no-verdict | perflog | None | []
Crimson | 1790460549-lane.jcache425-232585 | nova | 1b43be6b3a | ae72025f8ca8 | lane.jcache425 | 240 | None | no-verdict | perflog | None | []
Crimson | 1790460549-lane.jcache425-232641 | nova | 1b43be6b3a | ae72025f8ca8 | lane.jcache425 | 240 | None | no-verdict | perflog | None | ['HAKUX_TCG68_JC=1']
Crimson | 1790460549-lane.jcache425-232746 | nova | 1b43be6b3a | ae72025f8ca8 | lane.jcache425 | 240 | None | no-verdict | perflog | None | []
Crimson | 1790460550-lane.jcache425-232807 | nova | 1b43be6b3a | ae72025f8ca8 | lane.jcache425 | 240 | max | no-verdict | perflog | None | ['HAKUX_TCG68_JC=1']
Crimson | 1790467153-titlebench-2601931 | thor | d0e30924f8 | a8e066134ade | titlebench | 420 | max | no-verdict | perflog | None | []
Crimson | 1790467160-titlebench-2612149 | nova | d0e30924f8 | a8e066134ade | titlebench | 420 | max | fps_bar=30.0 fps_ok_share=0.8496 fps_ok_window_share=0.86 fps_window_median=29.97 fps_window_min=25.61 fps_windows=150 g_fps_mean_reported_not_judged=29.46 target_fps=30.0 | perflog | None | []
Dead_or_Alive_3|DOA3|Alive 3 | 0-0-y-1790432892-hotfix041-07 | thor | a046da3cc8 | 97df2962e3a4 | host-hotfix041 | 240 | None | no-verdict | perflog | None | []
Dead_or_Alive_3|DOA3|Alive 3 | 0-0-y-1790432892-hotfix041-08 | thor | aeb4a096b6 | 6655bdec171e | host-hotfix041 | 240 | None | no-verdict | perflog | None | []
Dead_or_Alive_3|DOA3|Alive 3 | 0-0-y-1790433159-titleplay-p1-doa3 | thor | a5b5b628f2 | 25abcaccbf45 | titleplay | 420 | None | no-verdict | perflog | None | []
Dead_or_Alive_3|DOA3|Alive 3 | 1789279792-audio-level-doa3-1542469 | thor | f136df730e | b0f5b50d191e | audio-level-doa3 | 90 | None | no-verdict | - | None | []
Dead_or_Alive_3|DOA3|Alive 3 | 1789284407-vblank-defer-1213578 | thor | fc59b50726 | 09740b583a79 | vblank-defer | 240 | None | no-verdict | - | None | []
Dead_or_Alive_3|DOA3|Alive 3 | 1789284413-vblank-defer-1213623 | thor | 595d258a02 | d09639140b65 | vblank-defer | 240 | None | no-verdict | - | None | []
Dead_or_Alive_3|DOA3|Alive 3 | 1789301801-vram-race-probe-1217442 | thor | ae0283fe2d | b21ce5cf1c99 | vram-race-probe | 150 | None | no-verdict | - | None | []
Dead_or_Alive_3|DOA3|Alive 3 | 1789301802-vram-race-probe-1217455 | thor | ae0283fe2d | b21ce5cf1c99 | vram-race-probe | 150 | None | no-verdict | - | None | []
Dead_or_Alive_3|DOA3|Alive 3 | 1789301811-vram-race-probe-1217554 | thor | 13ccda425a | 88452c539d64 | vram-race-probe | 150 | None | no-verdict | - | None | []
Dead_or_Alive_3|DOA3|Alive 3 | 1789301811-vram-race-probe-1217571 | thor | 13ccda425a | 88452c539d64 | vram-race-probe | 150 | None | no-verdict | - | None | []
Dead_or_Alive_3|DOA3|Alive 3 | 1789302316-vram-race-probe-1410174 | thor | e353735028 | d6cb200840f3 | vram-race-probe | 150 | None | no-verdict | - | None | []
Dead_or_Alive_3|DOA3|Alive 3 | 1789302316-vram-race-probe-1410275 | thor | e353735028 | d6cb200840f3 | vram-race-probe | 150 | None | no-verdict | - | None | []
Dead_or_Alive_3|DOA3|Alive 3 | 1789303629-defercap-1885842 | thor | 3de282e006 | 6c5ef36d319a | defercap | 240 | None | no-verdict | - | None | []
Dead_or_Alive_3|DOA3|Alive 3 | 1789303629-defercap-1885863 | thor | e62907fa03 | 1cf803aeb39f | defercap | 240 | None | no-verdict | - | None | []
Dead_or_Alive_3|DOA3|Alive 3 | 1789303629-defercap-1885884 | thor | 3de282e006 | 6c5ef36d319a | defercap | 240 | None | no-verdict | - | None | []
Dead_or_Alive_3|DOA3|Alive 3 | 1789303629-defercap-1885905 | thor | e62907fa03 | 1cf803aeb39f | defercap | 240 | None | no-verdict | - | None | []
Dead_or_Alive_3|DOA3|Alive 3 | 1789312328-defercap-12-842852 | thor | 9931f882bb | 93c25670227f | defercap-12 | 240 | None | no-verdict | - | None | []
Dead_or_Alive_3|DOA3|Alive 3 | 1789312328-defercap-12-842873 | thor | 9931f882bb | 93c25670227f | defercap-12 | 240 | None | no-verdict | - | None | []
Dead_or_Alive_3|DOA3|Alive 3 | 1789312328-defercap-12-842894 | thor | 2e4e8403d9 | bfb13fa5f097 | defercap-12 | 240 | None | no-verdict | - | None | []
Dead_or_Alive_3|DOA3|Alive 3 | 1789312328-defercap-12-842916 | thor | 2e4e8403d9 | bfb13fa5f097 | defercap-12 | 240 | None | no-verdict | - | None | []
Jet_Set|JSRF | 0-0-c-1790384403-lane.fix311-2911280 | thor | d5eb83f39e | a4af97540969 | lane.fix311 | 120 | None | no-verdict | perflog | None | []
Jet_Set|JSRF | 0-0-y-1790432892-hotfix041-09 | thor | a046da3cc8 | 97df2962e3a4 | host-hotfix041 | 240 | None | no-verdict | perflog | None | []
Jet_Set|JSRF | 0-0-y-1790432892-hotfix041-10 | thor | aeb4a096b6 | 6655bdec171e | host-hotfix041 | 240 | None | no-verdict | perflog | None | []
Jet_Set|JSRF | 1-1790497366-titleroutes-886445 | thor | 02299ec656 | 397ae7dca16a | titleroutes | 500 | max | fps_bar=30.0 fps_ok_share=0.1132 fps_ok_window_share=0.1897 fps_window_median=24.23 fps_window_min=16.85 fps_windows=116 g_fps_mean_reported_not_judged=27.57 target_fps=60.0 | perflog | None | []
Jet_Set|JSRF | 1789279799-audio-level-jsrf-1542565 | thor | f136df730e | b0f5b50d191e | audio-level-jsrf | 90 | None | no-verdict | - | None | []
Jet_Set|JSRF | 1789305420-vram-race-probe-3061822 | thor | e353735028 | d6cb200840f3 | vram-race-probe | 150 | None | no-verdict | - | None | []
MechAssault_2 | 0-0-x-1790557233-hostops-810152 | thor | 37b1b81931 | 8b9f80b9bcf9 | hostops | 1500 | max | no-verdict | perflog | xo 46.9->max 74.2 paused_rows 0 | []
MechAssault_2 | 1-1790492206-titleroutes-681960 | thor | c0db2c0bdc | 397ae7dca16a | titleroutes | 530 | max | fps_bar=30.0 fps_ok_share=0.9174 fps_ok_window_share=0.947 fps_window_median=29.97 fps_window_min=15.81 fps_windows=151 g_fps_mean_reported_not_judged=29.39 target_fps=30.0 | perflog | None | []
MechAssault_2 | 1-1790516796-lanelocal-1258823 | thor | c0db2c0bdc | 397ae7dca16a | lanelocal | 1500 | max | fps_bar=30.0 fps_ok_share=0.2666 fps_ok_window_share=0.4973 fps_window_median=23.89 fps_window_min=9.88 fps_windows=370 g_fps_mean_reported_not_judged=20.58 target_fps=30.0 | perflog | None | []
MechAssault_2 | 1-1790572031-lane.sustain507-4130999 | thor | f82e7e87fe | 8d38739bc784 | lane.sustain507 | 2100 | max | no-verdict | perflog | xo 65.7->max 78.0 paused_rows 43 | ['PERF_REGIMEN=max']
MechAssault_2 | 1-1790572031-lane.sustain507-4131051 | thor | f82e7e87fe | 8d38739bc784 | lane.sustain507 | 2100 | default | no-verdict | perflog | xo 58.3->max 77.9 paused_rows 40 | ['PERF_REGIMEN=default']
Midtown_Madness_3 | 1-1790506491-titleroutes-1032854 | thor | 6aaa8197c5 | 397ae7dca16a | titleroutes | 580 | max | fps_bar=30.0 fps_ok_share=0.0 fps_ok_window_share=0.0 fps_window_median=3.13 fps_window_min=2.85 fps_windows=12 g_fps_mean_reported_not_judged=2.97 target_fps=30.0 | perflog | None | []
Otogi | 1-1790511808-titleroutes-1129571 | thor | 9e7f8418dc | 397ae7dca16a | titleroutes | 550 | max | fps_bar=30.0 fps_ok_share=0.0 fps_ok_window_share=0.0 fps_window_median=12.62 fps_window_min=9.53 fps_windows=56 g_fps_mean_reported_not_judged=13.67 target_fps=30.0 | perflog | None | []
Project_Gotham_Racing\. | 0-0-y-1790407115-titlebench-6 | thor | 6561442869 | 290cba668b65 | host-titlebench | 240 | None | no-verdict | perflog | None | []
Project_Gotham_Racing\. | 1-1790483525-titleroutes-3587419 | thor | a593d8eb85 | f5abfa521745 | titleroutes | 480 | max | fps_bar=30.0 fps_ok_share=0.0 fps_ok_window_share=0.0 fps_window_median=14.27 fps_window_min=5.14 fps_windows=49 g_fps_mean_reported_not_judged=12.6 target_fps=60.0 | perflog | None | []
Xtreme_Beach | 0-0-y-1790405804-titlebench-3 | nova | 6561442869 | 290cba668b65 | host-titlebench | 240 | None | no-verdict | perflog | None | []
Xtreme_Beach | 0-0-y-1790406733-titlebench-3r | nova | 6561442869 | 290cba668b65 | host-titlebench | 240 | None | no-verdict | perflog | None | []
Xtreme_Beach | 0-0-y-1790417579-titlebench-followup-1 | nova | 6561442869 | 290cba668b65 | host-titlebench | 240 | None | no-verdict | perflog | None | []
Xtreme_Beach | 0-0-y-1790433159-titleplay-p1-doax | nova | a5b5b628f2 | 25abcaccbf45 | titleplay | 420 | None | no-verdict | perflog | None | []
Xtreme_Beach | y-1790481308-titlebench-2893458 | nova | a593d8eb85 | f5abfa521745 | titlebench | 300 | max | fps_bar=30.0 fps_ok_share=None fps_ok_window_share=None fps_windows=0 target_fps=60.0 | perflog | None | []
