19:20:25    0.0  -- route: soak start
19:21:18   52.9  gfps  27 G 495.0 | Tot 484.4 Surf   1.3 Draw  35.8 Pipe 35.5 Fin  2.0(Sub  1.7) Idle 412.4 GPU   2.3 | draws None
19:21:19   53.9  gfps  59 G  16.8 | Tot  15.6 Surf   0.7 Draw   0.5 Pipe  0.2 Fin  2.0(Sub  1.9) Idle  12.4 GPU   2.5 | draws 23
19:21:20   54.9  gfps  59 G  16.8 | Tot  15.6 Surf   0.7 Draw   0.5 Pipe  0.2 Fin  2.0(Sub  1.9) Idle  12.4 GPU   2.5 | draws 23
19:21:21   55.9  gfps  59 G  16.7 | Tot  15.5 Surf   0.7 Draw   0.5 Pipe  0.2 Fin  1.9(Sub  1.7) Idle  12.5 GPU   2.5 | draws 23
19:21:22   56.9  gfps  59 G  16.8 | Tot  15.6 Surf   0.7 Draw   0.4 Pipe  0.2 Fin  2.2(Sub  2.0) Idle  12.3 GPU   2.5 | draws 23
19:21:23   57.9  gfps  59 G  16.8 | Tot  15.5 Surf   0.4 Draw   0.4 Pipe  0.2 Fin  2.6(Sub  1.7) Idle  12.0 GPU   2.4 | draws 23
19:21:24   58.9  gfps  59 G  16.7 | Tot  15.3 Surf   0.7 Draw   0.5 Pipe  0.2 Fin  1.8(Sub  1.7) Idle  12.3 GPU   2.5 | draws 23
19:21:25   59.9  gfps  59 G  16.7 | Tot  15.6 Surf   0.7 Draw   0.4 Pipe  0.2 Fin  1.9(Sub  1.7) Idle  12.5 GPU   2.5 | draws 23
19:21:26   60.9  gfps  59 G  16.7 | Tot  15.6 Surf   0.7 Draw   0.4 Pipe  0.2 Fin  1.9(Sub  1.7) Idle  12.5 GPU   2.5 | draws 23
19:21:27   61.9  gfps  59 G  16.7 | Tot  15.5 Surf   0.7 Draw   0.4 Pipe  0.2 Fin  1.8(Sub  1.7) Idle  12.6 GPU   2.5 | draws 23
19:21:28   62.9  gfps  59 G  16.7 | Tot  15.6 Surf   0.7 Draw   0.4 Pipe  0.2 Fin  1.9(Sub  1.7) Idle  12.5 GPU   2.5 | draws 23
19:21:29   63.9  gfps  59 G  16.7 | Tot  15.6 Surf   0.7 Draw   0.4 Pipe  0.2 Fin  1.8(Sub  1.7) Idle  12.6 GPU   2.5 | draws 23
19:21:30   64.9  gfps  59 G  16.7 | Tot  15.5 Surf   0.7 Draw   0.4 Pipe  0.2 Fin  1.8(Sub  1.7) Idle  12.5 GPU   2.5 | draws 23
19:21:31   65.9  gfps  59 G  16.7 | Tot  15.6 Surf   0.7 Draw   0.4 Pipe  0.2 Fin  1.8(Sub  1.7) Idle  12.5 GPU   2.5 | draws 23
19:21:32   66.9  gfps  59 G  16.8 | Tot  15.7 Surf   0.7 Draw   0.4 Pipe  0.2 Fin  2.1(Sub  2.0) Idle  12.4 GPU   2.5 | draws 23
19:21:33   67.9  gfps  59 G  16.8 | Tot  15.6 Surf   0.8 Draw   0.5 Pipe  0.2 Fin  2.0(Sub  1.9) Idle  12.4 GPU   2.5 | draws 23
19:21:34   68.9  gfps  59 G  16.6 | Tot  15.4 Surf   0.8 Draw   0.5 Pipe  0.2 Fin  2.5(Sub  2.4) Idle  11.6 GPU   2.5 | draws 23
19:21:35   69.9  gfps  59 G  16.6 | Tot  15.5 Surf   0.8 Draw   0.5 Pipe  0.2 Fin  2.0(Sub  1.8) Idle  12.3 GPU   2.5 | draws 23
19:21:36   70.9  gfps  59 G  16.7 | Tot  15.6 Surf   0.8 Draw   0.5 Pipe  0.2 Fin  2.0(Sub  1.8) Idle  12.3 GPU   2.5 | draws 23
19:21:37   71.9  gfps  59 G  16.8 | Tot  15.6 Surf   0.8 Draw   0.5 Pipe  0.2 Fin  2.1(Sub  2.0) Idle  12.3 GPU   2.5 | draws 23
19:21:38   72.9  gfps  59 G  16.7 | Tot  15.5 Surf   0.8 Draw   0.5 Pipe  0.2 Fin  2.0(Sub  1.9) Idle  12.2 GPU   2.5 | draws 23
19:21:39   73.9  gfps  59 G  16.6 | Tot  15.4 Surf   0.4 Draw   0.5 Pipe  0.2 Fin  2.2(Sub  1.5) Idle  12.3 GPU   2.4 | draws 23
19:21:40   74.9  gfps  59 G  16.7 | Tot  15.5 Surf   0.7 Draw   0.4 Pipe  0.2 Fin  1.9(Sub  1.7) Idle  12.5 GPU   2.5 | draws 23
19:21:41   75.9  gfps  59 G  16.7 | Tot  15.5 Surf   0.7 Draw   0.4 Pipe  0.2 Fin  1.9(Sub  1.7) Idle  12.5 GPU   2.5 | draws 23
19:21:42   76.9  gfps  59 G  16.8 | Tot  15.6 Surf   0.7 Draw   0.4 Pipe  0.2 Fin  1.8(Sub  1.7) Idle  12.6 GPU   2.5 | draws 23
19:21:43   77.9  gfps  59 G  17.0 | Tot  15.8 Surf   0.7 Draw   0.4 Pipe  0.2 Fin  2.2(Sub  2.1) Idle  12.4 GPU   2.5 | draws 23
19:21:44   78.9  gfps  59 G  16.8 | Tot  15.6 Surf   0.7 Draw   0.4 Pipe  0.2 Fin  2.0(Sub  1.9) Idle  12.4 GPU   2.5 | draws 23
19:21:45   80.0  gfps  59 G  16.7 | Tot  15.3 Surf   0.8 Draw   0.6 Pipe  0.4 Fin  2.0(Sub  1.8) Idle  11.9 GPU   2.6 | draws 23
19:21:46   81.0  gfps  59 G  16.7 | Tot  15.4 Surf   0.8 Draw   0.6 Pipe  0.3 Fin  1.9(Sub  1.8) Idle  12.0 GPU   2.6 | draws 51
19:21:47   82.0  gfps  59 G  16.7 | Tot  15.4 Surf   0.8 Draw   0.6 Pipe  0.3 Fin  1.9(Sub  1.7) Idle  12.1 GPU   2.6 | draws 51
19:21:48   83.0  gfps  59 G  16.7 | Tot  15.3 Surf   0.8 Draw   0.6 Pipe  0.3 Fin  1.9(Sub  1.8) Idle  12.1 GPU   2.6 | draws 51
19:21:49   84.0  gfps  59 G  16.6 | Tot  15.2 Surf   0.8 Draw   0.6 Pipe  0.3 Fin  1.9(Sub  1.8) Idle  11.9 GPU   2.6 | draws 51
19:21:50   85.0  gfps  59 G  16.7 | Tot  15.3 Surf   0.8 Draw   0.6 Pipe  0.3 Fin  1.9(Sub  1.8) Idle  11.9 GPU   2.6 | draws 51
19:21:51   86.0  gfps  59 G  16.7 | Tot  15.3 Surf   0.8 Draw   0.6 Pipe  0.3 Fin  1.9(Sub  1.7) Idle  12.0 GPU   2.6 | draws 51
19:21:52   87.0  gfps  59 G  16.6 | Tot  15.1 Surf   0.8 Draw   0.6 Pipe  0.3 Fin  1.9(Sub  1.8) Idle  11.8 GPU   2.6 | draws 51
19:21:53   88.0  gfps  59 G  16.7 | Tot  15.4 Surf   0.8 Draw   0.7 Pipe  0.3 Fin  2.0(Sub  1.8) Idle  11.9 GPU   2.6 | draws 51
19:21:54   89.0  gfps  59 G  16.7 | Tot  15.1 Surf   0.8 Draw   0.6 Pipe  0.3 Fin  2.0(Sub  1.9) Idle  11.7 GPU   2.6 | draws 51
19:21:55   90.0  gfps  59 G  16.8 | Tot  15.4 Surf   0.6 Draw   0.6 Pipe  0.3 Fin  2.5(Sub  1.8) Idle  11.7 GPU   2.6 | draws 51
19:21:56   91.0  gfps  59 G  16.8 | Tot  15.4 Surf   0.8 Draw   0.6 Pipe  0.3 Fin  2.2(Sub  2.1) Idle  11.8 GPU   2.6 | draws 51
19:21:57   92.0  gfps  59 G  16.7 | Tot  15.3 Surf   0.8 Draw   0.6 Pipe  0.3 Fin  1.9(Sub  1.7) Idle  12.1 GPU   2.6 | draws 51
19:21:58   93.0  gfps  59 G  16.7 | Tot  15.3 Surf   0.8 Draw   0.6 Pipe  0.3 Fin  1.8(Sub  1.7) Idle  12.0 GPU   2.6 | draws 51
19:21:59   94.0  gfps  59 G  16.7 | Tot  14.9 Surf   0.8 Draw   1.0 Pipe  0.6 Fin  1.9(Sub  1.8) Idle  11.2 GPU   3.1 | draws 51
19:22:00   95.0  gfps  59 G  16.7 | Tot  14.8 Surf   0.8 Draw   1.0 Pipe  0.6 Fin  1.9(Sub  1.7) Idle  11.1 GPU   3.0 | draws 111
19:22:01   96.0  gfps  59 G  16.9 | Tot  14.9 Surf   0.9 Draw   1.1 Pipe  0.6 Fin  2.0(Sub  1.9) Idle  11.0 GPU   3.1 | draws 111
19:22:02   97.0  gfps  59 G  16.6 | Tot  14.9 Surf   0.8 Draw   1.0 Pipe  0.6 Fin  1.9(Sub  1.8) Idle  11.1 GPU   3.0 | draws 111
19:22:03   98.0  gfps  59 G  16.7 | Tot  15.0 Surf   0.9 Draw   1.0 Pipe  0.6 Fin  2.1(Sub  1.9) Idle  11.0 GPU   3.1 | draws 111
19:22:04   99.0  gfps  59 G  16.8 | Tot  15.0 Surf   0.8 Draw   1.0 Pipe  0.6 Fin  1.9(Sub  1.8) Idle  11.2 GPU   3.0 | draws 111
19:22:05  100.0  gfps  59 G  16.7 | Tot  15.2 Surf   0.9 Draw   1.1 Pipe  0.6 Fin  2.0(Sub  1.9) Idle  11.2 GPU   3.1 | draws 111
19:22:06  101.1  gfps  61 G  16.7 | Tot  15.1 Surf   0.6 Draw   1.1 Pipe  0.6 Fin  4.0(Sub  2.0) Idle   9.5 GPU   2.9 | draws 111
19:22:07  102.1  gfps  60 G  17.0 | Tot  15.3 Surf   0.6 Draw   1.1 Pipe  0.6 Fin  4.0(Sub  1.9) Idle   9.6 GPU   3.0 | draws 111
19:22:08  103.1  gfps  59 G  16.9 | Tot  15.3 Surf   0.7 Draw   1.1 Pipe  0.6 Fin  4.3(Sub  2.2) Idle   9.1 GPU   3.0 | draws 111
19:22:09  104.1  gfps  58 G  16.8 | Tot  15.1 Surf   0.5 Draw   1.1 Pipe  0.6 Fin  4.1(Sub  1.9) Idle   9.4 GPU   3.0 | draws 111
19:22:10  105.1  gfps  56 G  18.1 | Tot  16.4 Surf   0.5 Draw   1.1 Pipe  0.6 Fin  4.7(Sub  2.3) Idle  10.1 GPU   3.0 | draws 111
19:22:11  106.1  gfps  59 G  16.6 | Tot  14.9 Surf   0.6 Draw   1.1 Pipe  0.7 Fin  4.0(Sub  1.8) Idle   9.1 GPU   3.0 | draws 111
19:22:12  107.1  gfps  58 G  17.1 | Tot  15.5 Surf   0.5 Draw   1.1 Pipe  0.6 Fin  4.5(Sub  2.2) Idle   9.4 GPU   3.1 | draws 111
19:22:13  108.1  gfps  63 G  16.5 | Tot  14.9 Surf   0.8 Draw   0.9 Pipe  0.5 Fin  2.0(Sub  1.8) Idle  11.1 GPU   2.9 | draws 111
19:22:14  109.1  gfps  59 G  16.7 | Tot  15.2 Surf   0.8 Draw   0.7 Pipe  0.4 Fin  1.8(Sub  1.7) Idle  11.9 GPU   2.7 | draws 71
19:22:15  110.1  gfps  59 G  16.8 | Tot  15.2 Surf   0.8 Draw   0.7 Pipe  0.4 Fin  2.0(Sub  1.8) Idle  11.8 GPU   2.7 | draws 57
19:22:16  111.1  gfps  59 G  17.0 | Tot  15.5 Surf   0.8 Draw   0.7 Pipe  0.4 Fin  2.2(Sub  2.0) Idle  11.9 GPU   2.7 | draws 57
19:22:17  112.1  gfps  59 G  16.7 | Tot  15.2 Surf   0.8 Draw   0.7 Pipe  0.4 Fin  2.0(Sub  1.8) Idle  11.8 GPU   2.7 | draws 57
19:22:18  113.1  gfps  59 G  16.7 | Tot  15.3 Surf   0.8 Draw   0.7 Pipe  0.4 Fin  2.1(Sub  2.0) Idle  11.8 GPU   2.7 | draws 57
19:22:19  114.1  gfps  59 G  16.7 | Tot  15.3 Surf   0.8 Draw   0.7 Pipe  0.4 Fin  1.9(Sub  1.8) Idle  12.0 GPU   2.7 | draws 57
19:22:20  115.1  gfps  59 G  16.8 | Tot  15.3 Surf   0.8 Draw   0.7 Pipe  0.4 Fin  1.9(Sub  1.7) Idle  12.0 GPU   2.7 | draws 57
19:22:21  116.1  gfps  59 G  16.7 | Tot  15.3 Surf   0.8 Draw   0.7 Pipe  0.4 Fin  2.0(Sub  1.8) Idle  11.8 GPU   2.7 | draws 57
19:22:22  117.1  gfps  59 G  16.6 | Tot  15.2 Surf   0.8 Draw   0.7 Pipe  0.4 Fin  1.9(Sub  1.7) Idle  11.8 GPU   2.7 | draws 57
19:22:23  118.1  gfps  59 G  16.6 | Tot  15.2 Surf   0.8 Draw   0.7 Pipe  0.4 Fin  1.9(Sub  1.8) Idle  11.7 GPU   2.7 | draws 57
19:22:24  119.1  gfps  59 G  16.7 | Tot  15.2 Surf   0.8 Draw   0.7 Pipe  0.4 Fin  1.9(Sub  1.7) Idle  11.8 GPU   2.7 | draws 57
19:22:25  120.1  gfps  59 G  16.8 | Tot  15.2 Surf   0.8 Draw   0.7 Pipe  0.4 Fin  1.9(Sub  1.7) Idle  11.8 GPU   2.7 | draws 57
19:22:26  121.1  gfps  59 G  16.6 | Tot  15.2 Surf   0.8 Draw   0.7 Pipe  0.4 Fin  1.8(Sub  1.7) Idle  11.8 GPU   2.7 | draws 57
19:22:27  122.1  gfps  59 G  16.7 | Tot  15.1 Surf   0.8 Draw   0.7 Pipe  0.4 Fin  1.9(Sub  1.7) Idle  11.7 GPU   2.7 | draws 57
19:22:28  123.1  gfps  59 G  16.6 | Tot  15.1 Surf   0.7 Draw   0.7 Pipe  0.4 Fin  2.3(Sub  1.9) Idle  11.3 GPU   2.7 | draws 57
19:22:29  124.1  gfps  59 G  16.8 | Tot  15.3 Surf   0.8 Draw   0.7 Pipe  0.4 Fin  2.1(Sub  1.9) Idle  11.7 GPU   2.7 | draws 57
19:22:30  125.1  gfps  59 G  16.8 | Tot  14.9 Surf   0.9 Draw   1.2 Pipe  0.7 Fin  1.9(Sub  1.8) Idle  10.8 GPU   3.2 | draws 57
19:22:31  126.1  gfps  59 G  16.6 | Tot  14.6 Surf   0.9 Draw   1.3 Pipe  0.8 Fin  1.9(Sub  1.7) Idle  10.5 GPU   3.4 | draws 161
19:22:32  127.1  gfps  59 G  16.8 | Tot  14.6 Surf   0.9 Draw   1.3 Pipe  0.8 Fin  1.9(Sub  1.8) Idle  10.4 GPU   3.4 | draws 161
19:22:33  128.1  gfps  59 G  16.7 | Tot  14.5 Surf   0.9 Draw   1.3 Pipe  0.8 Fin  1.9(Sub  1.7) Idle  10.4 GPU   3.3 | draws 161
19:22:34  129.1  gfps  59 G  16.7 | Tot  14.5 Surf   0.9 Draw   1.3 Pipe  0.8 Fin  1.9(Sub  1.7) Idle  10.4 GPU   3.3 | draws 161
19:22:35  130.1  gfps  59 G  16.8 | Tot  14.6 Surf   0.9 Draw   1.3 Pipe  0.8 Fin  1.9(Sub  1.8) Idle  10.5 GPU   3.4 | draws 161
19:22:36  131.1  gfps  59 G  16.6 | Tot  14.3 Surf   0.9 Draw   1.3 Pipe  0.8 Fin  1.9(Sub  1.8) Idle  10.2 GPU   3.3 | draws 161
19:22:37  132.1  gfps  59 G  16.9 | Tot  14.4 Surf   0.9 Draw   1.3 Pipe  0.8 Fin  2.4(Sub  2.2) Idle   9.7 GPU   3.4 | draws 161
19:22:38  133.1  gfps  59 G  16.6 | Tot  14.4 Surf   0.9 Draw   1.3 Pipe  0.8 Fin  2.2(Sub  2.1) Idle   9.9 GPU   3.3 | draws 161
19:22:39  134.1  gfps  59 G  16.5 | Tot  14.5 Surf   0.9 Draw   1.5 Pipe  0.9 Fin  1.9(Sub  1.8) Idle  10.2 GPU   3.3 | draws 161
19:22:40  135.1  gfps  59 G  16.5 | Tot  14.5 Surf   0.9 Draw   1.4 Pipe  0.8 Fin  2.3(Sub  2.2) Idle   9.9 GPU   3.4 | draws 161
19:22:41  136.1  gfps  59 G  16.6 | Tot  14.3 Surf   1.0 Draw   1.3 Pipe  0.8 Fin  2.4(Sub  2.3) Idle   9.5 GPU   3.4 | draws 161
19:22:42  137.1  gfps  59 G  16.7 | Tot  14.4 Surf   0.9 Draw   1.3 Pipe  0.8 Fin  2.0(Sub  1.9) Idle  10.1 GPU   3.3 | draws 161
19:22:43  138.1  gfps  59 G  16.8 | Tot  14.6 Surf   0.9 Draw   1.4 Pipe  0.8 Fin  2.0(Sub  1.8) Idle  10.3 GPU   3.3 | draws 161
19:22:44  139.1  gfps  59 G  16.5 | Tot  14.4 Surf   0.5 Draw   1.4 Pipe  0.8 Fin  2.1(Sub  1.5) Idle  10.4 GPU   3.3 | draws 161
19:22:45  140.1  gfps  59 G  16.6 | Tot  14.4 Surf   0.9 Draw   1.4 Pipe  0.9 Fin  2.0(Sub  1.8) Idle  10.1 GPU   3.3 | draws 161
19:22:46  141.1  gfps  59 G  16.7 | Tot  14.6 Surf   0.9 Draw   1.3 Pipe  0.8 Fin  1.9(Sub  1.8) Idle  10.5 GPU   3.4 | draws 161
19:22:47  142.1  gfps  59 G  16.7 | Tot  14.9 Surf   0.8 Draw   1.0 Pipe  0.6 Fin  1.9(Sub  1.7) Idle  11.1 GPU   3.0 | draws 161
19:22:48  143.1  gfps  59 G  16.9 | Tot  15.1 Surf   0.9 Draw   1.0 Pipe  0.6 Fin  2.0(Sub  1.8) Idle  11.2 GPU   3.1 | draws 113
19:22:49  144.1  gfps  59 G  16.8 | Tot  14.9 Surf   0.8 Draw   1.0 Pipe  0.6 Fin  2.0(Sub  1.9) Idle  11.0 GPU   3.0 | draws 113
19:22:50  145.1  gfps  59 G  16.7 | Tot  14.8 Surf   0.8 Draw   1.0 Pipe  0.6 Fin  2.0(Sub  1.9) Idle  11.0 GPU   3.0 | draws 113
19:22:51  146.1  gfps  59 G  16.8 | Tot  15.0 Surf   0.9 Draw   1.0 Pipe  0.6 Fin  2.1(Sub  1.9) Idle  11.0 GPU   3.0 | draws 113
19:22:52  147.1  gfps  59 G  16.7 | Tot  14.9 Surf   0.9 Draw   1.0 Pipe  0.6 Fin  2.0(Sub  1.9) Idle  11.0 GPU   3.1 | draws 113
19:22:53  148.1  gfps  59 G  16.8 | Tot  14.8 Surf   0.9 Draw   1.0 Pipe  0.6 Fin  1.9(Sub  1.8) Idle  11.0 GPU   3.0 | draws 113
19:22:54  149.1  gfps  59 G  16.6 | Tot  14.8 Surf   0.9 Draw   1.1 Pipe  0.6 Fin  1.9(Sub  1.8) Idle  11.0 GPU   3.0 | draws 113
19:22:55  150.1  gfps  59 G  16.6 | Tot  15.0 Surf   0.9 Draw   1.0 Pipe  0.6 Fin  2.0(Sub  1.8) Idle  11.0 GPU   3.0 | draws 113
19:22:56  151.1  gfps  59 G  16.7 | Tot  14.9 Surf   0.9 Draw   1.0 Pipe  0.6 Fin  1.9(Sub  1.7) Idle  11.1 GPU   3.0 | draws 113
19:22:57  152.1  gfps  59 G  16.8 | Tot  15.0 Surf   0.9 Draw   1.1 Pipe  0.7 Fin  1.9(Sub  1.7) Idle  11.2 GPU   3.0 | draws 113
19:22:58  153.1  gfps  59 G  16.6 | Tot  14.7 Surf   0.9 Draw   1.0 Pipe  0.6 Fin  1.9(Sub  1.7) Idle  11.0 GPU   3.0 | draws 113
19:22:59  154.1  gfps  59 G  16.8 | Tot  14.8 Surf   0.8 Draw   1.0 Pipe  0.6 Fin  2.0(Sub  1.9) Idle  11.0 GPU   3.0 | draws 113
19:23:00  155.1  gfps  59 G  16.6 | Tot  14.6 Surf   0.6 Draw   1.0 Pipe  0.6 Fin  2.7(Sub  1.8) Idle  10.2 GPU   3.0 | draws 113
19:23:01  156.1  gfps  59 G  16.6 | Tot  14.7 Surf   0.9 Draw   1.0 Pipe  0.6 Fin  1.9(Sub  1.8) Idle  10.9 GPU   3.0 | draws 113
19:23:02  157.2  gfps  59 G  16.8 | Tot  14.9 Surf   0.9 Draw   1.1 Pipe  0.6 Fin  2.6(Sub  2.4) Idle  10.3 GPU   3.1 | draws 113
19:23:03  158.2  gfps  59 G  16.6 | Tot  14.7 Surf   0.9 Draw   1.0 Pipe  0.6 Fin  1.9(Sub  1.8) Idle  10.9 GPU   3.1 | draws 113
19:23:04  159.2  gfps  59 G  16.6 | Tot  15.0 Surf   0.9 Draw   1.1 Pipe  0.6 Fin  1.9(Sub  1.8) Idle  11.1 GPU   3.1 | draws 113
19:23:07  162.1  gfps  62 G  17.8 | Tot  16.4 Surf   1.0 Draw   3.1 Pipe  2.2 Fin  4.0(Sub  3.9) Idle   7.2 GPU   6.5 | draws 113
19:23:08  163.1  gfps  59 G  16.6 | Tot  14.0 Surf   1.0 Draw   1.8 Pipe  0.9 Fin  4.0(Sub  3.8) Idle   7.3 GPU   6.5 | draws 205
19:23:09  164.1  gfps  59 G  16.6 | Tot  13.7 Surf   1.0 Draw   1.8 Pipe  0.9 Fin  4.0(Sub  3.9) Idle   6.9 GPU   6.5 | draws 205
19:23:10  165.1  gfps  59 G  16.7 | Tot  13.9 Surf   1.0 Draw   1.8 Pipe  0.9 Fin  4.0(Sub  3.9) Idle   7.1 GPU   6.5 | draws 205
19:23:11  166.1  gfps  59 G  16.7 | Tot  14.1 Surf   1.0 Draw   1.8 Pipe  0.9 Fin  4.0(Sub  3.9) Idle   7.3 GPU   6.4 | draws 205
19:23:12  167.1  gfps  59 G  16.7 | Tot  14.2 Surf   1.0 Draw   1.8 Pipe  0.9 Fin  4.3(Sub  4.2) Idle   7.1 GPU   6.4 | draws 205
19:23:13  168.1  gfps  59 G  16.9 | Tot  14.3 Surf   1.0 Draw   1.8 Pipe  0.9 Fin  4.3(Sub  4.1) Idle   7.3 GPU   6.4 | draws 205
19:23:14  169.1  gfps  59 G  16.9 | Tot  14.4 Surf   1.0 Draw   1.9 Pipe  0.9 Fin  4.9(Sub  4.8) Idle   6.6 GPU   6.4 | draws 205
19:23:15  170.1  gfps  59 G  16.8 | Tot  14.1 Surf   1.0 Draw   1.9 Pipe  0.9 Fin  4.2(Sub  4.0) Idle   7.1 GPU   6.4 | draws 205
19:23:16  171.1  gfps  59 G  16.8 | Tot  14.3 Surf   0.9 Draw   1.9 Pipe  1.0 Fin  4.2(Sub  3.8) Idle   7.3 GPU   6.4 | draws 205
19:23:17  172.1  gfps  59 G  16.7 | Tot  14.3 Surf   1.0 Draw   1.9 Pipe  1.0 Fin  4.0(Sub  3.8) Idle   7.5 GPU   6.4 | draws 205
19:23:18  173.1  gfps  59 G  16.7 | Tot  14.2 Surf   1.0 Draw   1.9 Pipe  0.9 Fin  4.2(Sub  4.0) Idle   7.2 GPU   6.4 | draws 205
19:23:19  174.1  gfps  59 G  16.5 | Tot  14.1 Surf   1.0 Draw   1.8 Pipe  0.9 Fin  3.9(Sub  3.8) Idle   7.4 GPU   6.3 | draws 205
19:23:20  175.1  gfps  59 G  16.6 | Tot  14.3 Surf   1.0 Draw   1.8 Pipe  0.9 Fin  4.0(Sub  3.8) Idle   7.5 GPU   6.5 | draws 205
19:23:21  176.1  gfps  59 G  16.7 | Tot  14.1 Surf   1.0 Draw   1.8 Pipe  0.9 Fin  4.2(Sub  4.1) Idle   7.1 GPU   6.5 | draws 205
19:23:22  177.1  gfps  59 G  16.7 | Tot  14.3 Surf   1.0 Draw   1.9 Pipe  1.0 Fin  4.7(Sub  4.6) Idle   6.7 GPU   7.3 | draws 205
19:23:49  203.9  gfps  25 G  41.7 | Tot  37.8 Surf   1.5 Draw   7.6 Pipe  4.6 Fin 11.7(Sub  8.7) Idle  15.9 GPU  13.4 | draws 206
19:23:58  212.6  gfps  21 G  47.4 | Tot  40.9 Surf   1.7 Draw   8.2 Pipe  4.4 Fin 12.1(Sub  8.8) Idle  18.6 GPU  14.1 | draws 517
19:24:02  216.7  gfps  21 G  47.1 | Tot  41.0 Surf   1.6 Draw   8.9 Pipe  5.0 Fin 11.3(Sub  8.0) Idle  18.2 GPU  13.1 | draws 620
19:24:05  219.6  gfps  21 G  47.0 | Tot  39.9 Surf   1.6 Draw   8.0 Pipe  4.2 Fin 11.2(Sub  8.0) Idle  18.9 GPU  13.1 | draws 621
19:24:07  222.3  gfps  22 G  45.3 | Tot  38.5 Surf   1.6 Draw   8.0 Pipe  4.2 Fin 11.2(Sub  8.0) Idle  17.6 GPU  13.0 | draws 608
19:24:10  225.1  gfps  22 G  45.0 | Tot  38.2 Surf   1.6 Draw   7.9 Pipe  4.2 Fin 11.1(Sub  7.9) Idle  17.4 GPU  12.9 | draws 603
19:24:13  227.8  gfps  20 G  48.1 | Tot  41.3 Surf   1.6 Draw   7.6 Pipe  4.1 Fin 11.1(Sub  7.8) Idle  20.8 GPU  12.6 | draws 595
19:24:16  230.7  gfps  21 G  44.7 | Tot  38.3 Surf   1.6 Draw   7.6 Pipe  4.1 Fin 11.5(Sub  8.3) Idle  17.4 GPU  12.7 | draws 559
19:24:18  233.4  gfps  21 G  46.0 | Tot  39.3 Surf   1.6 Draw   7.7 Pipe  4.1 Fin 11.4(Sub  8.2) Idle  18.4 GPU  12.9 | draws 562
19:24:21  236.4  gfps  15 G  60.9 | Tot  53.7 Surf   1.7 Draw   8.4 Pipe  4.4 Fin 12.4(Sub  8.9) Idle  30.9 GPU  13.2 | draws 564
19:24:24  239.5  gfps  20 G  48.0 | Tot  41.3 Surf   1.7 Draw   8.3 Pipe  4.4 Fin 11.7(Sub  8.2) Idle  19.4 GPU  13.3 | draws 572
19:24:27  242.3  gfps  22 G  45.6 | Tot  39.3 Surf   1.6 Draw   7.8 Pipe  4.2 Fin 11.3(Sub  8.1) Idle  18.4 GPU  12.8 | draws 566
19:24:30  245.1  gfps  21 G  46.7 | Tot  40.0 Surf   1.6 Draw   7.9 Pipe  4.2 Fin 11.3(Sub  8.2) Idle  19.0 GPU  12.9 | draws 551
19:24:33  247.9  gfps  20 G  46.8 | Tot  40.4 Surf   1.6 Draw   8.0 Pipe  4.3 Fin 11.5(Sub  8.3) Idle  19.0 GPU  12.9 | draws 554
19:24:36  251.0  gfps  20 G  48.6 | Tot  41.9 Surf   1.7 Draw   8.4 Pipe  4.4 Fin 11.8(Sub  8.7) Idle  19.7 GPU  13.4 | draws 556
19:24:39  254.0  gfps  19 G  47.0 | Tot  40.5 Surf   1.6 Draw   8.1 Pipe  4.3 Fin 11.4(Sub  8.4) Idle  19.1 GPU  13.3 | draws 566
19:24:42  256.8  gfps  21 G  45.6 | Tot  39.2 Surf   1.6 Draw   8.0 Pipe  4.3 Fin 11.5(Sub  8.4) Idle  17.8 GPU  12.9 | draws 565
19:24:45  259.7  gfps  21 G  47.3 | Tot  40.5 Surf   1.6 Draw   8.0 Pipe  4.3 Fin 11.1(Sub  8.0) Idle  19.6 GPU  12.9 | draws 558
19:24:48  262.5  gfps  21 G  47.0 | Tot  40.4 Surf   1.6 Draw   8.0 Pipe  4.3 Fin 11.5(Sub  8.4) Idle  19.0 GPU  13.1 | draws 559
19:24:51  265.6  gfps  15 G  61.8 | Tot  54.7 Surf   1.7 Draw   8.4 Pipe  4.5 Fin 11.6(Sub  8.4) Idle  32.7 GPU  13.0 | draws 559
19:24:54  268.6  gfps  20 G  48.6 | Tot  41.7 Surf   1.7 Draw   8.3 Pipe  4.4 Fin 11.6(Sub  8.4) Idle  19.8 GPU  12.8 | draws 558
19:24:58  273.2  gfps  20 G  48.7 | Tot  41.8 Surf   1.7 Draw   8.2 Pipe  4.4 Fin 12.4(Sub  9.2) Idle  19.2 GPU  12.9 | draws 555
19:25:01  276.1  gfps  28 G  39.0 | Tot  34.4 Surf   1.5 Draw   8.8 Pipe  5.7 Fin 12.0(Sub  9.3) Idle   9.9 GPU  13.9 | draws 543
19:25:03  278.3  gfps  27 G  36.2 | Tot  29.2 Surf   1.6 Draw   7.3 Pipe  3.9 Fin 10.7(Sub  8.3) Idle   9.6 GPU  12.8 | draws 563
19:25:06  280.7  gfps  21 G  46.1 | Tot  39.5 Surf   1.6 Draw   7.8 Pipe  4.3 Fin 11.9(Sub  8.7) Idle  17.9 GPU  12.9 | draws 563
19:25:09  283.5  gfps  20 G  47.2 | Tot  40.4 Surf   1.6 Draw   7.6 Pipe  4.0 Fin 11.6(Sub  8.5) Idle  19.5 GPU  12.6 | draws 535
19:25:12  286.6  gfps  21 G  48.0 | Tot  41.1 Surf   1.6 Draw   7.9 Pipe  4.2 Fin 11.7(Sub  8.5) Idle  19.7 GPU  12.9 | draws 535
19:25:15  289.6  gfps  20 G  48.7 | Tot  41.5 Surf   1.6 Draw   8.0 Pipe  4.2 Fin 11.2(Sub  8.1) Idle  20.5 GPU  12.6 | draws 548
19:25:17  292.5  gfps  20 G  48.0 | Tot  41.1 Surf   1.6 Draw   8.0 Pipe  4.3 Fin 11.2(Sub  8.1) Idle  19.9 GPU  12.7 | draws 547
19:25:20  295.4  gfps  19 G  49.8 | Tot  42.9 Surf   1.7 Draw   8.2 Pipe  4.4 Fin 12.2(Sub  9.0) Idle  20.6 GPU  13.0 | draws 546
19:25:23  298.4  gfps  19 G  49.2 | Tot  42.6 Surf   1.7 Draw   8.2 Pipe  4.5 Fin 11.9(Sub  8.8) Idle  20.5 GPU  13.3 | draws 549
19:25:27  301.7  gfps  19 G  53.8 | Tot  46.7 Surf   1.7 Draw   8.8 Pipe  4.7 Fin 12.3(Sub  9.0) Idle  23.6 GPU  13.3 | draws 553
19:25:30  305.0  gfps  18 G  53.5 | Tot  46.2 Surf   1.8 Draw   9.1 Pipe  4.8 Fin 12.7(Sub  9.0) Idle  22.4 GPU  13.5 | draws 562
19:25:33  308.2  gfps  19 G  51.4 | Tot  44.4 Surf   1.7 Draw   8.6 Pipe  4.7 Fin 11.9(Sub  8.6) Idle  21.9 GPU  12.8 | draws 566
19:25:36  311.3  gfps  19 G  51.7 | Tot  44.4 Surf   1.7 Draw   8.6 Pipe  4.6 Fin 11.7(Sub  8.4) Idle  22.2 GPU  12.9 | draws 551
19:25:39  314.4  gfps  18 G  52.3 | Tot  45.1 Surf   1.7 Draw   8.8 Pipe  4.7 Fin 11.7(Sub  8.4) Idle  22.6 GPU  12.8 | draws 550
19:25:40  314.9  -- route: mark gameplay
19:25:43  317.9  gfps  19 G  52.2 | Tot  45.0 Surf   1.7 Draw   8.7 Pipe  4.6 Fin 12.0(Sub  8.7) Idle  22.4 GPU  13.1 | draws 552
19:25:46  321.1  gfps  19 G  50.3 | Tot  43.3 Surf   1.7 Draw   8.5 Pipe  4.5 Fin 11.6(Sub  8.3) Idle  21.2 GPU  12.7 | draws 555
19:25:49  324.3  gfps  17 G  54.2 | Tot  46.7 Surf   1.7 Draw   8.7 Pipe  4.7 Fin 11.7(Sub  8.4) Idle  24.3 GPU  13.1 | draws 543
19:25:53  327.6  gfps  18 G  54.4 | Tot  46.8 Surf   1.8 Draw   9.1 Pipe  4.9 Fin 12.0(Sub  8.6) Idle  23.7 GPU  13.5 | draws 562
19:25:57  331.6  gfps  17 G  58.6 | Tot  53.6 Surf   1.7 Draw  11.5 Pipe  7.2 Fin 12.1(Sub  8.6) Idle  25.5 GPU  13.3 | draws 590
19:26:00  334.9  gfps  17 G  55.8 | Tot  49.1 Surf   1.8 Draw   8.9 Pipe  4.6 Fin 12.8(Sub  9.1) Idle  25.4 GPU  13.2 | draws 573
19:26:03  338.2  gfps  18 G  52.9 | Tot  47.1 Surf   1.7 Draw   8.0 Pipe  4.2 Fin 12.7(Sub  8.9) Idle  24.4 GPU  12.1 | draws 530
19:26:06  341.2  gfps  21 G  44.4 | Tot  40.0 Surf   1.5 Draw   6.4 Pipe  3.4 Fin 11.0(Sub  8.6) Idle  20.9 GPU  11.0 | draws 446
19:26:09  343.8  gfps  22 G  42.9 | Tot  38.9 Surf   1.4 Draw   5.6 Pipe  3.0 Fin 11.0(Sub  8.6) Idle  20.6 GPU  10.6 | draws 319
19:26:12  346.7  gfps   2 G  95.8 | Tot 141.1 Surf   1.5 Draw  60.3 Pipe 57.3 Fin 11.3(Sub  8.1) Idle  18.0 GPU  11.5 | draws 260
19:26:16  351.0  gfps  17 G  56.0 | Tot  49.8 Surf   1.7 Draw   8.3 Pipe  4.4 Fin 11.9(Sub  8.5) Idle  27.6 GPU  13.1 | draws 399
19:26:19  354.5  gfps  16 G  56.7 | Tot  49.8 Surf   1.8 Draw   9.0 Pipe  4.8 Fin 11.7(Sub  8.1) Idle  27.1 GPU  13.2 | draws 527
19:26:23  358.5  gfps  15 G  73.1 | Tot  76.4 Surf   1.8 Draw  21.2 Pipe 16.6 Fin 12.4(Sub  8.8) Idle  29.6 GPU  14.1 | draws 573
19:26:27  362.1  gfps  16 G  59.5 | Tot  51.7 Surf   1.8 Draw   9.6 Pipe  5.0 Fin 12.0(Sub  8.5) Idle  28.0 GPU  13.8 | draws 620
19:26:31  366.1  gfps   3 G 107.7 | Tot 149.8 Surf   1.8 Draw  60.2 Pipe 55.8 Fin 12.4(Sub  8.7) Idle  25.8 GPU  13.6 | draws 619
19:26:35  369.7  gfps  17 G  58.5 | Tot  51.5 Surf   1.8 Draw   8.8 Pipe  4.6 Fin 12.4(Sub  8.9) Idle  28.2 GPU  13.0 | draws 587
19:26:38  373.3  gfps  16 G  61.5 | Tot  54.7 Surf   1.8 Draw   9.2 Pipe  4.8 Fin 13.2(Sub  9.4) Idle  30.1 GPU  13.0 | draws 546
19:26:42  376.9  gfps  17 G  57.6 | Tot  51.0 Surf   1.8 Draw   9.2 Pipe  4.7 Fin 12.6(Sub  9.0) Idle  27.2 GPU  13.2 | draws 529
19:26:46  380.5  gfps  17 G  60.0 | Tot  53.3 Surf   1.8 Draw   9.2 Pipe  4.7 Fin 12.7(Sub  9.0) Idle  29.4 GPU  14.0 | draws 545
19:26:49  384.4  gfps  17 G  58.9 | Tot  52.5 Surf   1.8 Draw   8.7 Pipe  4.4 Fin 12.1(Sub  8.4) Idle  29.6 GPU  12.8 | draws 574
19:26:53  388.1  gfps  16 G  57.2 | Tot  50.9 Surf   1.7 Draw   8.6 Pipe  4.4 Fin 12.3(Sub  8.6) Idle  27.9 GPU  12.6 | draws 530
19:26:56  391.5  gfps  18 G  54.5 | Tot  48.6 Surf   1.7 Draw   8.0 Pipe  4.1 Fin 12.5(Sub  8.7) Idle  26.2 GPU  12.1 | draws 508
19:27:00  394.5  gfps  21 G  46.6 | Tot  41.8 Surf   1.6 Draw   6.8 Pipe  3.6 Fin 12.5(Sub  8.7) Idle  20.6 GPU  11.0 | draws 455
19:27:03  397.8  gfps  10 G 102.7 | Tot 157.7 Surf   1.0 Draw  64.8 Pipe 62.7 Fin  8.9(Sub  6.4) Idle  24.2 GPU   8.9 | draws 357
19:27:05  400.0  gfps  26 G  35.8 | Tot  32.7 Surf   1.3 Draw   3.8 Pipe  2.1 Fin  8.4(Sub  6.7) Idle  18.9 GPU   8.0 | draws 209
19:27:07  402.1  gfps  29 G  33.2 | Tot  30.6 Surf   1.7 Draw   3.8 Pipe  2.2 Fin  9.4(Sub  8.9) Idle  15.4 GPU  10.0 | draws 184
19:27:09  404.4  gfps  29 G  34.2 | Tot  32.7 Surf   1.8 Draw   5.4 Pipe  3.5 Fin 10.6(Sub 10.1) Idle  13.8 GPU  11.1 | draws 188
19:27:11  406.4  gfps  29 G  33.2 | Tot  29.3 Surf   1.5 Draw   3.4 Pipe  1.8 Fin  9.7(Sub  9.3) Idle  14.7 GPU  11.2 | draws 194
19:27:13  408.4  gfps  29 G  33.3 | Tot  29.9 Surf   1.5 Draw   3.2 Pipe  1.7 Fin  9.7(Sub  9.4) Idle  15.6 GPU  11.2 | draws 242
19:27:15  410.4  gfps  29 G  33.3 | Tot  29.8 Surf   1.5 Draw   3.2 Pipe  1.7 Fin  9.8(Sub  9.4) Idle  15.4 GPU  11.2 | draws 242
19:27:17  412.4  gfps  29 G  33.4 | Tot  30.0 Surf   1.6 Draw   3.3 Pipe  1.7 Fin 10.1(Sub  9.7) Idle  15.0 GPU  11.2 | draws 242
19:27:19  414.4  gfps  29 G  33.7 | Tot  30.1 Surf   1.2 Draw   3.1 Pipe  1.6 Fin 10.3(Sub  9.2) Idle  15.6 GPU  11.1 | draws 242
19:27:21  416.4  gfps  29 G  33.5 | Tot  29.8 Surf   1.5 Draw   3.3 Pipe  1.8 Fin  9.8(Sub  9.4) Idle  15.2 GPU  11.2 | draws 242
19:27:23  418.4  gfps  29 G  33.5 | Tot  29.8 Surf   1.5 Draw   3.2 Pipe  1.7 Fin  9.8(Sub  9.4) Idle  15.4 GPU  11.2 | draws 242
19:27:25  420.4  gfps  29 G  33.5 | Tot  30.1 Surf   1.7 Draw   4.1 Pipe  2.2 Fin 10.2(Sub  9.8) Idle  14.1 GPU  11.3 | draws 242
19:27:27  422.4  gfps  29 G  33.4 | Tot  30.0 Surf   1.7 Draw   4.1 Pipe  2.3 Fin 10.2(Sub  9.8) Idle  14.0 GPU  11.3 | draws 242
19:27:29  424.4  gfps  29 G  33.8 | Tot  30.3 Surf   1.7 Draw   4.1 Pipe  2.2 Fin 10.9(Sub 10.4) Idle  13.6 GPU  11.3 | draws 242
19:27:31  426.4  gfps  29 G  33.6 | Tot  30.4 Surf   1.7 Draw   4.0 Pipe  2.2 Fin  9.9(Sub  9.5) Idle  14.8 GPU  11.2 | draws 242
19:27:33  428.4  gfps  29 G  33.4 | Tot  29.9 Surf   1.8 Draw   4.2 Pipe  2.3 Fin 10.0(Sub  9.6) Idle  14.0 GPU  11.3 | draws 242
19:27:35  430.5  gfps  29 G  33.2 | Tot  29.9 Surf   1.7 Draw   4.3 Pipe  2.4 Fin 10.0(Sub  9.6) Idle  13.8 GPU  11.2 | draws 242
19:27:37  432.5  gfps  29 G  33.6 | Tot  30.3 Surf   1.7 Draw   4.1 Pipe  2.3 Fin 10.5(Sub 10.1) Idle  14.0 GPU  11.2 | draws 242
19:27:39  434.5  gfps  29 G  33.4 | Tot  30.0 Surf   1.7 Draw   4.2 Pipe  2.3 Fin 10.1(Sub  9.7) Idle  14.0 GPU  11.3 | draws 242
19:27:41  436.5  gfps  29 G  33.7 | Tot  30.5 Surf   1.7 Draw   4.1 Pipe  2.3 Fin 10.5(Sub 10.1) Idle  14.2 GPU  11.2 | draws 242
19:27:43  438.5  gfps  29 G  33.7 | Tot  30.3 Surf   1.7 Draw   4.2 Pipe  2.3 Fin 10.5(Sub 10.1) Idle  13.9 GPU  11.3 | draws 242
19:27:45  440.5  gfps  29 G  33.6 | Tot  30.2 Surf   1.8 Draw   4.3 Pipe  2.3 Fin 10.5(Sub 10.1) Idle  13.6 GPU  11.3 | draws 242
19:27:47  442.5  gfps  29 G  33.1 | Tot  29.7 Surf   1.7 Draw   4.1 Pipe  2.2 Fin 10.5(Sub 10.0) Idle  13.5 GPU  11.2 | draws 242
19:27:50  444.5  gfps  29 G  33.4 | Tot  29.9 Surf   1.7 Draw   4.2 Pipe  2.3 Fin 10.0(Sub  9.6) Idle  14.0 GPU  11.2 | draws 242
19:27:52  446.5  gfps  29 G  33.4 | Tot  30.1 Surf   1.7 Draw   4.1 Pipe  2.3 Fin 10.2(Sub  9.7) Idle  14.1 GPU  11.3 | draws 242
19:27:54  448.5  gfps  29 G  32.9 | Tot  29.8 Surf   1.7 Draw   3.9 Pipe  2.2 Fin 10.3(Sub  9.9) Idle  13.9 GPU  11.3 | draws 242
19:27:56  450.5  gfps  29 G  33.2 | Tot  30.0 Surf   1.7 Draw   4.0 Pipe  2.2 Fin 10.2(Sub  9.8) Idle  14.0 GPU  11.3 | draws 242
19:27:58  452.5  gfps  29 G  33.4 | Tot  30.0 Surf   1.7 Draw   4.2 Pipe  2.3 Fin 10.3(Sub  9.7) Idle  13.9 GPU  11.2 | draws 242
19:28:00  454.5  gfps  29 G  33.5 | Tot  29.9 Surf   1.8 Draw   4.3 Pipe  2.4 Fin 10.5(Sub  9.9) Idle  13.3 GPU  11.2 | draws 242
19:28:02  456.5  gfps  29 G  33.4 | Tot  30.2 Surf   1.7 Draw   3.8 Pipe  2.0 Fin 10.0(Sub  9.6) Idle  14.7 GPU  11.2 | draws 242
19:28:04  458.5  gfps  29 G  33.5 | Tot  30.1 Surf   1.8 Draw   4.3 Pipe  2.3 Fin 10.3(Sub  9.8) Idle  13.8 GPU  11.3 | draws 242
19:28:06  460.5  gfps  29 G  33.8 | Tot  29.9 Surf   1.8 Draw   4.4 Pipe  2.4 Fin 10.8(Sub 10.4) Idle  13.0 GPU  11.3 | draws 242
19:28:08  462.5  gfps  29 G  33.4 | Tot  30.0 Surf   1.7 Draw   4.3 Pipe  2.4 Fin  9.9(Sub  9.5) Idle  14.0 GPU  11.2 | draws 242
19:28:10  464.5  gfps  29 G  33.5 | Tot  30.2 Surf   1.7 Draw   4.0 Pipe  2.2 Fin 10.0(Sub  9.6) Idle  14.5 GPU  11.3 | draws 242
19:28:12  466.5  gfps  29 G  33.5 | Tot  30.0 Surf   1.7 Draw   4.2 Pipe  2.3 Fin 10.2(Sub  9.7) Idle  13.9 GPU  11.2 | draws 242
19:28:14  468.5  gfps  29 G  33.6 | Tot  30.4 Surf   1.8 Draw   4.2 Pipe  2.3 Fin 10.6(Sub 10.1) Idle  13.9 GPU  11.3 | draws 242
19:28:16  470.5  gfps  29 G  33.5 | Tot  30.2 Surf   1.7 Draw   4.3 Pipe  2.3 Fin 10.7(Sub 10.0) Idle  13.6 GPU  11.2 | draws 242
19:28:18  472.5  gfps  30 G  33.4 | Tot  29.7 Surf   1.8 Draw   4.7 Pipe  2.6 Fin 10.5(Sub 10.0) Idle  12.8 GPU  11.2 | draws 242
19:28:20  474.5  gfps  29 G  33.6 | Tot  29.9 Surf   1.8 Draw   4.4 Pipe  2.5 Fin 10.8(Sub 10.3) Idle  12.9 GPU  11.3 | draws 242
19:28:22  476.5  gfps  29 G  33.5 | Tot  29.9 Surf   1.8 Draw   4.5 Pipe  2.5 Fin 10.2(Sub  9.7) Idle  13.5 GPU  11.3 | draws 242
19:28:24  478.5  gfps  29 G  33.7 | Tot  30.3 Surf   1.7 Draw   4.3 Pipe  2.4 Fin 10.2(Sub  9.7) Idle  14.1 GPU  11.3 | draws 242
19:28:26  480.5  gfps  29 G  33.4 | Tot  29.9 Surf   1.7 Draw   4.3 Pipe  2.4 Fin 10.2(Sub  9.7) Idle  13.6 GPU  11.3 | draws 242
19:28:28  482.5  gfps  29 G  32.9 | Tot  29.6 Surf   1.7 Draw   4.1 Pipe  2.3 Fin 10.1(Sub  9.7) Idle  13.7 GPU  11.2 | draws 242
19:28:30  484.5  gfps  29 G  33.8 | Tot  30.5 Surf   1.7 Draw   4.1 Pipe  2.3 Fin 10.5(Sub 10.0) Idle  14.2 GPU  11.2 | draws 242
19:28:32  486.5  gfps  29 G  33.4 | Tot  29.9 Surf   1.5 Draw   4.4 Pipe  2.4 Fin 10.7(Sub  9.8) Idle  13.2 GPU  11.3 | draws 242
19:28:34  488.5  gfps  29 G  33.3 | Tot  29.7 Surf   1.8 Draw   4.3 Pipe  2.4 Fin 10.1(Sub  9.7) Idle  13.4 GPU  11.3 | draws 242
19:28:36  490.5  gfps  29 G  33.6 | Tot  29.9 Surf   1.7 Draw   4.2 Pipe  2.3 Fin 10.4(Sub  9.9) Idle  13.6 GPU  11.3 | draws 242
19:28:38  492.6  gfps  29 G  33.6 | Tot  29.8 Surf   1.8 Draw   4.5 Pipe  2.5 Fin 10.2(Sub  9.7) Idle  13.4 GPU  11.2 | draws 242
19:28:40  494.6  gfps  29 G  33.0 | Tot  29.9 Surf   1.6 Draw   3.8 Pipe  2.0 Fin  9.9(Sub  9.5) Idle  14.6 GPU  11.3 | draws 242
19:28:42  496.6  gfps  29 G  33.5 | Tot  30.1 Surf   1.8 Draw   4.5 Pipe  2.5 Fin 10.7(Sub 10.2) Idle  13.2 GPU  11.2 | draws 242
19:28:44  498.6  gfps  29 G  33.3 | Tot  29.8 Surf   1.4 Draw   4.2 Pipe  2.3 Fin 11.0(Sub  9.6) Idle  13.2 GPU  11.2 | draws 242
19:28:46  500.6  gfps  29 G  33.5 | Tot  29.9 Surf   1.7 Draw   4.3 Pipe  2.4 Fin 10.3(Sub  9.9) Idle  13.5 GPU  11.2 | draws 242
19:28:48  502.6  gfps  29 G  33.5 | Tot  29.9 Surf   1.8 Draw   4.6 Pipe  2.6 Fin 10.7(Sub 10.3) Idle  12.7 GPU  11.3 | draws 242
19:28:50  504.6  gfps  29 G  33.4 | Tot  29.4 Surf   1.9 Draw   4.8 Pipe  2.6 Fin 10.1(Sub  9.6) Idle  12.7 GPU  11.2 | draws 242
19:28:52  506.6  gfps  29 G  33.2 | Tot  29.7 Surf   1.9 Draw   4.7 Pipe  2.6 Fin 10.5(Sub 10.0) Idle  12.6 GPU  11.3 | draws 242
19:28:54  508.6  gfps  29 G  33.7 | Tot  30.2 Surf   1.8 Draw   4.4 Pipe  2.4 Fin 10.5(Sub 10.0) Idle  13.5 GPU  11.2 | draws 242
19:28:56  510.6  gfps  29 G  33.3 | Tot  29.8 Surf   1.8 Draw   4.5 Pipe  2.5 Fin 10.7(Sub 10.2) Idle  12.8 GPU  11.2 | draws 242
19:28:58  512.6  gfps  29 G  33.4 | Tot  30.2 Surf   1.8 Draw   4.3 Pipe  2.4 Fin 10.8(Sub 10.3) Idle  13.3 GPU  11.2 | draws 242
19:29:00  514.6  gfps  29 G  33.4 | Tot  29.9 Surf   1.4 Draw   4.5 Pipe  2.5 Fin 10.8(Sub  9.6) Idle  13.2 GPU  11.1 | draws 242
19:29:02  516.6  gfps  29 G  33.3 | Tot  29.8 Surf   1.8 Draw   4.5 Pipe  2.5 Fin 10.3(Sub  9.8) Idle  13.2 GPU  11.3 | draws 242
19:29:04  518.6  gfps  29 G  33.4 | Tot  29.8 Surf   1.8 Draw   4.4 Pipe  2.4 Fin 10.2(Sub  9.7) Idle  13.5 GPU  11.3 | draws 242
19:29:06  520.6  gfps  29 G  33.4 | Tot  29.9 Surf   1.8 Draw   4.4 Pipe  2.5 Fin 10.4(Sub  9.9) Idle  13.3 GPU  11.3 | draws 242
19:29:08  522.6  gfps  29 G  33.3 | Tot  29.8 Surf   1.8 Draw   4.2 Pipe  2.3 Fin 10.3(Sub  9.9) Idle  13.5 GPU  11.2 | draws 242
19:29:10  524.6  gfps  29 G  33.3 | Tot  29.9 Surf   1.9 Draw   4.6 Pipe  2.5 Fin 10.2(Sub  9.7) Idle  13.2 GPU  11.3 | draws 242
19:29:12  526.6  gfps  29 G  33.6 | Tot  29.9 Surf   1.8 Draw   4.5 Pipe  2.5 Fin 10.3(Sub  9.9) Idle  13.2 GPU  11.2 | draws 242
19:29:14  528.6  gfps  29 G  33.5 | Tot  29.9 Surf   1.8 Draw   4.6 Pipe  2.5 Fin 10.4(Sub  9.9) Idle  13.1 GPU  11.3 | draws 242
19:29:16  530.6  gfps  29 G  33.4 | Tot  30.1 Surf   1.7 Draw   4.2 Pipe  2.3 Fin 10.0(Sub  9.5) Idle  14.1 GPU  11.2 | draws 242
19:29:18  532.6  gfps  29 G  33.1 | Tot  29.7 Surf   1.8 Draw   4.3 Pipe  2.4 Fin 10.2(Sub  9.7) Idle  13.5 GPU  11.2 | draws 242
19:29:20  534.6  gfps  29 G  33.3 | Tot  29.7 Surf   1.8 Draw   4.6 Pipe  2.5 Fin 10.2(Sub  9.7) Idle  13.2 GPU  11.3 | draws 242
19:29:22  536.6  gfps  29 G  33.6 | Tot  30.1 Surf   1.9 Draw   4.8 Pipe  2.7 Fin 10.7(Sub 10.2) Idle  12.7 GPU  11.3 | draws 242
19:29:24  538.6  gfps  29 G  33.2 | Tot  29.6 Surf   1.7 Draw   4.8 Pipe  2.7 Fin 10.6(Sub  9.8) Idle  12.4 GPU  11.2 | draws 242
19:29:26  540.7  gfps  29 G  33.5 | Tot  29.9 Surf   1.8 Draw   4.6 Pipe  2.5 Fin 10.6(Sub 10.1) Idle  12.9 GPU  11.3 | draws 242
19:29:28  542.7  gfps  29 G  33.3 | Tot  29.7 Surf   1.8 Draw   4.8 Pipe  2.7 Fin 10.5(Sub 10.0) Idle  12.6 GPU  11.2 | draws 242
19:29:30  544.7  gfps  29 G  33.3 | Tot  29.8 Surf   1.8 Draw   4.7 Pipe  2.6 Fin 10.5(Sub 10.0) Idle  12.8 GPU  11.3 | draws 242
19:29:32  546.7  gfps  29 G  33.5 | Tot  30.1 Surf   1.8 Draw   4.5 Pipe  2.5 Fin 10.4(Sub  9.9) Idle  13.3 GPU  11.3 | draws 242
19:29:34  548.7  gfps  29 G  32.7 | Tot  29.5 Surf   1.8 Draw   4.2 Pipe  2.3 Fin 10.3(Sub  9.9) Idle  13.2 GPU  11.3 | draws 242
19:29:36  550.7  gfps  29 G  32.9 | Tot  29.7 Surf   1.8 Draw   4.4 Pipe  2.4 Fin 10.0(Sub  9.6) Idle  13.4 GPU  11.2 | draws 242
19:29:38  552.7  gfps  29 G  33.4 | Tot  29.8 Surf   1.4 Draw   4.4 Pipe  2.5 Fin 10.8(Sub  9.5) Idle  13.2 GPU  11.2 | draws 242
19:29:40  554.7  gfps  29 G  32.7 | Tot  29.3 Surf   1.7 Draw   4.2 Pipe  2.4 Fin 10.2(Sub  9.8) Idle  13.1 GPU  11.2 | draws 242
19:29:42  556.7  gfps  29 G  33.7 | Tot  30.2 Surf   1.8 Draw   4.4 Pipe  2.5 Fin 10.5(Sub 10.0) Idle  13.5 GPU  11.2 | draws 242
19:29:44  558.7  gfps  29 G  33.2 | Tot  29.5 Surf   1.9 Draw   4.9 Pipe  2.7 Fin 10.5(Sub 10.0) Idle  12.3 GPU  11.2 | draws 242
19:29:46  560.7  gfps  29 G  33.4 | Tot  29.8 Surf   1.8 Draw   4.7 Pipe  2.7 Fin 10.1(Sub  9.7) Idle  13.0 GPU  11.3 | draws 242
19:29:48  562.7  gfps  29 G  33.3 | Tot  29.7 Surf   1.9 Draw   4.8 Pipe  2.7 Fin 10.2(Sub  9.7) Idle  12.7 GPU  11.3 | draws 242
19:29:50  564.7  gfps  29 G  33.4 | Tot  29.8 Surf   1.9 Draw   4.8 Pipe  2.6 Fin 10.5(Sub 10.0) Idle  12.6 GPU  11.3 | draws 242
19:29:52  566.7  gfps  29 G  33.3 | Tot  29.9 Surf   1.9 Draw   4.6 Pipe  2.6 Fin 10.4(Sub  9.9) Idle  13.0 GPU  11.2 | draws 242
19:29:54  568.7  gfps  29 G  33.7 | Tot  30.5 Surf   1.5 Draw   4.0 Pipe  2.1 Fin 10.2(Sub  9.3) Idle  14.8 GPU  11.1 | draws 242
19:29:56  570.7  gfps  29 G  33.6 | Tot  29.9 Surf   1.9 Draw   5.0 Pipe  2.7 Fin 10.4(Sub  9.9) Idle  12.6 GPU  11.3 | draws 242
19:29:58  572.7  gfps  29 G  33.1 | Tot  29.3 Surf   2.0 Draw   5.3 Pipe  2.9 Fin 10.7(Sub 10.2) Idle  11.3 GPU  11.2 | draws 242
19:30:00  574.7  gfps  29 G  33.6 | Tot  29.6 Surf   1.9 Draw   5.1 Pipe  2.8 Fin 11.2(Sub 10.7) Idle  11.3 GPU  11.3 | draws 242
19:30:02  576.7  gfps  29 G  33.3 | Tot  29.4 Surf   1.9 Draw   4.9 Pipe  2.7 Fin 10.4(Sub  9.9) Idle  12.2 GPU  11.3 | draws 242
19:30:04  578.7  gfps  29 G  32.9 | Tot  29.2 Surf   1.9 Draw   4.8 Pipe  2.7 Fin 10.4(Sub  9.9) Idle  12.1 GPU  11.2 | draws 242
19:30:06  580.7  gfps  29 G  33.6 | Tot  29.8 Surf   1.9 Draw   4.7 Pipe  2.6 Fin 10.4(Sub  9.9) Idle  12.9 GPU  11.3 | draws 242
19:30:08  582.7  gfps  29 G  33.7 | Tot  30.5 Surf   1.6 Draw   3.8 Pipe  2.1 Fin 10.2(Sub  9.7) Idle  14.9 GPU  11.2 | draws 242
19:30:10  584.7  gfps  29 G  33.3 | Tot  29.7 Surf   1.6 Draw   4.7 Pipe  2.6 Fin 10.8(Sub  9.8) Idle  12.6 GPU  11.2 | draws 242
19:30:12  586.7  gfps  29 G  33.5 | Tot  29.9 Surf   1.9 Draw   4.8 Pipe  2.6 Fin 10.6(Sub 10.1) Idle  12.6 GPU  11.2 | draws 242
19:30:14  588.7  gfps  29 G  33.4 | Tot  29.7 Surf   1.8 Draw   4.6 Pipe  2.5 Fin 10.4(Sub  9.9) Idle  12.9 GPU  11.2 | draws 242
19:30:16  590.7  gfps  29 G  33.3 | Tot  29.7 Surf   1.9 Draw   4.8 Pipe  2.7 Fin 10.3(Sub  9.8) Idle  12.6 GPU  11.3 | draws 242
19:30:18  592.7  gfps  29 G  32.7 | Tot  29.2 Surf   1.9 Draw   4.7 Pipe  2.6 Fin 10.6(Sub 10.1) Idle  11.9 GPU  11.3 | draws 242
19:30:20  594.7  gfps  29 G  33.7 | Tot  30.3 Surf   1.9 Draw   4.7 Pipe  2.6 Fin 10.5(Sub 10.0) Idle  13.1 GPU  11.3 | draws 242
19:30:23  598.1  -- route: soak end
19:30:24  598.5  gfps   7 G 132.7 | Tot 120.6 Surf   3.7 Draw  12.7 Pipe  6.2 Fin 18.4(Sub 13.6) Idle  85.8 GPU  14.7 | draws 242
shots (host clock): 192059-boot30.png 192114-s1.png 192132-load2.png 192148-a1.png 192202-a2.png 192220-a3.png 192236-a4.png 192255-a5.png 192310-a6.png 192325-b1.png 192333-b2.png 192350-b3.png 192418-c1.png 192432-c2.png 192448-d1.png 192508-e1.png 192523-drive.png 192539-gameplay.png
