      t      ms     max     vpf    vcpu     tot    idle      st    draw    pipe     shd     fin     gpu   kicks   words    pull     stl    cdef      pf    cr3s  starve
  298.9    33.4    41.5     2.0    96.7    22.7    14.5     1.0     7.2     4.0     0.0     0.3    20.6     4.0   134.0    15.0     0.0     0.0     0.0     0.0     0.0
  300.9    33.4    36.0     2.0    95.8    23.4    15.1     0.9     7.0     4.1     0.0     0.5    21.1     4.0   144.4    14.4     0.0     0.0     0.0     0.0     0.0
  302.9    33.3    37.5     2.0    98.2    25.7    19.9     1.0     5.0     2.5     0.0     0.3    16.1     4.0   108.6    10.4     0.0     0.0     0.0     0.0     0.0
  304.9    33.3    34.0     2.0    98.2    29.6    26.1     0.8     2.8     1.5     0.0     0.5    11.5     3.0    60.4     5.8     0.0     0.0     0.0     0.0     0.0
  306.9    33.4    36.1     2.0    98.5    28.7    24.2     0.7     3.8     2.1     0.0     0.3    14.5     4.0    69.8     7.6     0.0     0.0     0.0     0.0     0.0
  308.9    33.4    35.9     2.0    98.5    26.4    20.8     0.8     4.5     2.5     0.0     0.5    16.2     4.0    99.7     9.6     0.0     0.0     0.0     0.0     0.0
  310.9    33.4    45.6     2.0    98.5    26.4    21.2     0.8     4.4     2.4     0.0     0.3    15.3     4.0   108.5     9.7     0.0     0.0     0.0     0.0     0.0
  312.9    33.3    34.8     2.0    98.4    27.5    23.2     0.8     3.6     1.9     0.0     0.3    13.4     4.0    89.1     8.0     0.0     0.0     0.0     0.0     0.0
  314.9    33.3    34.8     2.0    98.5    29.5    26.2     0.7     2.7     1.5     0.0     0.3    11.5     3.0    58.4     5.7     0.0     0.0     0.0     0.0     0.0
  316.9    33.4    34.7     2.0    98.5    28.0    22.9     0.9     4.2     2.4     0.0     0.4    16.0     4.0    84.1     8.6     0.0     0.0     0.0     0.0     0.0
  318.9    33.4    35.8     2.0    98.6    27.8    22.3     0.9     4.5     2.5     0.0     0.5    16.4     4.0    85.3     9.2     0.0     0.0     0.0     0.0     0.0
  320.9    33.4    35.9     2.0    98.5    26.6    20.2     0.9     5.5     3.0     0.0     0.3    20.0     4.0    98.8    11.0     0.0     0.0     0.0     0.0     0.0
  322.9    33.3    34.2     2.0    98.5    28.1    23.2     0.8     4.2     2.3     0.0     0.3    15.7     3.0    82.2     8.4     0.0     0.0     0.0     0.0     0.0
  324.9    33.4    34.7     2.0    98.5    28.3    23.5     0.7     4.1     2.3     0.0     0.3    15.5     4.0    81.7     8.2     0.0     0.0     0.0     0.0     0.0
  326.9    33.4    34.5     2.0    98.6    27.9    22.8     0.8     4.3     2.4     0.0     0.3    16.1     4.0    84.7     8.7     0.0     0.0     0.0     0.0     0.0
  328.9    33.4    39.9     2.0    98.5    26.0    20.2     1.0     4.9     2.7     0.0     0.3    16.4     4.0   117.4    10.8     0.0     0.0     0.0     0.0     0.0
  330.9    33.4    35.2     2.0    97.1    26.5    21.0     0.9     4.5     2.4     0.0     0.6    15.2     4.0   107.2    10.3     0.0     0.0     0.0     0.0     0.0
  332.9    33.4    36.0     2.0    98.4    25.3    18.6     1.0     5.7     3.2     0.0     0.4    18.5     4.0   116.5    11.8     0.0     0.0     0.0     0.0     0.0
  334.9    33.3    37.8     2.0    97.6    27.7    22.3     0.9     4.5     2.5     0.0     0.5    15.8     4.0    83.4     9.1     0.0     0.0     0.0     0.0     0.0
  336.9    33.4    36.3     2.0    98.2    27.7    21.4     0.9     5.0     2.8     0.0     0.7    17.2     4.0    92.4    10.5     0.0     0.0     0.0     0.0     0.0
  338.9    33.4    34.8     2.0    98.5    24.9    16.7     1.0     7.0     4.1     0.0     0.4    22.4     4.0   128.3    14.0     0.0     0.0     0.0     0.0     0.0
  340.9    33.3    39.9     2.0    98.3    27.5    22.7     0.8     4.0     2.2     0.0     0.4    14.3     4.0    86.6     8.6     0.0     0.0     0.0     0.0     0.0
  342.9    33.4    35.5     2.0    97.0    27.0    21.3     0.8     4.8     2.7     0.0     0.3    16.3     4.0    97.9     9.8     0.0     0.0     0.0     0.0     0.0
  344.9    33.4    46.1     2.0    98.4    27.2    21.1     0.8     4.8     2.6     0.0     0.8    16.8     4.0    95.5    10.1     0.0     0.0     0.0     0.0     0.0
  347.0    33.4    34.5     2.0    98.4    26.2    20.0     0.9     5.2     2.9     0.0     0.4    17.9     4.0   110.6    11.0     0.0     0.0     0.0     0.0     0.0
  349.4    40.6   234.3     2.0    97.6    23.9    10.1     1.0     6.2     3.6     0.0     6.9    24.2     4.0   116.5    19.5     0.0     0.0     0.0     0.0     0.0
  351.4    33.3    35.2     2.0    98.1    25.9    20.1     1.0     5.0     2.7     0.0     0.3    16.5     4.0   103.4    10.7     0.0     0.0     0.0     0.0     0.0
  353.4    33.3    35.0     2.0    98.5    28.9    24.8     0.9     3.3     1.7     0.0     0.4    12.6     3.0    69.3     7.1     0.0     0.0     0.0     0.0     0.0
  355.4    33.4    34.5     2.0    98.4    29.2    25.3     0.8     3.2     1.7     0.0     0.3    12.4     3.0    67.2     6.6     0.0     0.0     0.0     0.0     0.0
  357.4    33.4    35.2     2.0    98.5    28.0    23.5     0.9     3.8     2.0     0.0     0.3    13.6     4.0    86.8     8.0     0.0     0.0     0.0     0.0     0.0
  359.4    33.4    36.3     2.0    98.5    26.7    20.9     1.0     4.9     2.7     0.0     0.4    16.2     4.0   104.1    10.4     0.0     0.0     0.0     0.0     0.0
  361.4    33.3    36.3     2.0    98.5    27.2    22.0     0.9     4.4     2.4     0.0     0.4    14.9     4.0    98.3     9.4     0.0     0.0     0.0     0.0     0.0
  363.4    33.3    34.7     2.0    98.5    29.4    25.6     0.8     3.0     1.6     0.0     0.5    11.7     3.0    57.1     6.3     0.0     0.0     0.0     0.0     0.0
  365.4    34.2    90.2     2.0    98.5    28.2    23.2     1.0     4.1     2.2     0.0     0.5    14.6     4.0    82.2     8.9     0.0     0.0     0.0     0.0     0.0
  367.4    33.4    35.1     2.0    98.5    27.8    22.4     0.9     4.5     2.4     0.0     0.4    16.0     4.0    83.8     9.1     0.0     0.0     0.0     0.0     0.0
  369.5    33.4    34.3     2.0    98.3    27.8    22.5     1.0     4.5     2.5     0.0     0.4    17.3     4.0    85.1     9.0     0.0     0.0     0.0     0.0     0.0
  371.4    33.3    34.5     2.0    98.4    29.6    26.0     0.9     2.9     1.6     0.0     0.4    11.5     4.0    60.1     6.1     0.0     0.0     0.0     0.0     0.0
  373.5    33.4    35.9     2.0    98.5    28.0    23.1     1.0     4.1     2.3     0.0     0.3    15.1     4.0    79.0     8.4     0.0     0.0     0.0     0.0     0.0
  375.5    33.4    34.5     2.0    98.5    28.6    23.9     0.9     4.0     2.2     0.0     0.3    14.4     3.0    64.4     7.9     0.0     0.0     0.0     0.0     0.0
  377.5    33.4    34.8     2.0    98.5    28.3    23.6     0.9     3.8     2.0     0.0     0.5    13.3     4.0    81.0     8.0     0.0     0.0     0.0     0.0     0.0
  379.5    33.4    35.3     2.0    98.5    28.2    23.9     0.9     3.7     2.0     0.0     0.3    13.5     4.0    81.0     7.8     0.0     0.0     0.0     0.0     0.0
  381.5    33.4    35.8     2.0    98.5    28.0    23.5     0.9     3.7     2.0     0.0     0.4    15.1     4.0    81.6     8.1     0.0     0.0     0.0     0.0     0.0
  383.5    33.4    34.7     2.0    98.4    28.9    24.1     0.9     3.9     2.2     0.0     0.4    14.1     4.0    72.3     7.8     0.0     0.0     0.0     0.0     0.0
  385.5    33.4    42.0     2.0    98.4    28.3    23.2     0.9     4.2     2.3     0.0     0.5    14.6     4.0    76.7     8.5     0.0     0.0     0.0     0.0     0.0
  387.5    33.3    35.2     2.0    98.4    28.9    25.1     0.9     3.1     1.7     0.0     0.4    11.4     4.0    67.3     6.5     0.0     0.0     0.0     0.0     0.0
  389.5    33.5    36.2     2.0    98.6    26.4    19.5     0.9     5.9     3.4     0.0     0.3    19.5     4.0   103.4    11.6     0.0     0.0     0.0     0.0     0.0
  391.5    33.4    37.0     2.0    98.4    26.2    19.3     1.0     6.0     3.5     0.0     0.3    19.9     4.0   106.6    11.7     0.0     0.0     0.0     0.0     0.0
  393.6    34.6    53.8     2.2    94.8    29.6     1.7     1.3     6.5     4.0     0.0    20.5    38.7     4.0   125.8    33.6     0.0     0.0     0.0     0.0     0.0
  395.6    33.8    40.4     2.0    98.3    26.2    20.3     1.0     5.0     2.8     0.0     0.3    16.3     4.0    88.0    10.4     0.0     0.0     0.0     0.0     0.0
  397.6    34.2    91.9     2.0    98.2    26.1    18.6     1.0     6.5     3.8     0.0     0.3    20.8     4.0    93.5    12.5     0.0     0.0     0.0     0.0     0.0
  399.7    34.0    57.7     2.3    98.3    30.1    13.2     1.1     6.3     3.8     0.0     9.9    30.3     4.0   114.4    22.4     0.0     0.0     0.0     0.0     0.0
  401.9    37.5    41.4     2.3    97.5    31.0     1.4     1.3     7.1     4.3     0.0    21.6    40.5     4.0   100.0    34.6     0.0     0.0     0.0     0.0     0.0
