18:58:34    0.0  -- route: soak start
18:58:39    5.0  gfps  29 G  33.4 | Tot  32.8 Surf   0.0 Draw   0.1 Pipe  0.0 Fin  0.3(Sub  0.2) Idle  32.4 GPU   0.2 | draws None
18:58:41    7.0  gfps  29 G  33.4 | Tot  32.7 Surf   0.1 Draw   0.2 Pipe  0.0 Fin  0.4(Sub  0.2) Idle  32.0 GPU   0.2 | draws 1
18:58:43    9.0  gfps  29 G  33.3 | Tot  32.4 Surf   0.0 Draw   0.2 Pipe  0.1 Fin  0.4(Sub  0.2) Idle  31.7 GPU   0.2 | draws 1
18:58:45   11.0  gfps  29 G  33.2 | Tot  32.4 Surf   0.0 Draw   0.1 Pipe  0.0 Fin  0.3(Sub  0.2) Idle  31.9 GPU   0.2 | draws 2
18:58:47   13.0  gfps  29 G  33.4 | Tot  32.7 Surf   0.0 Draw   0.1 Pipe  0.0 Fin  0.2(Sub  0.1) Idle  32.4 GPU   0.2 | draws 1
18:58:50   15.4  gfps  29 G  33.4 | Tot  32.4 Surf   0.0 Draw   0.4 Pipe  0.3 Fin  1.3(Sub  1.2) Idle  30.5 GPU   1.1 | draws 2
18:58:52   17.6  gfps  29 G  33.6 | Tot  33.1 Surf   0.0 Draw   0.8 Pipe  0.7 Fin  1.2(Sub  1.1) Idle  30.5 GPU   1.2 | draws 12
18:58:54   19.6  gfps  29 G  33.3 | Tot  32.4 Surf   0.0 Draw   0.4 Pipe  0.3 Fin  1.2(Sub  1.1) Idle  30.7 GPU   1.2 | draws 14
18:58:56   21.6  gfps  29 G  33.4 | Tot  32.5 Surf   0.0 Draw   0.4 Pipe  0.3 Fin  1.3(Sub  1.2) Idle  30.6 GPU   1.3 | draws 14
18:58:58   23.6  gfps  29 G  33.5 | Tot  32.4 Surf   0.0 Draw   0.4 Pipe  0.3 Fin  1.3(Sub  1.2) Idle  30.5 GPU   1.3 | draws 16
18:59:00   25.6  gfps  29 G  33.3 | Tot  32.3 Surf   0.0 Draw   0.4 Pipe  0.3 Fin  1.3(Sub  1.1) Idle  30.4 GPU   1.3 | draws 18
18:59:02   27.7  gfps  29 G  33.8 | Tot  32.9 Surf   0.0 Draw   1.3 Pipe  1.1 Fin  2.4(Sub  2.3) Idle  28.3 GPU   1.8 | draws 18
18:59:04   30.2  gfps  29 G  35.7 | Tot  37.2 Surf   0.0 Draw   3.3 Pipe  3.2 Fin  2.1(Sub  1.9) Idle  29.0 GPU   1.6 | draws 21
18:59:06   32.2  gfps  29 G  33.4 | Tot  32.1 Surf   0.0 Draw   0.3 Pipe  0.2 Fin  1.0(Sub  0.9) Idle  30.7 GPU   1.0 | draws 20
18:59:08   34.2  gfps  29 G  33.4 | Tot  32.3 Surf   0.0 Draw   0.5 Pipe  0.4 Fin  1.8(Sub  1.7) Idle  29.8 GPU   1.6 | draws 19
18:59:10   36.2  gfps  29 G  33.3 | Tot  32.2 Surf   0.0 Draw   0.6 Pipe  0.4 Fin  2.1(Sub  2.0) Idle  29.3 GPU   1.7 | draws 21
18:59:13   38.7  gfps   6 G  68.9 | Tot  97.5 Surf   0.1 Draw  32.6 Pipe 32.3 Fin  1.3(Sub  1.1) Idle  32.3 GPU   1.4 | draws 21
18:59:15   40.7  gfps  29 G  33.7 | Tot  30.3 Surf   0.1 Draw   0.8 Pipe  0.5 Fin  1.7(Sub  1.6) Idle  27.6 GPU   1.6 | draws 69
18:59:17   42.7  gfps  29 G  33.4 | Tot  30.2 Surf   0.1 Draw   0.8 Pipe  0.5 Fin  1.2(Sub  1.0) Idle  28.0 GPU   1.7 | draws 77
18:59:19   44.7  gfps  29 G  33.3 | Tot  29.8 Surf   0.1 Draw   0.9 Pipe  0.6 Fin  1.2(Sub  1.1) Idle  27.5 GPU   1.8 | draws 79
18:59:21   46.7  gfps  29 G  33.3 | Tot  29.6 Surf   0.1 Draw   0.9 Pipe  0.6 Fin  1.2(Sub  1.0) Idle  27.4 GPU   1.8 | draws 81
18:59:23   48.7  gfps  29 G  33.3 | Tot  30.4 Surf   0.1 Draw   0.8 Pipe  0.5 Fin  1.1(Sub  1.0) Idle  28.2 GPU   1.7 | draws 81
18:59:25   50.7  gfps  29 G  33.3 | Tot  30.4 Surf   0.1 Draw   0.9 Pipe  0.5 Fin  1.2(Sub  1.1) Idle  28.1 GPU   1.7 | draws 79
18:59:27   52.7  gfps  29 G  33.5 | Tot  30.7 Surf   0.1 Draw   0.8 Pipe  0.5 Fin  1.4(Sub  1.2) Idle  28.4 GPU   1.7 | draws 81
18:59:29   54.7  gfps  29 G  33.4 | Tot  30.5 Surf   0.1 Draw   0.8 Pipe  0.6 Fin  1.4(Sub  1.2) Idle  28.2 GPU   1.8 | draws 81
18:59:31   56.7  gfps  29 G  33.4 | Tot  30.4 Surf   0.1 Draw   0.8 Pipe  0.6 Fin  1.2(Sub  1.1) Idle  28.2 GPU   1.8 | draws 83
18:59:33   58.7  gfps  29 G  33.4 | Tot  30.4 Surf   0.1 Draw   0.9 Pipe  0.6 Fin  1.2(Sub  1.1) Idle  28.1 GPU   1.8 | draws 83
18:59:35   60.7  gfps  29 G  33.3 | Tot  30.4 Surf   0.1 Draw   0.9 Pipe  0.6 Fin  1.1(Sub  1.0) Idle  28.2 GPU   1.8 | draws 83
18:59:37   62.7  gfps  29 G  33.3 | Tot  30.4 Surf   0.1 Draw   0.9 Pipe  0.6 Fin  1.1(Sub  1.0) Idle  28.2 GPU   1.8 | draws 85
18:59:39   64.7  gfps  29 G  33.4 | Tot  30.5 Surf   0.1 Draw   0.9 Pipe  0.6 Fin  1.3(Sub  1.1) Idle  28.1 GPU   1.8 | draws 87
18:59:41   66.7  gfps  29 G  33.3 | Tot  30.3 Surf   0.1 Draw   0.9 Pipe  0.6 Fin  1.2(Sub  1.0) Idle  28.0 GPU   1.9 | draws 87
18:59:43   68.8  gfps  29 G  33.3 | Tot  30.2 Surf   0.1 Draw   0.9 Pipe  0.6 Fin  1.4(Sub  1.3) Idle  27.6 GPU   1.9 | draws 89
18:59:45   70.8  gfps  29 G  33.4 | Tot  30.2 Surf   0.1 Draw   1.0 Pipe  0.6 Fin  1.3(Sub  1.1) Idle  27.7 GPU   1.9 | draws 91
18:59:47   72.8  gfps  29 G  33.3 | Tot  30.0 Surf   0.1 Draw   1.0 Pipe  0.6 Fin  1.7(Sub  1.5) Idle  27.1 GPU   2.0 | draws 91
18:59:49   74.8  gfps  29 G  33.4 | Tot  30.2 Surf   0.1 Draw   0.9 Pipe  0.6 Fin  1.2(Sub  1.0) Idle  28.0 GPU   1.9 | draws 91
18:59:51   76.8  gfps  29 G  33.6 | Tot  30.7 Surf   0.1 Draw   0.9 Pipe  0.6 Fin  1.1(Sub  1.0) Idle  28.5 GPU   1.8 | draws 91
18:59:53   78.8  gfps  29 G  33.3 | Tot  30.7 Surf   0.1 Draw   0.8 Pipe  0.5 Fin  1.2(Sub  1.0) Idle  28.5 GPU   1.8 | draws 75
18:59:55   80.8  gfps  29 G  33.3 | Tot  30.6 Surf   0.1 Draw   0.8 Pipe  0.5 Fin  1.2(Sub  1.0) Idle  28.3 GPU   1.8 | draws 75
18:59:57   82.8  gfps  29 G  33.3 | Tot  30.5 Surf   0.1 Draw   0.9 Pipe  0.6 Fin  1.3(Sub  1.2) Idle  28.1 GPU   1.9 | draws 75
18:59:59   84.8  gfps  29 G  33.7 | Tot  30.7 Surf   0.1 Draw   0.9 Pipe  0.6 Fin  1.6(Sub  1.4) Idle  28.1 GPU   1.9 | draws 81
19:00:01   86.8  gfps  29 G  33.3 | Tot  30.6 Surf   0.1 Draw   1.1 Pipe  0.7 Fin  2.7(Sub  2.5) Idle  26.5 GPU   2.8 | draws 81
19:00:03   88.8  gfps  29 G  33.3 | Tot  30.6 Surf   0.1 Draw   1.1 Pipe  0.7 Fin  2.7(Sub  2.5) Idle  26.5 GPU   2.9 | draws 76
19:00:06   92.0  gfps  29 G  33.4 | Tot  32.1 Surf   0.2 Draw   1.3 Pipe  0.7 Fin  0.3(Sub  0.2) Idle  30.2 GPU   5.5 | draws 76
19:00:08   94.1  gfps  29 G  39.1 | Tot  47.0 Surf   0.2 Draw  11.0 Pipe 10.5 Fin  0.5(Sub  0.4) Idle  26.1 GPU   3.0 | draws 145
19:00:10   96.1  gfps  29 G  33.5 | Tot  32.1 Surf   0.2 Draw   1.1 Pipe  0.6 Fin  0.3(Sub  0.2) Idle  30.5 GPU   2.9 | draws 147
19:00:13   98.7  gfps  31 G  39.0 | Tot  39.7 Surf   0.3 Draw   8.2 Pipe  7.1 Fin  0.3(Sub  0.2) Idle  25.3 GPU   7.3 | draws 146
19:00:15  100.7  gfps  29 G  33.3 | Tot  28.4 Surf   0.3 Draw   2.2 Pipe  1.1 Fin  0.2(Sub  0.1) Idle  25.6 GPU   9.8 | draws 263
19:00:18  103.7  gfps  30 G  39.9 | Tot  43.0 Surf   0.3 Draw   8.9 Pipe  7.9 Fin  0.3(Sub  0.2) Idle  27.0 GPU  10.9 | draws 256
19:00:20  105.7  gfps  29 G  33.4 | Tot  30.2 Surf   0.3 Draw   2.1 Pipe  1.1 Fin  0.3(Sub  0.1) Idle  27.5 GPU  11.1 | draws 257
19:00:22  108.1  gfps  29 G  33.6 | Tot  28.8 Surf   0.3 Draw   2.9 Pipe  1.7 Fin  0.3(Sub  0.2) Idle  25.1 GPU  11.4 | draws 260
19:00:24  110.2  gfps  30 G  33.8 | Tot  25.7 Surf   0.6 Draw   5.2 Pipe  2.9 Fin  0.3(Sub  0.1) Idle  19.5 GPU  20.3 | draws 332
19:00:26  112.2  gfps  30 G  33.4 | Tot  25.1 Surf   0.6 Draw   5.2 Pipe  2.8 Fin  0.3(Sub  0.2) Idle  19.0 GPU  20.3 | draws 686
19:00:28  114.2  gfps  29 G  33.5 | Tot  25.2 Surf   0.7 Draw   5.2 Pipe  2.9 Fin  0.3(Sub  0.2) Idle  19.0 GPU  20.4 | draws 688
19:00:31  116.3  gfps  29 G  33.5 | Tot  25.1 Surf   0.7 Draw   5.3 Pipe  2.8 Fin  0.2(Sub  0.1) Idle  19.0 GPU  20.3 | draws 691
19:00:33  118.3  gfps  29 G  33.4 | Tot  25.2 Surf   0.6 Draw   5.3 Pipe  3.0 Fin  0.2(Sub  0.1) Idle  18.9 GPU  20.3 | draws 691
19:00:35  120.3  gfps  29 G  33.4 | Tot  25.1 Surf   0.7 Draw   5.4 Pipe  3.0 Fin  0.3(Sub  0.2) Idle  18.7 GPU  20.3 | draws 691
19:00:37  122.3  gfps  29 G  33.4 | Tot  25.4 Surf   0.6 Draw   5.4 Pipe  3.1 Fin  0.3(Sub  0.2) Idle  19.0 GPU  20.4 | draws 691
19:00:39  124.4  gfps  29 G  33.8 | Tot  23.5 Surf   0.7 Draw   5.5 Pipe  3.0 Fin  0.3(Sub  0.1) Idle  17.1 GPU  20.4 | draws 691
19:00:41  126.4  gfps  30 G  33.0 | Tot  25.0 Surf   0.6 Draw   5.4 Pipe  2.9 Fin  0.3(Sub  0.2) Idle  18.6 GPU  20.3 | draws 692
19:00:43  128.4  gfps  29 G  33.5 | Tot  25.3 Surf   0.7 Draw   5.4 Pipe  3.1 Fin  0.3(Sub  0.1) Idle  18.9 GPU  20.4 | draws 687
19:00:45  130.4  gfps  29 G  33.6 | Tot  25.5 Surf   0.7 Draw   5.4 Pipe  3.0 Fin  0.3(Sub  0.1) Idle  19.2 GPU  20.3 | draws 694
19:00:47  132.4  gfps  30 G  33.2 | Tot  25.2 Surf   0.7 Draw   5.2 Pipe  2.8 Fin  0.4(Sub  0.2) Idle  19.0 GPU  20.3 | draws 687
19:00:49  134.4  gfps  29 G  33.4 | Tot  25.1 Surf   0.7 Draw   5.3 Pipe  2.9 Fin  0.3(Sub  0.1) Idle  18.8 GPU  20.2 | draws 687
19:00:51  136.4  gfps  29 G  33.4 | Tot  25.1 Surf   0.7 Draw   5.5 Pipe  3.1 Fin  0.3(Sub  0.1) Idle  18.6 GPU  20.3 | draws 687
19:00:53  138.4  gfps  29 G  33.4 | Tot  25.1 Surf   0.7 Draw   5.5 Pipe  3.1 Fin  0.4(Sub  0.2) Idle  18.6 GPU  20.3 | draws 687
19:00:55  140.4  gfps  29 G  33.3 | Tot  25.0 Surf   0.7 Draw   5.5 Pipe  3.0 Fin  0.2(Sub  0.1) Idle  18.7 GPU  20.3 | draws 687
19:00:57  142.4  gfps  29 G  33.4 | Tot  24.8 Surf   0.7 Draw   5.6 Pipe  3.0 Fin  0.3(Sub  0.2) Idle  18.2 GPU  20.4 | draws 687
19:00:59  144.4  gfps  29 G  33.4 | Tot  25.4 Surf   0.7 Draw   5.4 Pipe  3.1 Fin  0.2(Sub  0.1) Idle  19.1 GPU  20.3 | draws 692
19:01:01  146.4  gfps  29 G  33.0 | Tot  23.5 Surf   0.7 Draw   5.5 Pipe  3.0 Fin  0.3(Sub  0.2) Idle  17.0 GPU  20.4 | draws 687
19:01:03  148.4  gfps  29 G  33.6 | Tot  25.4 Surf   0.7 Draw   5.4 Pipe  3.0 Fin  0.4(Sub  0.1) Idle  19.0 GPU  20.3 | draws 694
19:01:05  150.4  gfps  30 G  33.2 | Tot  25.1 Surf   0.7 Draw   5.5 Pipe  3.1 Fin  0.3(Sub  0.1) Idle  18.7 GPU  20.3 | draws 687
19:01:07  152.4  gfps  29 G  33.4 | Tot  25.2 Surf   0.7 Draw   5.5 Pipe  3.1 Fin  0.3(Sub  0.1) Idle  18.8 GPU  20.3 | draws 687
19:01:09  154.4  gfps  29 G  33.3 | Tot  25.2 Surf   0.7 Draw   5.5 Pipe  3.1 Fin  0.2(Sub  0.1) Idle  18.8 GPU  20.4 | draws 687
19:01:11  156.4  gfps  29 G  33.3 | Tot  24.7 Surf   0.7 Draw   5.8 Pipe  3.2 Fin  0.3(Sub  0.2) Idle  18.0 GPU  20.3 | draws 687
19:01:13  158.4  gfps  29 G  33.5 | Tot  25.2 Surf   0.7 Draw   5.7 Pipe  3.2 Fin  0.2(Sub  0.1) Idle  18.7 GPU  20.4 | draws 692
19:01:15  160.4  gfps  29 G  33.4 | Tot  25.0 Surf   0.7 Draw   5.8 Pipe  3.2 Fin  0.3(Sub  0.2) Idle  18.3 GPU  20.5 | draws 687
19:01:17  162.4  gfps  29 G  32.9 | Tot  22.8 Surf   0.7 Draw   5.7 Pipe  3.2 Fin  0.3(Sub  0.2) Idle  16.1 GPU  20.4 | draws 694
19:01:19  164.4  gfps  29 G  33.1 | Tot  24.8 Surf   0.7 Draw   5.5 Pipe  3.1 Fin  0.3(Sub  0.2) Idle  18.3 GPU  20.4 | draws 687
19:01:21  166.4  gfps  30 G  33.3 | Tot  25.0 Surf   0.7 Draw   5.6 Pipe  3.1 Fin  0.3(Sub  0.2) Idle  18.4 GPU  20.3 | draws 687
19:01:23  168.4  gfps  29 G  33.4 | Tot  24.7 Surf   0.7 Draw   5.8 Pipe  3.3 Fin  0.3(Sub  0.2) Idle  17.9 GPU  20.4 | draws 687
19:01:25  170.4  gfps  29 G  33.2 | Tot  24.9 Surf   0.7 Draw   5.8 Pipe  3.3 Fin  0.4(Sub  0.3) Idle  18.0 GPU  20.3 | draws 687
19:01:27  172.4  gfps  29 G  33.3 | Tot  24.7 Surf   0.7 Draw   5.8 Pipe  3.2 Fin  0.3(Sub  0.2) Idle  17.9 GPU  20.4 | draws 687
19:01:29  174.4  gfps  29 G  33.5 | Tot  25.1 Surf   0.7 Draw   5.8 Pipe  3.3 Fin  0.3(Sub  0.2) Idle  18.2 GPU  20.4 | draws 687
19:01:31  176.4  gfps  29 G  33.4 | Tot  25.2 Surf   0.7 Draw   5.7 Pipe  3.3 Fin  0.3(Sub  0.2) Idle  18.4 GPU  20.4 | draws 694
19:01:33  178.5  gfps  29 G  33.8 | Tot  23.1 Surf   0.7 Draw   5.7 Pipe  3.2 Fin  0.5(Sub  0.4) Idle  16.2 GPU  20.4 | draws 687
19:01:35  180.5  gfps  29 G  33.9 | Tot  24.7 Surf   0.7 Draw   5.7 Pipe  3.2 Fin  0.3(Sub  0.2) Idle  18.1 GPU  20.4 | draws 692
19:01:37  182.5  gfps  30 G  33.3 | Tot  25.0 Surf   0.7 Draw   5.7 Pipe  3.3 Fin  0.3(Sub  0.1) Idle  18.3 GPU  20.4 | draws 687
19:01:39  184.5  gfps  29 G  33.0 | Tot  24.8 Surf   0.7 Draw   5.6 Pipe  3.2 Fin  0.3(Sub  0.1) Idle  18.2 GPU  20.3 | draws 687
19:01:41  186.5  gfps  29 G  33.4 | Tot  25.0 Surf   0.7 Draw   5.8 Pipe  3.2 Fin  0.2(Sub  0.1) Idle  18.3 GPU  20.3 | draws 687
19:01:43  188.5  gfps  29 G  33.4 | Tot  25.0 Surf   0.7 Draw   5.8 Pipe  3.3 Fin  0.2(Sub  0.1) Idle  18.2 GPU  20.4 | draws 687
19:01:45  190.5  gfps  29 G  33.4 | Tot  24.9 Surf   0.7 Draw   6.0 Pipe  3.4 Fin  0.3(Sub  0.1) Idle  17.9 GPU  20.3 | draws 687
19:01:47  192.5  gfps  29 G  33.4 | Tot  24.7 Surf   0.7 Draw   5.8 Pipe  3.3 Fin  0.3(Sub  0.2) Idle  17.9 GPU  20.4 | draws 690
19:01:49  194.5  gfps  29 G  33.4 | Tot  25.0 Surf   0.7 Draw   5.9 Pipe  3.3 Fin  0.2(Sub  0.1) Idle  18.2 GPU  20.3 | draws 687
19:01:51  196.5  gfps  29 G  33.4 | Tot  24.8 Surf   0.7 Draw   6.1 Pipe  3.3 Fin  0.3(Sub  0.2) Idle  17.7 GPU  20.2 | draws 687
19:01:53  198.5  gfps  29 G  33.3 | Tot  23.1 Surf   0.7 Draw   6.2 Pipe  3.4 Fin  0.3(Sub  0.1) Idle  15.9 GPU  20.3 | draws 692
19:01:55  200.5  gfps  29 G  33.9 | Tot  25.1 Surf   0.7 Draw   5.9 Pipe  3.3 Fin  0.3(Sub  0.2) Idle  18.2 GPU  20.4 | draws 687
19:01:57  202.5  gfps  30 G  33.3 | Tot  24.7 Surf   0.7 Draw   6.0 Pipe  3.5 Fin  0.3(Sub  0.2) Idle  17.7 GPU  20.3 | draws 687
19:01:59  204.5  gfps  29 G  33.4 | Tot  24.9 Surf   0.7 Draw   6.0 Pipe  3.4 Fin  0.2(Sub  0.1) Idle  18.1 GPU  20.3 | draws 687
19:02:01  206.5  gfps  29 G  33.3 | Tot  24.6 Surf   0.7 Draw   6.1 Pipe  3.3 Fin  0.3(Sub  0.2) Idle  17.5 GPU  20.3 | draws 687
19:02:03  208.5  gfps  29 G  33.4 | Tot  24.7 Surf   0.7 Draw   6.0 Pipe  3.3 Fin  0.3(Sub  0.1) Idle  17.8 GPU  20.3 | draws 692
19:02:05  210.5  gfps  29 G  33.4 | Tot  24.6 Surf   0.7 Draw   6.1 Pipe  3.4 Fin  0.3(Sub  0.1) Idle  17.6 GPU  20.5 | draws 687
19:02:07  212.5  gfps  29 G  33.5 | Tot  25.0 Surf   0.7 Draw   5.9 Pipe  3.3 Fin  0.3(Sub  0.1) Idle  18.1 GPU  20.3 | draws 694
19:02:09  214.6  gfps  29 G  33.4 | Tot  24.7 Surf   0.7 Draw   6.0 Pipe  3.5 Fin  0.3(Sub  0.1) Idle  17.8 GPU  20.4 | draws 687
19:02:11  216.6  gfps  29 G  33.5 | Tot  24.9 Surf   0.7 Draw   6.0 Pipe  3.4 Fin  0.2(Sub  0.1) Idle  18.0 GPU  20.3 | draws 687
19:02:13  218.6  gfps  29 G  33.5 | Tot  24.9 Surf   0.7 Draw   6.0 Pipe  3.4 Fin  0.3(Sub  0.1) Idle  17.9 GPU  20.3 | draws 687
19:02:15  220.6  gfps  29 G  33.4 | Tot  24.9 Surf   0.7 Draw   6.1 Pipe  3.5 Fin  0.3(Sub  0.1) Idle  17.9 GPU  20.3 | draws 687
19:02:17  222.6  gfps  29 G  33.8 | Tot  22.8 Surf   0.7 Draw   6.0 Pipe  3.3 Fin  0.4(Sub  0.2) Idle  15.7 GPU  20.3 | draws 687
19:02:19  224.6  gfps  29 G  33.1 | Tot  24.4 Surf   0.7 Draw   5.7 Pipe  3.2 Fin  0.5(Sub  0.3) Idle  17.5 GPU  20.5 | draws 687
19:02:21  226.6  gfps  29 G  33.4 | Tot  24.4 Surf   0.7 Draw   6.2 Pipe  3.5 Fin  0.3(Sub  0.2) Idle  17.2 GPU  20.3 | draws 694
19:02:23  228.6  gfps  29 G  33.4 | Tot  24.6 Surf   0.7 Draw   6.2 Pipe  3.5 Fin  0.3(Sub  0.2) Idle  17.4 GPU  20.4 | draws 687
19:02:25  230.6  gfps  29 G  33.5 | Tot  24.7 Surf   0.7 Draw   6.3 Pipe  3.5 Fin  0.3(Sub  0.1) Idle  17.4 GPU  20.3 | draws 692
19:02:27  232.6  gfps  29 G  33.4 | Tot  24.5 Surf   0.7 Draw   6.3 Pipe  3.6 Fin  0.2(Sub  0.1) Idle  17.2 GPU  20.4 | draws 687
19:02:29  234.6  gfps  29 G  33.4 | Tot  24.6 Surf   0.7 Draw   6.3 Pipe  3.6 Fin  0.3(Sub  0.2) Idle  17.3 GPU  20.3 | draws 687
19:02:31  236.6  gfps  29 G  33.4 | Tot  24.6 Surf   0.7 Draw   6.2 Pipe  3.6 Fin  0.6(Sub  0.4) Idle  17.1 GPU  20.4 | draws 687
19:02:33  238.6  gfps  29 G  33.7 | Tot  23.0 Surf   0.7 Draw   6.5 Pipe  3.7 Fin  0.3(Sub  0.2) Idle  15.4 GPU  20.3 | draws 687
19:02:35  240.6  gfps  25 G  34.4 | Tot  23.7 Surf   0.7 Draw   6.2 Pipe  3.6 Fin  0.5(Sub  0.3) Idle  16.3 GPU  20.4 | draws 692
19:02:37  242.7  gfps  29 G  34.0 | Tot  22.3 Surf   0.7 Draw   6.3 Pipe  3.6 Fin  0.3(Sub  0.1) Idle  15.0 GPU  20.6 | draws 687
19:02:39  244.7  gfps  29 G  33.8 | Tot  23.7 Surf   0.7 Draw   6.3 Pipe  3.5 Fin  0.2(Sub  0.1) Idle  16.5 GPU  20.4 | draws 694
19:02:41  246.7  gfps  29 G  33.9 | Tot  25.3 Surf   0.7 Draw   5.8 Pipe  3.3 Fin  0.4(Sub  0.2) Idle  18.4 GPU  20.4 | draws 687
19:02:43  248.7  gfps  29 G  33.4 | Tot  24.7 Surf   0.7 Draw   6.3 Pipe  3.5 Fin  0.3(Sub  0.2) Idle  17.4 GPU  20.5 | draws 687
19:02:45  250.7  gfps  29 G  33.4 | Tot  24.7 Surf   0.7 Draw   6.3 Pipe  3.6 Fin  0.3(Sub  0.2) Idle  17.4 GPU  20.4 | draws 687
19:02:47  252.7  gfps  29 G  33.5 | Tot  24.7 Surf   0.7 Draw   6.4 Pipe  3.6 Fin  0.3(Sub  0.1) Idle  17.3 GPU  20.4 | draws 687
19:02:49  254.7  gfps  29 G  33.5 | Tot  24.6 Surf   0.7 Draw   6.3 Pipe  3.6 Fin  0.5(Sub  0.4) Idle  17.1 GPU  20.4 | draws 687
19:02:51  256.7  gfps  29 G  33.4 | Tot  24.5 Surf   0.7 Draw   6.5 Pipe  3.7 Fin  0.4(Sub  0.3) Idle  16.8 GPU  20.4 | draws 687
19:02:53  258.7  gfps  29 G  33.5 | Tot  22.6 Surf   0.7 Draw   6.3 Pipe  3.6 Fin  0.3(Sub  0.1) Idle  15.3 GPU  20.6 | draws 692
19:02:55  260.7  gfps  29 G  34.2 | Tot  23.4 Surf   0.7 Draw   6.4 Pipe  3.6 Fin  0.3(Sub  0.2) Idle  15.9 GPU  20.5 | draws 687
19:02:57  262.7  gfps  30 G  33.2 | Tot  24.5 Surf   0.7 Draw   5.8 Pipe  3.3 Fin  0.3(Sub  0.1) Idle  17.7 GPU  20.5 | draws 694
19:02:59  264.7  gfps  29 G  33.5 | Tot  24.3 Surf   0.7 Draw   6.6 Pipe  3.7 Fin  0.3(Sub  0.2) Idle  16.7 GPU  20.5 | draws 687
19:03:01  266.7  gfps  29 G  33.4 | Tot  24.1 Surf   0.7 Draw   6.7 Pipe  3.7 Fin  0.5(Sub  0.4) Idle  16.2 GPU  20.5 | draws 687
19:03:03  268.7  gfps  29 G  33.5 | Tot  23.9 Surf   0.7 Draw   6.7 Pipe  3.7 Fin  0.4(Sub  0.3) Idle  16.0 GPU  20.5 | draws 687
19:03:05  270.7  gfps  29 G  33.4 | Tot  24.4 Surf   0.7 Draw   6.7 Pipe  3.8 Fin  0.3(Sub  0.2) Idle  16.6 GPU  20.4 | draws 687
19:03:07  272.7  gfps  29 G  33.5 | Tot  24.5 Surf   0.7 Draw   6.5 Pipe  3.7 Fin  0.3(Sub  0.2) Idle  17.0 GPU  20.5 | draws 692
19:03:09  274.7  gfps  29 G  33.4 | Tot  22.5 Surf   0.7 Draw   6.5 Pipe  3.6 Fin  0.3(Sub  0.1) Idle  14.9 GPU  20.6 | draws 687
19:03:11  276.7  gfps  29 G  33.7 | Tot  23.0 Surf   0.7 Draw   6.5 Pipe  3.6 Fin  0.3(Sub  0.1) Idle  15.6 GPU  20.5 | draws 694
19:03:13  278.7  gfps  29 G  32.9 | Tot  24.1 Surf   0.7 Draw   6.4 Pipe  3.5 Fin  0.3(Sub  0.1) Idle  16.6 GPU  20.6 | draws 687
19:03:15  280.7  gfps  29 G  33.7 | Tot  24.8 Surf   0.7 Draw   6.5 Pipe  3.7 Fin  0.4(Sub  0.3) Idle  17.2 GPU  20.5 | draws 687
19:03:17  282.7  gfps  29 G  33.5 | Tot  24.6 Surf   0.7 Draw   6.4 Pipe  3.6 Fin  0.4(Sub  0.2) Idle  17.2 GPU  20.5 | draws 687
19:03:19  284.7  gfps  24 G  37.0 | Tot  22.9 Surf   0.7 Draw   6.6 Pipe  3.7 Fin  0.3(Sub  0.1) Idle  15.2 GPU  20.5 | draws 687
19:03:21  286.7  gfps  29 G  33.3 | Tot  24.2 Surf   0.7 Draw   6.6 Pipe  3.7 Fin  0.3(Sub  0.1) Idle  16.7 GPU  20.5 | draws 692
19:03:23  288.7  gfps  29 G  33.6 | Tot  24.4 Surf   0.7 Draw   6.6 Pipe  3.7 Fin  0.3(Sub  0.2) Idle  16.8 GPU  20.5 | draws 687
19:03:25  290.7  gfps  29 G  33.3 | Tot  24.4 Surf   0.7 Draw   6.6 Pipe  3.8 Fin  0.3(Sub  0.1) Idle  16.8 GPU  20.4 | draws 692
19:03:27  292.8  gfps  29 G  33.6 | Tot  24.2 Surf   0.7 Draw   6.6 Pipe  3.7 Fin  0.3(Sub  0.1) Idle  16.5 GPU  20.5 | draws 687
19:03:29  294.9  gfps  29 G  32.7 | Tot  20.6 Surf   0.8 Draw   7.2 Pipe  4.0 Fin  0.4(Sub  0.2) Idle  12.2 GPU  21.7 | draws 687
19:03:31  296.9  gfps  29 G  33.1 | Tot  22.9 Surf   0.7 Draw   6.8 Pipe  3.8 Fin  0.5(Sub  0.3) Idle  14.9 GPU  20.6 | draws 723
19:03:31  296.9  -- route: mark gameplay
19:03:33  298.9  gfps  29 G  33.2 | Tot  22.7 Surf   0.7 Draw   7.2 Pipe  4.0 Fin  0.3(Sub  0.1) Idle  14.5 GPU  20.6 | draws 707
19:03:35  300.9  gfps  29 G  33.2 | Tot  23.4 Surf   0.7 Draw   7.0 Pipe  4.1 Fin  0.5(Sub  0.4) Idle  15.1 GPU  21.1 | draws 707
19:03:37  302.9  gfps  29 G  32.8 | Tot  25.7 Surf   0.5 Draw   5.0 Pipe  2.5 Fin  0.3(Sub  0.2) Idle  19.9 GPU  16.1 | draws 627
19:03:39  304.9  gfps  29 G  33.5 | Tot  29.6 Surf   0.3 Draw   2.8 Pipe  1.5 Fin  0.5(Sub  0.3) Idle  26.1 GPU  11.5 | draws 409
19:03:41  306.9  gfps  29 G  33.5 | Tot  28.7 Surf   0.4 Draw   3.8 Pipe  2.1 Fin  0.3(Sub  0.1) Idle  24.2 GPU  14.5 | draws 282
19:03:43  308.9  gfps  29 G  33.5 | Tot  26.4 Surf   0.5 Draw   4.5 Pipe  2.5 Fin  0.5(Sub  0.4) Idle  20.8 GPU  16.2 | draws 416
19:03:45  310.9  gfps  29 G  33.4 | Tot  26.4 Surf   0.5 Draw   4.4 Pipe  2.4 Fin  0.3(Sub  0.1) Idle  21.2 GPU  15.3 | draws 415
19:03:47  312.9  gfps  29 G  33.2 | Tot  27.5 Surf   0.4 Draw   3.6 Pipe  1.9 Fin  0.3(Sub  0.1) Idle  23.2 GPU  13.4 | draws 432
19:03:49  314.9  gfps  29 G  33.3 | Tot  29.5 Surf   0.3 Draw   2.7 Pipe  1.5 Fin  0.3(Sub  0.2) Idle  26.2 GPU  11.5 | draws 357
19:03:51  316.9  gfps  29 G  33.5 | Tot  28.0 Surf   0.5 Draw   4.2 Pipe  2.4 Fin  0.4(Sub  0.2) Idle  22.9 GPU  16.0 | draws 277
19:03:53  318.9  gfps  29 G  33.5 | Tot  27.8 Surf   0.5 Draw   4.5 Pipe  2.5 Fin  0.5(Sub  0.4) Idle  22.3 GPU  16.4 | draws 467
19:03:55  320.9  gfps  29 G  33.3 | Tot  26.6 Surf   0.6 Draw   5.5 Pipe  3.0 Fin  0.3(Sub  0.1) Idle  20.2 GPU  20.0 | draws 456
19:03:57  322.9  gfps  29 G  33.3 | Tot  28.1 Surf   0.5 Draw   4.2 Pipe  2.3 Fin  0.3(Sub  0.1) Idle  23.2 GPU  15.7 | draws 571
19:03:59  324.9  gfps  29 G  33.4 | Tot  28.3 Surf   0.5 Draw   4.1 Pipe  2.3 Fin  0.3(Sub  0.1) Idle  23.5 GPU  15.5 | draws 433
19:04:01  326.9  gfps  29 G  33.3 | Tot  27.9 Surf   0.5 Draw   4.3 Pipe  2.4 Fin  0.3(Sub  0.1) Idle  22.8 GPU  16.1 | draws 440
19:04:03  328.9  gfps  29 G  33.3 | Tot  26.0 Surf   0.5 Draw   4.9 Pipe  2.7 Fin  0.3(Sub  0.2) Idle  20.2 GPU  16.4 | draws 448
19:04:05  330.9  gfps  29 G  33.4 | Tot  26.5 Surf   0.5 Draw   4.5 Pipe  2.4 Fin  0.6(Sub  0.4) Idle  21.0 GPU  15.2 | draws 455
19:04:07  332.9  gfps  29 G  33.6 | Tot  25.3 Surf   0.6 Draw   5.7 Pipe  3.2 Fin  0.4(Sub  0.3) Idle  18.6 GPU  18.5 | draws 438
19:04:09  334.9  gfps  29 G  33.4 | Tot  27.7 Surf   0.5 Draw   4.5 Pipe  2.5 Fin  0.5(Sub  0.3) Idle  22.3 GPU  15.8 | draws 559
19:04:11  336.9  gfps  29 G  33.7 | Tot  27.7 Surf   0.6 Draw   5.0 Pipe  2.8 Fin  0.7(Sub  0.6) Idle  21.4 GPU  17.2 | draws 451
19:04:13  338.9  gfps  29 G  33.4 | Tot  24.9 Surf   0.8 Draw   7.0 Pipe  4.1 Fin  0.4(Sub  0.2) Idle  16.7 GPU  22.4 | draws 649
19:04:15  340.9  gfps  29 G  33.3 | Tot  27.5 Surf   0.4 Draw   4.0 Pipe  2.2 Fin  0.4(Sub  0.3) Idle  22.7 GPU  14.3 | draws 731
19:04:17  342.9  gfps  29 G  33.2 | Tot  27.0 Surf   0.5 Draw   4.8 Pipe  2.7 Fin  0.3(Sub  0.1) Idle  21.3 GPU  16.3 | draws 364
19:04:19  344.9  gfps  29 G  33.6 | Tot  27.2 Surf   0.5 Draw   4.8 Pipe  2.6 Fin  0.8(Sub  0.7) Idle  21.1 GPU  16.8 | draws 472
19:04:21  347.0  gfps  29 G  33.3 | Tot  26.2 Surf   0.6 Draw   5.2 Pipe  2.9 Fin  0.4(Sub  0.3) Idle  20.0 GPU  17.9 | draws 468
19:04:24  349.4  gfps  29 G  32.4 | Tot  23.9 Surf   0.6 Draw   6.2 Pipe  3.6 Fin  6.9(Sub  6.7) Idle  10.1 GPU  24.2 | draws 527
19:04:26  351.4  gfps  29 G  33.3 | Tot  25.9 Surf   0.5 Draw   5.0 Pipe  2.7 Fin  0.3(Sub  0.1) Idle  20.1 GPU  16.5 | draws 593
19:04:28  353.4  gfps  29 G  33.4 | Tot  28.9 Surf   0.3 Draw   3.3 Pipe  1.7 Fin  0.4(Sub  0.3) Idle  24.8 GPU  12.6 | draws 430
19:04:30  355.4  gfps  29 G  33.5 | Tot  29.2 Surf   0.3 Draw   3.2 Pipe  1.7 Fin  0.3(Sub  0.2) Idle  25.3 GPU  12.4 | draws 316
19:04:32  357.4  gfps  29 G  33.4 | Tot  28.0 Surf   0.4 Draw   3.8 Pipe  2.0 Fin  0.3(Sub  0.1) Idle  23.5 GPU  13.6 | draws 309
19:04:34  359.4  gfps  29 G  33.6 | Tot  26.7 Surf   0.5 Draw   4.9 Pipe  2.7 Fin  0.4(Sub  0.2) Idle  20.9 GPU  16.2 | draws 373
19:04:36  361.4  gfps  29 G  33.5 | Tot  27.2 Surf   0.4 Draw   4.4 Pipe  2.4 Fin  0.4(Sub  0.2) Idle  22.0 GPU  14.9 | draws 512
19:04:38  363.4  gfps  29 G  33.4 | Tot  29.4 Surf   0.3 Draw   3.0 Pipe  1.6 Fin  0.5(Sub  0.4) Idle  25.6 GPU  11.7 | draws 395
19:04:40  365.4  gfps  29 G  33.9 | Tot  28.2 Surf   0.4 Draw   4.1 Pipe  2.2 Fin  0.5(Sub  0.3) Idle  23.2 GPU  14.6 | draws 286
19:04:42  367.4  gfps  29 G  33.3 | Tot  27.8 Surf   0.5 Draw   4.5 Pipe  2.4 Fin  0.4(Sub  0.2) Idle  22.4 GPU  16.0 | draws 447
19:04:44  369.5  gfps  29 G  33.3 | Tot  27.8 Surf   0.5 Draw   4.5 Pipe  2.5 Fin  0.4(Sub  0.2) Idle  22.5 GPU  17.3 | draws 442
19:04:46  371.4  gfps  29 G  33.5 | Tot  29.6 Surf   0.3 Draw   2.9 Pipe  1.6 Fin  0.4(Sub  0.2) Idle  26.0 GPU  11.5 | draws 444
19:04:48  373.5  gfps  29 G  33.3 | Tot  28.0 Surf   0.5 Draw   4.1 Pipe  2.3 Fin  0.3(Sub  0.2) Idle  23.1 GPU  15.1 | draws 279
19:04:50  375.5  gfps  29 G  33.4 | Tot  28.6 Surf   0.4 Draw   4.0 Pipe  2.2 Fin  0.3(Sub  0.1) Idle  23.9 GPU  14.4 | draws 421
19:04:52  377.5  gfps  29 G  33.6 | Tot  28.3 Surf   0.4 Draw   3.8 Pipe  2.0 Fin  0.5(Sub  0.4) Idle  23.6 GPU  13.3 | draws 411
19:04:54  379.5  gfps  29 G  33.5 | Tot  28.2 Surf   0.4 Draw   3.7 Pipe  2.0 Fin  0.3(Sub  0.1) Idle  23.9 GPU  13.5 | draws 362
19:04:56  381.5  gfps  29 G  33.5 | Tot  28.0 Surf   0.4 Draw   3.7 Pipe  2.0 Fin  0.4(Sub  0.2) Idle  23.5 GPU  15.1 | draws 356
19:04:58  383.5  gfps  29 G  33.5 | Tot  28.9 Surf   0.4 Draw   3.9 Pipe  2.2 Fin  0.4(Sub  0.3) Idle  24.1 GPU  14.1 | draws 362
19:05:00  385.5  gfps  29 G  33.4 | Tot  28.3 Surf   0.5 Draw   4.2 Pipe  2.3 Fin  0.5(Sub  0.3) Idle  23.2 GPU  14.6 | draws 404
19:05:02  387.5  gfps  29 G  33.5 | Tot  28.9 Surf   0.3 Draw   3.1 Pipe  1.7 Fin  0.4(Sub  0.2) Idle  25.1 GPU  11.4 | draws 422
19:05:04  389.5  gfps  29 G  33.5 | Tot  26.4 Surf   0.6 Draw   5.9 Pipe  3.4 Fin  0.3(Sub  0.2) Idle  19.5 GPU  19.5 | draws 306
19:05:06  391.5  gfps  29 G  33.4 | Tot  26.2 Surf   0.6 Draw   6.0 Pipe  3.5 Fin  0.3(Sub  0.1) Idle  19.3 GPU  19.9 | draws 621
19:05:08  393.6  gfps  26 G  38.0 | Tot  29.6 Surf   0.7 Draw   6.5 Pipe  4.0 Fin 20.5(Sub 20.3) Idle   1.7 GPU  38.7 | draws 613
19:05:10  395.6  gfps  29 G  33.3 | Tot  26.2 Surf   0.5 Draw   5.0 Pipe  2.8 Fin  0.3(Sub  0.2) Idle  20.3 GPU  16.3 | draws 655
19:05:12  397.6  gfps  29 G  33.4 | Tot  26.1 Surf   0.7 Draw   6.5 Pipe  3.8 Fin  0.3(Sub  0.2) Idle  18.6 GPU  20.8 | draws 456
19:05:14  399.7  gfps  29 G  38.8 | Tot  30.1 Surf   0.7 Draw   6.3 Pipe  3.8 Fin  9.9(Sub  9.7) Idle  13.2 GPU  30.3 | draws 660
19:05:16  401.9  gfps  25 G  38.4 | Tot  31.0 Surf   0.7 Draw   7.1 Pipe  4.3 Fin 21.6(Sub 21.4) Idle   1.4 GPU  40.5 | draws 692
19:05:19  404.5  gfps  29 G  33.4 | Tot  31.6 Surf   0.1 Draw   0.6 Pipe  0.4 Fin  1.7(Sub  1.6) Idle  29.2 GPU   1.1 | draws 643
19:05:21  406.5  gfps  29 G  33.4 | Tot  31.8 Surf   0.1 Draw   0.5 Pipe  0.3 Fin  1.6(Sub  1.5) Idle  29.5 GPU   1.1 | draws 27
19:05:23  408.5  gfps  29 G  33.4 | Tot  31.7 Surf   0.1 Draw   0.5 Pipe  0.4 Fin  1.7(Sub  1.6) Idle  29.4 GPU   1.1 | draws 27
19:05:25  410.5  gfps  29 G  33.4 | Tot  31.8 Surf   0.1 Draw   0.5 Pipe  0.3 Fin  1.7(Sub  1.6) Idle  29.5 GPU   1.1 | draws 31
19:05:27  412.5  gfps  29 G  33.4 | Tot  31.8 Surf   0.1 Draw   0.5 Pipe  0.3 Fin  1.7(Sub  1.6) Idle  29.5 GPU   1.1 | draws 26
19:05:29  414.6  gfps  29 G  33.4 | Tot  32.4 Surf   0.0 Draw   0.2 Pipe  0.1 Fin  0.2(Sub  0.1) Idle  31.9 GPU   0.4 | draws 26
19:05:31  416.6  gfps  29 G  33.4 | Tot  32.4 Surf   0.0 Draw   0.2 Pipe  0.1 Fin  0.3(Sub  0.2) Idle  31.9 GPU   0.4 | draws 11
19:05:33  418.6  gfps  29 G  33.3 | Tot  32.2 Surf   0.0 Draw   0.2 Pipe  0.1 Fin  0.4(Sub  0.3) Idle  31.5 GPU   0.4 | draws 11
19:05:35  420.6  gfps  29 G  33.4 | Tot  32.5 Surf   0.0 Draw   0.2 Pipe  0.1 Fin  0.3(Sub  0.2) Idle  31.9 GPU   0.4 | draws 11
19:05:37  422.6  gfps  29 G  33.5 | Tot  32.4 Surf   0.0 Draw   0.2 Pipe  0.1 Fin  0.4(Sub  0.3) Idle  31.8 GPU   0.4 | draws 11
19:05:39  424.6  gfps  29 G  33.3 | Tot  32.4 Surf   0.0 Draw   0.2 Pipe  0.1 Fin  0.2(Sub  0.1) Idle  31.9 GPU   0.4 | draws 11
19:05:41  426.6  gfps  29 G  33.0 | Tot  32.0 Surf   0.1 Draw   1.3 Pipe  1.1 Fin  1.5(Sub  1.4) Idle  28.3 GPU   1.1 | draws 11
19:05:43  428.6  gfps  29 G  33.3 | Tot  32.4 Surf   0.0 Draw   0.5 Pipe  0.3 Fin  1.3(Sub  1.1) Idle  30.4 GPU   1.1 | draws 13
19:05:45  430.7  gfps  29 G  33.3 | Tot  32.3 Surf   0.0 Draw   0.6 Pipe  0.4 Fin  1.3(Sub  1.1) Idle  30.3 GPU   1.2 | draws 12
19:05:47  432.7  gfps  29 G  33.4 | Tot  32.3 Surf   0.0 Draw   0.6 Pipe  0.4 Fin  1.2(Sub  1.1) Idle  30.3 GPU   1.2 | draws 14
19:05:49  434.7  gfps  29 G  33.3 | Tot  31.9 Surf   0.1 Draw   0.7 Pipe  0.4 Fin  1.5(Sub  1.3) Idle  29.6 GPU   1.3 | draws 16
19:05:51  436.7  gfps  29 G  33.3 | Tot  31.9 Surf   0.1 Draw   0.7 Pipe  0.4 Fin  2.0(Sub  1.8) Idle  29.1 GPU   1.3 | draws 16
19:05:53  438.7  gfps  29 G  33.4 | Tot  31.7 Surf   0.1 Draw   0.7 Pipe  0.4 Fin  1.4(Sub  1.2) Idle  29.4 GPU   1.3 | draws 18
19:05:55  440.7  gfps  29 G  33.4 | Tot  32.1 Surf   0.1 Draw   0.6 Pipe  0.4 Fin  1.3(Sub  1.2) Idle  30.0 GPU   1.3 | draws 20
19:05:57  442.7  gfps  29 G  33.3 | Tot  32.0 Surf   0.1 Draw   0.6 Pipe  0.4 Fin  1.3(Sub  1.2) Idle  29.8 GPU   1.4 | draws 20
19:05:59  444.7  gfps  29 G  33.4 | Tot  31.8 Surf   0.1 Draw   0.7 Pipe  0.4 Fin  1.3(Sub  1.1) Idle  29.6 GPU   1.4 | draws 22
19:06:01  446.7  gfps  29 G  33.4 | Tot  32.0 Surf   0.1 Draw   0.7 Pipe  0.4 Fin  1.3(Sub  1.1) Idle  29.8 GPU   1.4 | draws 24
19:06:03  448.7  gfps  29 G  33.4 | Tot  31.8 Surf   0.1 Draw   0.7 Pipe  0.4 Fin  1.4(Sub  1.2) Idle  29.5 GPU   1.5 | draws 24
19:06:05  450.7  gfps  29 G  33.5 | Tot  31.9 Surf   0.1 Draw   0.7 Pipe  0.5 Fin  1.5(Sub  1.3) Idle  29.5 GPU   1.4 | draws 26
19:06:07  452.7  gfps  29 G  33.3 | Tot  31.9 Surf   0.1 Draw   0.7 Pipe  0.4 Fin  1.3(Sub  1.1) Idle  29.7 GPU   1.5 | draws 26
19:06:09  454.7  gfps  29 G  33.3 | Tot  31.2 Surf   0.1 Draw   0.7 Pipe  0.5 Fin  1.2(Sub  1.1) Idle  29.0 GPU   1.5 | draws 26
19:06:11  456.7  gfps  29 G  33.3 | Tot  31.7 Surf   0.1 Draw   0.7 Pipe  0.4 Fin  1.3(Sub  1.1) Idle  29.5 GPU   1.5 | draws 28
19:06:13  458.7  gfps  29 G  33.4 | Tot  31.6 Surf   0.1 Draw   0.7 Pipe  0.5 Fin  1.4(Sub  1.2) Idle  29.2 GPU   1.5 | draws 28
19:06:15  460.7  gfps  29 G  33.3 | Tot  31.5 Surf   0.1 Draw   0.7 Pipe  0.4 Fin  1.3(Sub  1.2) Idle  29.3 GPU   1.5 | draws 28
19:06:17  462.7  gfps  29 G  33.3 | Tot  31.3 Surf   0.1 Draw   0.7 Pipe  0.4 Fin  1.4(Sub  1.2) Idle  29.0 GPU   1.5 | draws 26
19:06:19  464.7  gfps  29 G  33.3 | Tot  31.8 Surf   0.1 Draw   0.7 Pipe  0.5 Fin  1.4(Sub  1.2) Idle  29.5 GPU   1.5 | draws 28
19:06:21  466.7  gfps  29 G  37.6 | Tot  36.1 Surf   0.1 Draw   0.6 Pipe  0.4 Fin  1.0(Sub  0.8) Idle  34.3 GPU   1.4 | draws 28
19:06:23  469.2  gfps  29 G  33.4 | Tot  33.2 Surf   0.1 Draw   0.9 Pipe  0.8 Fin  0.2(Sub  0.1) Idle  31.3 GPU   0.4 | draws 0
19:06:26  471.6  gfps  19 G  50.0 | Tot  49.3 Surf   0.1 Draw   0.9 Pipe  0.9 Fin  0.4(Sub  0.3) Idle  47.3 GPU   0.5 | draws 2
19:06:28  474.1  gfps  30 G  30.2 | Tot  29.6 Surf   0.1 Draw   1.2 Pipe  1.0 Fin  0.9(Sub  0.8) Idle  26.7 GPU   1.1 | draws 2
19:06:30  476.1  gfps  29 G  33.5 | Tot  32.0 Surf   0.1 Draw   0.7 Pipe  0.5 Fin  1.7(Sub  1.5) Idle  29.4 GPU   1.5 | draws 29
19:06:32  478.1  gfps  29 G  33.3 | Tot  31.7 Surf   0.1 Draw   0.8 Pipe  0.5 Fin  1.7(Sub  1.5) Idle  29.1 GPU   1.5 | draws 28
19:06:34  480.1  gfps  29 G  33.5 | Tot  31.9 Surf   0.1 Draw   0.7 Pipe  0.5 Fin  1.4(Sub  1.2) Idle  29.5 GPU   1.5 | draws 28
19:06:36  482.1  gfps  29 G  33.3 | Tot  31.7 Surf   0.1 Draw   0.7 Pipe  0.4 Fin  1.3(Sub  1.1) Idle  29.5 GPU   1.5 | draws 26
19:06:38  484.1  gfps  29 G  33.4 | Tot  31.9 Surf   0.1 Draw   0.7 Pipe  0.4 Fin  1.3(Sub  1.2) Idle  29.7 GPU   1.5 | draws 26
19:06:40  486.1  gfps  29 G  33.4 | Tot  31.9 Surf   0.1 Draw   0.7 Pipe  0.4 Fin  1.3(Sub  1.1) Idle  29.8 GPU   1.4 | draws 24
19:06:42  488.1  gfps  29 G  33.6 | Tot  32.2 Surf   0.1 Draw   0.7 Pipe  0.4 Fin  1.5(Sub  1.3) Idle  29.8 GPU   1.4 | draws 24
19:06:44  490.1  gfps  29 G  33.4 | Tot  32.0 Surf   0.1 Draw   0.7 Pipe  0.4 Fin  1.5(Sub  1.3) Idle  29.6 GPU   1.4 | draws 24
19:06:46  492.1  gfps  29 G  33.6 | Tot  32.0 Surf   0.1 Draw   0.7 Pipe  0.5 Fin  1.5(Sub  1.3) Idle  29.7 GPU   1.5 | draws 24
19:06:48  494.2  gfps  29 G  33.4 | Tot  31.9 Surf   0.1 Draw   0.7 Pipe  0.4 Fin  1.3(Sub  1.2) Idle  29.7 GPU   1.5 | draws 26
19:06:50  496.2  gfps  29 G  33.3 | Tot  31.8 Surf   0.1 Draw   0.7 Pipe  0.5 Fin  1.4(Sub  1.3) Idle  29.4 GPU   1.5 | draws 26
19:06:52  498.2  gfps  29 G  33.3 | Tot  31.7 Surf   0.1 Draw   0.7 Pipe  0.5 Fin  1.2(Sub  1.0) Idle  29.6 GPU   1.5 | draws 26
19:06:54  500.2  gfps  29 G  33.3 | Tot  31.8 Surf   0.1 Draw   0.7 Pipe  0.5 Fin  1.3(Sub  1.1) Idle  29.6 GPU   1.5 | draws 28
19:06:56  502.2  gfps  29 G  33.4 | Tot  31.7 Surf   0.1 Draw   0.8 Pipe  0.5 Fin  1.9(Sub  1.7) Idle  28.9 GPU   1.5 | draws 28
19:06:58  504.2  gfps  29 G  33.4 | Tot  31.4 Surf   0.1 Draw   0.8 Pipe  0.5 Fin  1.4(Sub  1.2) Idle  29.0 GPU   1.5 | draws 28
19:07:00  506.2  gfps  29 G  33.4 | Tot  31.7 Surf   0.1 Draw   0.8 Pipe  0.5 Fin  1.4(Sub  1.2) Idle  29.3 GPU   1.5 | draws 30
19:07:02  508.2  gfps  29 G  33.5 | Tot  31.4 Surf   0.1 Draw   0.7 Pipe  0.5 Fin  1.5(Sub  1.3) Idle  29.0 GPU   1.5 | draws 26
19:07:04  510.2  gfps  29 G  33.4 | Tot  31.6 Surf   0.1 Draw   0.7 Pipe  0.5 Fin  1.4(Sub  1.2) Idle  29.3 GPU   1.5 | draws 26
19:07:06  512.2  gfps  29 G  33.3 | Tot  31.7 Surf   0.1 Draw   0.7 Pipe  0.5 Fin  1.4(Sub  1.2) Idle  29.4 GPU   1.5 | draws 28
19:07:09  514.6  gfps   5 G 125.1 | Tot 123.6 Surf   0.2 Draw   1.1 Pipe  0.9 Fin  0.8(Sub  0.7) Idle 120.8 GPU   1.0 | draws 30
19:07:11  516.7  gfps  29 G  32.6 | Tot  32.6 Surf   0.1 Draw   0.9 Pipe  0.8 Fin  0.2(Sub  0.1) Idle  30.8 GPU   0.4 | draws 2
19:07:13  519.1  gfps  19 G  50.0 | Tot  49.6 Surf   0.1 Draw   0.9 Pipe  0.9 Fin  0.2(Sub  0.1) Idle  47.7 GPU   0.5 | draws 2
19:07:16  521.6  gfps  29 G  33.5 | Tot  33.4 Surf   0.1 Draw   1.0 Pipe  0.9 Fin  0.3(Sub  0.2) Idle  31.4 GPU   0.5 | draws 2
19:07:18  523.5  gfps  29 G  33.4 | Tot  31.9 Surf   0.1 Draw   0.7 Pipe  0.4 Fin  1.5(Sub  1.3) Idle  29.6 GPU   1.5 | draws 2
19:07:20  525.5  gfps  29 G  33.7 | Tot  32.1 Surf   0.1 Draw   0.7 Pipe  0.5 Fin  1.5(Sub  1.4) Idle  29.6 GPU   1.5 | draws 28
19:07:22  527.5  gfps  29 G  33.3 | Tot  31.8 Surf   0.1 Draw   0.7 Pipe  0.4 Fin  1.4(Sub  1.3) Idle  29.4 GPU   1.4 | draws 28
19:07:24  529.5  gfps  29 G  33.4 | Tot  31.8 Surf   0.1 Draw   0.7 Pipe  0.4 Fin  1.3(Sub  1.1) Idle  29.6 GPU   1.5 | draws 24
19:07:26  531.5  gfps  29 G  33.4 | Tot  31.7 Surf   0.1 Draw   0.7 Pipe  0.4 Fin  1.2(Sub  1.0) Idle  29.6 GPU   1.4 | draws 26
19:07:28  533.5  gfps  29 G  33.3 | Tot  31.9 Surf   0.1 Draw   0.7 Pipe  0.5 Fin  1.3(Sub  1.1) Idle  29.7 GPU   1.5 | draws 26
19:07:30  535.5  gfps  29 G  33.3 | Tot  31.6 Surf   0.1 Draw   0.8 Pipe  0.5 Fin  1.4(Sub  1.2) Idle  29.2 GPU   1.5 | draws 28
19:07:32  537.5  gfps  29 G  33.4 | Tot  31.0 Surf   0.1 Draw   0.8 Pipe  0.5 Fin  1.3(Sub  1.2) Idle  28.6 GPU   1.5 | draws 28
19:07:34  539.5  gfps  29 G  33.4 | Tot  31.8 Surf   0.1 Draw   0.8 Pipe  0.5 Fin  1.4(Sub  1.2) Idle  29.4 GPU   1.5 | draws 26
19:07:36  541.5  gfps  29 G  33.4 | Tot  31.7 Surf   0.1 Draw   0.7 Pipe  0.4 Fin  1.3(Sub  1.1) Idle  29.5 GPU   1.5 | draws 26
19:07:38  543.6  gfps  29 G  33.4 | Tot  31.7 Surf   0.1 Draw   0.7 Pipe  0.5 Fin  1.3(Sub  1.1) Idle  29.5 GPU   1.5 | draws 28
19:07:40  545.6  gfps  29 G  33.3 | Tot  31.8 Surf   0.1 Draw   0.7 Pipe  0.4 Fin  1.5(Sub  1.3) Idle  29.5 GPU   1.4 | draws 26
19:07:42  547.6  gfps  29 G  33.4 | Tot  32.0 Surf   0.1 Draw   0.7 Pipe  0.4 Fin  1.4(Sub  1.1) Idle  29.8 GPU   1.4 | draws 22
19:07:44  549.6  gfps  29 G  33.4 | Tot  32.0 Surf   0.1 Draw   0.6 Pipe  0.4 Fin  1.3(Sub  1.1) Idle  29.9 GPU   1.4 | draws 24
19:07:46  551.6  gfps  29 G  33.3 | Tot  32.0 Surf   0.1 Draw   0.7 Pipe  0.4 Fin  1.3(Sub  1.1) Idle  29.9 GPU   1.4 | draws 22
19:07:48  553.6  gfps  29 G  33.3 | Tot  31.9 Surf   0.1 Draw   0.7 Pipe  0.4 Fin  1.3(Sub  1.1) Idle  29.8 GPU   1.4 | draws 22
19:07:48  554.0  -- route: soak end
19:07:50  555.6  gfps  29 G  33.3 | Tot  31.8 Surf   0.1 Draw   0.7 Pipe  0.4 Fin  1.7(Sub  1.5) Idle  29.2 GPU   1.4 | draws 24
19:07:52  557.6  gfps  29 G  33.4 | Tot  31.8 Surf   0.1 Draw   0.8 Pipe  0.5 Fin  1.4(Sub  1.2) Idle  29.4 GPU   1.5 | draws 24
19:07:54  559.6  gfps  29 G  33.3 | Tot  31.6 Surf   0.1 Draw   0.8 Pipe  0.5 Fin  1.4(Sub  1.2) Idle  29.3 GPU   1.5 | draws 26
shots (host clock): 185857-title.png 185931-menu.png 190020-intro.png 190330-gameplay.png
