=== 1790359589-xbox-full6743-dry2-2802408

Depth_buffer_fixed_function/z24_Cn_FZy_M000003: 24 px differ, max rgb 128 alpha 0; blank=True (ours top 0.9939, 2 colours; golden 11 colours)
  bbox x 136..509, y 53..71
  golden census (11, [((0, 0, 0), 305310), ((255, 255, 255), 1866), ((58, 58, 58), 16), ((0, 128, 0), 1), ((16, 128, 16), 1), ((32, 128, 32), 1)])
  ours   census (2, [((0, 0, 0), 305334), ((255, 255, 255), 1866)])
    golden (58, 58, 58, 255) -> ours (0, 0, 0, 255): 16 px
    golden (0, 128, 0, 255) -> ours (0, 0, 0, 255): 1 px
    golden (16, 128, 16, 255) -> ours (0, 0, 0, 255): 1 px
    golden (32, 128, 32, 255) -> ours (0, 0, 0, 255): 1 px
    golden (48, 128, 48, 255) -> ours (0, 0, 0, 255): 1 px
    golden (64, 128, 64, 255) -> ours (0, 0, 0, 255): 1 px
    golden (81, 128, 81, 255) -> ours (0, 0, 0, 255): 1 px
    golden (97, 128, 97, 255) -> ours (0, 0, 0, 255): 1 px
  rows [(53, 8), (56, 1), (57, 1), (58, 1), (59, 1), (60, 1), (61, 1), (62, 1), (63, 1), (64, 1), (65, 1), (66, 1), (67, 1), (68, 1), (69, 1), (70, 1), (71, 1)]
  cols [(136, 16), (502, 1), (503, 1), (504, 1), (505, 1), (506, 1), (507, 1), (508, 1), (509, 1)]
  golden z24 at these px [(0, 24)]
  ours   z24 at these px [(3, 24)]
  _ZB capture: 24 px differ in z24, 24 of them under the colour residual
  golden z24 census [(3, 307176), (0, 24)]
  ours   z24 census [(3, 307200)]
  px (502,53) (503,53) (504,53) (505,53) (506,53) (507,53) (508,53) (509,53) (136,56) (136,57) (136,58) (136,59) (136,60) (136,61) (136,62) (136,63) (136,64) (136,65) (136,66) (136,67) (136,68) (136,69) (136,70) (136,71)

Depth_buffer_fixed_function/z24_Cn_FZy_M3fc002: 24 px differ, max rgb 128 alpha 0; blank=True (ours top 0.9926, 2 colours; golden 11 colours)
  bbox x 136..509, y 53..71
  golden census (11, [((0, 0, 0), 304888), ((255, 255, 255), 2288), ((58, 58, 58), 16), ((0, 128, 0), 1), ((16, 128, 16), 1), ((32, 128, 32), 1)])
  ours   census (2, [((0, 0, 0), 304912), ((255, 255, 255), 2288)])
    golden (58, 58, 58, 255) -> ours (0, 0, 0, 255): 16 px
    golden (0, 128, 0, 255) -> ours (0, 0, 0, 255): 1 px
    golden (16, 128, 16, 255) -> ours (0, 0, 0, 255): 1 px
    golden (32, 128, 32, 255) -> ours (0, 0, 0, 255): 1 px
    golden (48, 128, 48, 255) -> ours (0, 0, 0, 255): 1 px
    golden (64, 128, 64, 255) -> ours (0, 0, 0, 255): 1 px
    golden (81, 128, 81, 255) -> ours (0, 0, 0, 255): 1 px
    golden (97, 128, 97, 255) -> ours (0, 0, 0, 255): 1 px
  rows [(53, 8), (56, 1), (57, 1), (58, 1), (59, 1), (60, 1), (61, 1), (62, 1), (63, 1), (64, 1), (65, 1), (66, 1), (67, 1), (68, 1), (69, 1), (70, 1), (71, 1)]
  cols [(136, 16), (502, 1), (503, 1), (504, 1), (505, 1), (506, 1), (507, 1), (508, 1), (509, 1)]
  golden z24 at these px [(0, 24)]
  ours   z24 at these px [(4177922, 24)]
  _ZB capture: 24 px differ in z24, 24 of them under the colour residual
  golden z24 census [(4177922, 307176), (0, 24)]
  ours   z24 census [(4177922, 307200)]
  px (502,53) (503,53) (504,53) (505,53) (506,53) (507,53) (508,53) (509,53) (136,56) (136,57) (136,58) (136,59) (136,60) (136,61) (136,62) (136,63) (136,64) (136,65) (136,66) (136,67) (136,68) (136,69) (136,70) (136,71)

Depth_buffer_fixed_function/z24_Cn_FZy_M7f8001: 24 px differ, max rgb 128 alpha 0; blank=True (ours top 0.9926, 2 colours; golden 11 colours)
  bbox x 136..509, y 53..71
  golden census (11, [((0, 0, 0), 304904), ((255, 255, 255), 2272), ((58, 58, 58), 16), ((0, 128, 0), 1), ((16, 128, 16), 1), ((32, 128, 32), 1)])
  ours   census (2, [((0, 0, 0), 304928), ((255, 255, 255), 2272)])
    golden (58, 58, 58, 255) -> ours (0, 0, 0, 255): 16 px
    golden (0, 128, 0, 255) -> ours (0, 0, 0, 255): 1 px
    golden (16, 128, 16, 255) -> ours (0, 0, 0, 255): 1 px
    golden (32, 128, 32, 255) -> ours (0, 0, 0, 255): 1 px
    golden (48, 128, 48, 255) -> ours (0, 0, 0, 255): 1 px
    golden (64, 128, 64, 255) -> ours (0, 0, 0, 255): 1 px
    golden (81, 128, 81, 255) -> ours (0, 0, 0, 255): 1 px
    golden (97, 128, 97, 255) -> ours (0, 0, 0, 255): 1 px
  rows [(53, 8), (56, 1), (57, 1), (58, 1), (59, 1), (60, 1), (61, 1), (62, 1), (63, 1), (64, 1), (65, 1), (66, 1), (67, 1), (68, 1), (69, 1), (70, 1), (71, 1)]
  cols [(136, 16), (502, 1), (503, 1), (504, 1), (505, 1), (506, 1), (507, 1), (508, 1), (509, 1)]
  golden z24 at these px [(0, 24)]
  ours   z24 at these px [(8355841, 24)]
  _ZB capture: 24 px differ in z24, 24 of them under the colour residual
  golden z24 census [(8355841, 307176), (0, 24)]
  ours   z24 census [(8355841, 307200)]
  px (502,53) (503,53) (504,53) (505,53) (506,53) (507,53) (508,53) (509,53) (136,56) (136,57) (136,58) (136,59) (136,60) (136,61) (136,62) (136,63) (136,64) (136,65) (136,66) (136,67) (136,68) (136,69) (136,70) (136,71)

Depth_buffer_fixed_function/z24_Cn_FZy_Mbf4000: 24 px differ, max rgb 128 alpha 0; blank=True (ours top 0.9925, 2 colours; golden 11 colours)
  bbox x 136..509, y 53..71
  golden census (11, [((0, 0, 0), 304876), ((255, 255, 255), 2300), ((58, 58, 58), 16), ((0, 128, 0), 1), ((16, 128, 16), 1), ((32, 128, 32), 1)])
  ours   census (2, [((0, 0, 0), 304900), ((255, 255, 255), 2300)])
    golden (58, 58, 58, 255) -> ours (0, 0, 0, 255): 16 px
    golden (0, 128, 0, 255) -> ours (0, 0, 0, 255): 1 px
    golden (16, 128, 16, 255) -> ours (0, 0, 0, 255): 1 px
    golden (32, 128, 32, 255) -> ours (0, 0, 0, 255): 1 px
    golden (48, 128, 48, 255) -> ours (0, 0, 0, 255): 1 px
    golden (64, 128, 64, 255) -> ours (0, 0, 0, 255): 1 px
    golden (81, 128, 81, 255) -> ours (0, 0, 0, 255): 1 px
    golden (97, 128, 97, 255) -> ours (0, 0, 0, 255): 1 px
  rows [(53, 8), (56, 1), (57, 1), (58, 1), (59, 1), (60, 1), (61, 1), (62, 1), (63, 1), (64, 1), (65, 1), (66, 1), (67, 1), (68, 1), (69, 1), (70, 1), (71, 1)]
  cols [(136, 16), (502, 1), (503, 1), (504, 1), (505, 1), (506, 1), (507, 1), (508, 1), (509, 1)]
  golden z24 at these px [(0, 24)]
  ours   z24 at these px [(12533760, 24)]
  _ZB capture: 24 px differ in z24, 24 of them under the colour residual
  golden z24 census [(12533760, 307176), (0, 24)]
  ours   z24 census [(12533760, 307200)]
  px (502,53) (503,53) (504,53) (505,53) (506,53) (507,53) (508,53) (509,53) (136,56) (136,57) (136,58) (136,59) (136,60) (136,61) (136,62) (136,63) (136,64) (136,65) (136,66) (136,67) (136,68) (136,69) (136,70) (136,71)

Depth_buffer_fixed_function/z24_Cn_FZy_Mfeffff: 24 px differ, max rgb 128 alpha 0; blank=True (ours top 0.9930, 2 colours; golden 11 colours)
  bbox x 136..509, y 53..71
  golden census (11, [((0, 0, 0), 305018), ((255, 255, 255), 2158), ((58, 58, 58), 16), ((0, 128, 0), 1), ((16, 128, 16), 1), ((32, 128, 32), 1)])
  ours   census (2, [((0, 0, 0), 305042), ((255, 255, 255), 2158)])
    golden (58, 58, 58, 255) -> ours (0, 0, 0, 255): 16 px
    golden (0, 128, 0, 255) -> ours (0, 0, 0, 255): 1 px
    golden (16, 128, 16, 255) -> ours (0, 0, 0, 255): 1 px
    golden (32, 128, 32, 255) -> ours (0, 0, 0, 255): 1 px
    golden (48, 128, 48, 255) -> ours (0, 0, 0, 255): 1 px
    golden (64, 128, 64, 255) -> ours (0, 0, 0, 255): 1 px
    golden (81, 128, 81, 255) -> ours (0, 0, 0, 255): 1 px
    golden (97, 128, 97, 255) -> ours (0, 0, 0, 255): 1 px
  rows [(53, 8), (56, 1), (57, 1), (58, 1), (59, 1), (60, 1), (61, 1), (62, 1), (63, 1), (64, 1), (65, 1), (66, 1), (67, 1), (68, 1), (69, 1), (70, 1), (71, 1)]
  cols [(136, 16), (502, 1), (503, 1), (504, 1), (505, 1), (506, 1), (507, 1), (508, 1), (509, 1)]
  golden z24 at these px [(0, 24)]
  ours   z24 at these px [(16711679, 24)]
  _ZB capture: 24 px differ in z24, 24 of them under the colour residual
  golden z24 census [(16711679, 307176), (0, 24)]
  ours   z24 census [(16711679, 307200)]
  px (502,53) (503,53) (504,53) (505,53) (506,53) (507,53) (508,53) (509,53) (136,56) (136,57) (136,58) (136,59) (136,60) (136,61) (136,62) (136,63) (136,64) (136,65) (136,66) (136,67) (136,68) (136,69) (136,70) (136,71)

Depth_buffer_fixed_function/z24_Cy_FZy_M000003: 24 px differ, max rgb 128 alpha 0; blank=True (ours top 0.9940, 2 colours; golden 11 colours)
  bbox x 136..509, y 53..71
  golden census (11, [((0, 0, 0), 305334), ((255, 255, 255), 1842), ((58, 58, 58), 16), ((0, 128, 0), 1), ((16, 128, 16), 1), ((32, 128, 32), 1)])
  ours   census (2, [((0, 0, 0), 305358), ((255, 255, 255), 1842)])
    golden (58, 58, 58, 255) -> ours (0, 0, 0, 255): 16 px
    golden (0, 128, 0, 255) -> ours (0, 0, 0, 255): 1 px
    golden (16, 128, 16, 255) -> ours (0, 0, 0, 255): 1 px
    golden (32, 128, 32, 255) -> ours (0, 0, 0, 255): 1 px
    golden (48, 128, 48, 255) -> ours (0, 0, 0, 255): 1 px
    golden (64, 128, 64, 255) -> ours (0, 0, 0, 255): 1 px
    golden (81, 128, 81, 255) -> ours (0, 0, 0, 255): 1 px
    golden (97, 128, 97, 255) -> ours (0, 0, 0, 255): 1 px
  rows [(53, 8), (56, 1), (57, 1), (58, 1), (59, 1), (60, 1), (61, 1), (62, 1), (63, 1), (64, 1), (65, 1), (66, 1), (67, 1), (68, 1), (69, 1), (70, 1), (71, 1)]
  cols [(136, 16), (502, 1), (503, 1), (504, 1), (505, 1), (506, 1), (507, 1), (508, 1), (509, 1)]
  golden z24 at these px [(0, 24)]
  ours   z24 at these px [(3, 24)]
  _ZB capture: 24 px differ in z24, 24 of them under the colour residual
  golden z24 census [(3, 307176), (0, 24)]
  ours   z24 census [(3, 307200)]
  px (502,53) (503,53) (504,53) (505,53) (506,53) (507,53) (508,53) (509,53) (136,56) (136,57) (136,58) (136,59) (136,60) (136,61) (136,62) (136,63) (136,64) (136,65) (136,66) (136,67) (136,68) (136,69) (136,70) (136,71)

Depth_buffer_fixed_function/z24_Cy_FZy_M3fc002: 24 px differ, max rgb 128 alpha 0; blank=True (ours top 0.9926, 2 colours; golden 11 colours)
  bbox x 136..509, y 53..71
  golden census (11, [((0, 0, 0), 304912), ((255, 255, 255), 2264), ((58, 58, 58), 16), ((0, 128, 0), 1), ((16, 128, 16), 1), ((32, 128, 32), 1)])
  ours   census (2, [((0, 0, 0), 304936), ((255, 255, 255), 2264)])
    golden (58, 58, 58, 255) -> ours (0, 0, 0, 255): 16 px
    golden (0, 128, 0, 255) -> ours (0, 0, 0, 255): 1 px
    golden (16, 128, 16, 255) -> ours (0, 0, 0, 255): 1 px
    golden (32, 128, 32, 255) -> ours (0, 0, 0, 255): 1 px
    golden (48, 128, 48, 255) -> ours (0, 0, 0, 255): 1 px
    golden (64, 128, 64, 255) -> ours (0, 0, 0, 255): 1 px
    golden (81, 128, 81, 255) -> ours (0, 0, 0, 255): 1 px
    golden (97, 128, 97, 255) -> ours (0, 0, 0, 255): 1 px
  rows [(53, 8), (56, 1), (57, 1), (58, 1), (59, 1), (60, 1), (61, 1), (62, 1), (63, 1), (64, 1), (65, 1), (66, 1), (67, 1), (68, 1), (69, 1), (70, 1), (71, 1)]
  cols [(136, 16), (502, 1), (503, 1), (504, 1), (505, 1), (506, 1), (507, 1), (508, 1), (509, 1)]
  golden z24 at these px [(0, 24)]
  ours   z24 at these px [(4177922, 24)]
  _ZB capture: 24 px differ in z24, 24 of them under the colour residual
  golden z24 census [(4177922, 307176), (0, 24)]
  ours   z24 census [(4177922, 307200)]
  px (502,53) (503,53) (504,53) (505,53) (506,53) (507,53) (508,53) (509,53) (136,56) (136,57) (136,58) (136,59) (136,60) (136,61) (136,62) (136,63) (136,64) (136,65) (136,66) (136,67) (136,68) (136,69) (136,70) (136,71)

Depth_buffer_fixed_function/z24_Cy_FZy_M7f8001: 24 px differ, max rgb 128 alpha 0; blank=True (ours top 0.9927, 2 colours; golden 11 colours)
  bbox x 136..509, y 53..71
  golden census (11, [((0, 0, 0), 304928), ((255, 255, 255), 2248), ((58, 58, 58), 16), ((0, 128, 0), 1), ((16, 128, 16), 1), ((32, 128, 32), 1)])
  ours   census (2, [((0, 0, 0), 304952), ((255, 255, 255), 2248)])
    golden (58, 58, 58, 255) -> ours (0, 0, 0, 255): 16 px
    golden (0, 128, 0, 255) -> ours (0, 0, 0, 255): 1 px
    golden (16, 128, 16, 255) -> ours (0, 0, 0, 255): 1 px
    golden (32, 128, 32, 255) -> ours (0, 0, 0, 255): 1 px
    golden (48, 128, 48, 255) -> ours (0, 0, 0, 255): 1 px
    golden (64, 128, 64, 255) -> ours (0, 0, 0, 255): 1 px
    golden (81, 128, 81, 255) -> ours (0, 0, 0, 255): 1 px
    golden (97, 128, 97, 255) -> ours (0, 0, 0, 255): 1 px
  rows [(53, 8), (56, 1), (57, 1), (58, 1), (59, 1), (60, 1), (61, 1), (62, 1), (63, 1), (64, 1), (65, 1), (66, 1), (67, 1), (68, 1), (69, 1), (70, 1), (71, 1)]
  cols [(136, 16), (502, 1), (503, 1), (504, 1), (505, 1), (506, 1), (507, 1), (508, 1), (509, 1)]
  golden z24 at these px [(0, 24)]
  ours   z24 at these px [(8355841, 24)]
  _ZB capture: 24 px differ in z24, 24 of them under the colour residual
  golden z24 census [(8355841, 307176), (0, 24)]
  ours   z24 census [(8355841, 307200)]
  px (502,53) (503,53) (504,53) (505,53) (506,53) (507,53) (508,53) (509,53) (136,56) (136,57) (136,58) (136,59) (136,60) (136,61) (136,62) (136,63) (136,64) (136,65) (136,66) (136,67) (136,68) (136,69) (136,70) (136,71)

Depth_buffer_fixed_function/z24_Cy_FZy_Mbf4000: 24 px differ, max rgb 128 alpha 0; blank=True (ours top 0.9926, 2 colours; golden 11 colours)
  bbox x 136..509, y 53..71
  golden census (11, [((0, 0, 0), 304900), ((255, 255, 255), 2276), ((58, 58, 58), 16), ((0, 128, 0), 1), ((16, 128, 16), 1), ((32, 128, 32), 1)])
  ours   census (2, [((0, 0, 0), 304924), ((255, 255, 255), 2276)])
    golden (58, 58, 58, 255) -> ours (0, 0, 0, 255): 16 px
    golden (0, 128, 0, 255) -> ours (0, 0, 0, 255): 1 px
    golden (16, 128, 16, 255) -> ours (0, 0, 0, 255): 1 px
    golden (32, 128, 32, 255) -> ours (0, 0, 0, 255): 1 px
    golden (48, 128, 48, 255) -> ours (0, 0, 0, 255): 1 px
    golden (64, 128, 64, 255) -> ours (0, 0, 0, 255): 1 px
    golden (81, 128, 81, 255) -> ours (0, 0, 0, 255): 1 px
    golden (97, 128, 97, 255) -> ours (0, 0, 0, 255): 1 px
  rows [(53, 8), (56, 1), (57, 1), (58, 1), (59, 1), (60, 1), (61, 1), (62, 1), (63, 1), (64, 1), (65, 1), (66, 1), (67, 1), (68, 1), (69, 1), (70, 1), (71, 1)]
  cols [(136, 16), (502, 1), (503, 1), (504, 1), (505, 1), (506, 1), (507, 1), (508, 1), (509, 1)]
  golden z24 at these px [(0, 24)]
  ours   z24 at these px [(12533760, 24)]
  _ZB capture: 24 px differ in z24, 24 of them under the colour residual
  golden z24 census [(12533760, 307176), (0, 24)]
  ours   z24 census [(12533760, 307200)]
  px (502,53) (503,53) (504,53) (505,53) (506,53) (507,53) (508,53) (509,53) (136,56) (136,57) (136,58) (136,59) (136,60) (136,61) (136,62) (136,63) (136,64) (136,65) (136,66) (136,67) (136,68) (136,69) (136,70) (136,71)

Depth_buffer_fixed_function/z24_Cy_FZy_Mfeffff: 24 px differ, max rgb 128 alpha 0; blank=True (ours top 0.9931, 2 colours; golden 11 colours)
  bbox x 136..509, y 53..71
  golden census (11, [((0, 0, 0), 305042), ((255, 255, 255), 2134), ((58, 58, 58), 16), ((0, 128, 0), 1), ((16, 128, 16), 1), ((32, 128, 32), 1)])
  ours   census (2, [((0, 0, 0), 305066), ((255, 255, 255), 2134)])
    golden (58, 58, 58, 255) -> ours (0, 0, 0, 255): 16 px
    golden (0, 128, 0, 255) -> ours (0, 0, 0, 255): 1 px
    golden (16, 128, 16, 255) -> ours (0, 0, 0, 255): 1 px
    golden (32, 128, 32, 255) -> ours (0, 0, 0, 255): 1 px
    golden (48, 128, 48, 255) -> ours (0, 0, 0, 255): 1 px
    golden (64, 128, 64, 255) -> ours (0, 0, 0, 255): 1 px
    golden (81, 128, 81, 255) -> ours (0, 0, 0, 255): 1 px
    golden (97, 128, 97, 255) -> ours (0, 0, 0, 255): 1 px
  rows [(53, 8), (56, 1), (57, 1), (58, 1), (59, 1), (60, 1), (61, 1), (62, 1), (63, 1), (64, 1), (65, 1), (66, 1), (67, 1), (68, 1), (69, 1), (70, 1), (71, 1)]
  cols [(136, 16), (502, 1), (503, 1), (504, 1), (505, 1), (506, 1), (507, 1), (508, 1), (509, 1)]
  golden z24 at these px [(0, 24)]
  ours   z24 at these px [(16711679, 24)]
  _ZB capture: 24 px differ in z24, 24 of them under the colour residual
  golden z24 census [(16711679, 307176), (0, 24)]
  ours   z24 census [(16711679, 307200)]
  px (502,53) (503,53) (504,53) (505,53) (506,53) (507,53) (508,53) (509,53) (136,56) (136,57) (136,58) (136,59) (136,60) (136,61) (136,62) (136,63) (136,64) (136,65) (136,66) (136,67) (136,68) (136,69) (136,70) (136,71)

Texture_BRDF/BRDF_e0_l0: 614 px differ, max rgb 228 alpha 1; blank=True (ours top 0.9922, 2 colours; golden 16 colours)
  bbox x 579..639, y 460..479
  golden census (16, [((18, 18, 18), 304186), ((255, 255, 255), 2400), ((194, 246, 218), 112), ((194, 246, 222), 104), ((194, 246, 214), 88), ((194, 246, 210), 82)])
  ours   census (2, [((18, 18, 18), 304800), ((255, 255, 255), 2400)])
    golden (194, 246, 218, 255) -> ours (18, 18, 18, 254): 112 px
    golden (194, 246, 222, 255) -> ours (18, 18, 18, 254): 104 px
    golden (194, 246, 214, 255) -> ours (18, 18, 18, 254): 88 px
    golden (194, 246, 210, 255) -> ours (18, 18, 18, 254): 82 px
    golden (190, 246, 222, 255) -> ours (18, 18, 18, 254): 70 px
    golden (194, 246, 206, 255) -> ours (18, 18, 18, 254): 53 px
    golden (190, 246, 218, 255) -> ours (18, 18, 18, 254): 33 px
    golden (194, 246, 202, 255) -> ours (18, 18, 18, 254): 24 px
  rows [(460, 1), (461, 4), (462, 7), (463, 10), (464, 13), (465, 16), (466, 20), (467, 23), (468, 26), (469, 29), (470, 32), (471, 35), (472, 39), (473, 42), (474, 45), (475, 48), (476, 51), (477, 54), (478, 58), (479, 61)]
  cols [(579, 1), (580, 1), (581, 1), (582, 2), (583, 2), (584, 2), (585, 2), (586, 3), (587, 3), (588, 3), (589, 4), (590, 4), (591, 4), (592, 5), (593, 5), (594, 5), (595, 6), (596, 6), (597, 6), (598, 7), (599, 7), (600, 7), (601, 8), (602, 8), (603, 8), (604, 8), (605, 9), (606, 9), (607, 9), (608, 10), (609, 10), (610, 10), (611, 11), (612, 11), (613, 11), (614, 12), (615, 12), (616, 12), (617, 13), (618, 13)]
  px (639,460) (636,461) (637,461) (638,461) (639,461) (633,462) (634,462) (635,462) (636,462) (637,462) (638,462) (639,462) (630,463) (631,463) (632,463) (633,463) (634,463) (635,463) (636,463) (637,463) (638,463) (639,463) (627,464) (628,464) (629,464) (630,464) (631,464) (632,464) (633,464) (634,464)

Texture_BRDF/BRDF_e0_l1: 614 px differ, max rgb 228 alpha 1; blank=True (ours top 0.9923, 2 colours; golden 16 colours)
  bbox x 579..639, y 460..479
  golden census (16, [((18, 18, 18), 304206), ((255, 255, 255), 2380), ((194, 246, 218), 112), ((194, 246, 222), 104), ((194, 246, 214), 88), ((194, 246, 210), 82)])
  ours   census (2, [((18, 18, 18), 304820), ((255, 255, 255), 2380)])
    golden (194, 246, 218, 255) -> ours (18, 18, 18, 254): 112 px
    golden (194, 246, 222, 255) -> ours (18, 18, 18, 254): 104 px
    golden (194, 246, 214, 255) -> ours (18, 18, 18, 254): 88 px
    golden (194, 246, 210, 255) -> ours (18, 18, 18, 254): 82 px
    golden (190, 246, 222, 255) -> ours (18, 18, 18, 254): 70 px
    golden (194, 246, 206, 255) -> ours (18, 18, 18, 254): 53 px
    golden (190, 246, 218, 255) -> ours (18, 18, 18, 254): 33 px
    golden (194, 246, 202, 255) -> ours (18, 18, 18, 254): 24 px
  rows [(460, 1), (461, 4), (462, 7), (463, 10), (464, 13), (465, 16), (466, 20), (467, 23), (468, 26), (469, 29), (470, 32), (471, 35), (472, 39), (473, 42), (474, 45), (475, 48), (476, 51), (477, 54), (478, 58), (479, 61)]
  cols [(579, 1), (580, 1), (581, 1), (582, 2), (583, 2), (584, 2), (585, 2), (586, 3), (587, 3), (588, 3), (589, 4), (590, 4), (591, 4), (592, 5), (593, 5), (594, 5), (595, 6), (596, 6), (597, 6), (598, 7), (599, 7), (600, 7), (601, 8), (602, 8), (603, 8), (604, 8), (605, 9), (606, 9), (607, 9), (608, 10), (609, 10), (610, 10), (611, 11), (612, 11), (613, 11), (614, 12), (615, 12), (616, 12), (617, 13), (618, 13)]
  px (639,460) (636,461) (637,461) (638,461) (639,461) (633,462) (634,462) (635,462) (636,462) (637,462) (638,462) (639,462) (630,463) (631,463) (632,463) (633,463) (634,463) (635,463) (636,463) (637,463) (638,463) (639,463) (627,464) (628,464) (629,464) (630,464) (631,464) (632,464) (633,464) (634,464)

Texture_BRDF/BRDF_e1_l0: 614 px differ, max rgb 228 alpha 1; blank=True (ours top 0.9923, 2 colours; golden 16 colours)
  bbox x 579..639, y 460..479
  golden census (16, [((18, 18, 18), 304206), ((255, 255, 255), 2380), ((194, 246, 218), 112), ((194, 246, 222), 104), ((194, 246, 214), 88), ((194, 246, 210), 82)])
  ours   census (2, [((18, 18, 18), 304820), ((255, 255, 255), 2380)])
    golden (194, 246, 218, 255) -> ours (18, 18, 18, 254): 112 px
    golden (194, 246, 222, 255) -> ours (18, 18, 18, 254): 104 px
    golden (194, 246, 214, 255) -> ours (18, 18, 18, 254): 88 px
    golden (194, 246, 210, 255) -> ours (18, 18, 18, 254): 82 px
    golden (190, 246, 222, 255) -> ours (18, 18, 18, 254): 70 px
    golden (194, 246, 206, 255) -> ours (18, 18, 18, 254): 53 px
    golden (190, 246, 218, 255) -> ours (18, 18, 18, 254): 33 px
    golden (194, 246, 202, 255) -> ours (18, 18, 18, 254): 24 px
  rows [(460, 1), (461, 4), (462, 7), (463, 10), (464, 13), (465, 16), (466, 20), (467, 23), (468, 26), (469, 29), (470, 32), (471, 35), (472, 39), (473, 42), (474, 45), (475, 48), (476, 51), (477, 54), (478, 58), (479, 61)]
  cols [(579, 1), (580, 1), (581, 1), (582, 2), (583, 2), (584, 2), (585, 2), (586, 3), (587, 3), (588, 3), (589, 4), (590, 4), (591, 4), (592, 5), (593, 5), (594, 5), (595, 6), (596, 6), (597, 6), (598, 7), (599, 7), (600, 7), (601, 8), (602, 8), (603, 8), (604, 8), (605, 9), (606, 9), (607, 9), (608, 10), (609, 10), (610, 10), (611, 11), (612, 11), (613, 11), (614, 12), (615, 12), (616, 12), (617, 13), (618, 13)]
  px (639,460) (636,461) (637,461) (638,461) (639,461) (633,462) (634,462) (635,462) (636,462) (637,462) (638,462) (639,462) (630,463) (631,463) (632,463) (633,463) (634,463) (635,463) (636,463) (637,463) (638,463) (639,463) (627,464) (628,464) (629,464) (630,464) (631,464) (632,464) (633,464) (634,464)

  edge scope: the 24 near-plane edge px in every Depth_buffer_fixed_function colour capture
    z16_Cn_FZn_M000003               edge differ  3/24  golden-black-at-edge  0  whole-capture differ 3
    z16_Cn_FZn_M004002               edge differ  3/24  golden-black-at-edge  0  whole-capture differ 566
    z16_Cn_FZn_M008001               edge differ  3/24  golden-black-at-edge  0  whole-capture differ 1132
    z16_Cn_FZn_M00c000               edge differ  3/24  golden-black-at-edge  0  whole-capture differ 1840
    z16_Cn_FZn_M00ffff               edge differ  3/24  golden-black-at-edge  0  whole-capture differ 42966
    z16_Cn_FZy_M000003               edge differ  3/24  golden-black-at-edge  0  whole-capture differ 3
    z16_Cn_FZy_M004002               edge differ  3/24  golden-black-at-edge  0  whole-capture differ 3
    z16_Cn_FZy_M008001               edge differ  3/24  golden-black-at-edge  0  whole-capture differ 5
    z16_Cn_FZy_M00c000               edge differ  3/24  golden-black-at-edge  0  whole-capture differ 137
    z16_Cn_FZy_M00ffff               edge differ  3/24  golden-black-at-edge  0  whole-capture differ 42731
    z16_Cy_FZn_M000003               edge differ  3/24  golden-black-at-edge  0  whole-capture differ 3
    z16_Cy_FZn_M004002               edge differ  3/24  golden-black-at-edge  0  whole-capture differ 566
    z16_Cy_FZn_M008001               edge differ  3/24  golden-black-at-edge  0  whole-capture differ 1132
    z16_Cy_FZn_M00c000               edge differ  3/24  golden-black-at-edge  0  whole-capture differ 1840
    z16_Cy_FZn_M00ffff               edge differ  3/24  golden-black-at-edge  0  whole-capture differ 42966
    z16_Cy_FZy_M000003               edge differ  3/24  golden-black-at-edge  0  whole-capture differ 3
    z16_Cy_FZy_M004002               edge differ  3/24  golden-black-at-edge  0  whole-capture differ 3
    z16_Cy_FZy_M008001               edge differ  3/24  golden-black-at-edge  0  whole-capture differ 5
    z16_Cy_FZy_M00c000               edge differ  3/24  golden-black-at-edge  0  whole-capture differ 137
    z16_Cy_FZy_M00ffff               edge differ  3/24  golden-black-at-edge  0  whole-capture differ 42731
    z24_Cn_FZn_M000003               edge differ 24/24  golden-black-at-edge 24  whole-capture differ 24
      z24 (golden, ours) x=136 col: [((3, 0), 16)]
      z24 (golden, ours) y=53 row:  [((3, 0), 8)]
      z24 (golden, ours) x=137 col: [((3, 3), 16)]
    z24_Cn_FZn_M400002               edge differ  3/24  golden-black-at-edge  0  whole-capture differ 566
      z24 (golden, ours) x=136 col: [((8, 0), 16)]
      z24 (golden, ours) y=53 row:  [((8, 0), 8)]
      z24 (golden, ours) x=137 col: [((329575, 329568), 16)]
    z24_Cn_FZn_M800001               edge differ  3/24  golden-black-at-edge  0  whole-capture differ 1132
      z24 (golden, ours) x=136 col: [((8, 0), 16)]
      z24 (golden, ours) y=53 row:  [((8, 0), 8)]
      z24 (golden, ours) x=137 col: [((329575, 329568), 16)]
    z24_Cn_FZn_Mc00000               edge differ  3/24  golden-black-at-edge  0  whole-capture differ 1840
      z24 (golden, ours) x=136 col: [((8, 0), 16)]
      z24 (golden, ours) y=53 row:  [((8, 0), 8)]
      z24 (golden, ours) x=137 col: [((329575, 329568), 16)]
    z24_Cn_FZn_Mffffff               edge differ  3/24  golden-black-at-edge  0  whole-capture differ 43005
      z24 (golden, ours) x=136 col: [((8, 0), 16)]
      z24 (golden, ours) y=53 row:  [((8, 0), 8)]
      z24 (golden, ours) x=137 col: [((329575, 329568), 16)]
    z24_Cn_FZy_M000003               edge differ 24/24  golden-black-at-edge  0  whole-capture differ 24
      z24 (golden, ours) x=136 col: [((0, 3), 16)]
      z24 (golden, ours) y=53 row:  [((0, 3), 8)]
      z24 (golden, ours) x=137 col: [((3, 3), 16)]
    z24_Cn_FZy_M3fc002               edge differ 24/24  golden-black-at-edge  0  whole-capture differ 24
      z24 (golden, ours) x=136 col: [((0, 4177922), 16)]
      z24 (golden, ours) y=53 row:  [((0, 4177922), 8)]
      z24 (golden, ours) x=137 col: [((4177922, 4177922), 16)]
    z24_Cn_FZy_M7f8001               edge differ 24/24  golden-black-at-edge  0  whole-capture differ 24
      z24 (golden, ours) x=136 col: [((0, 8355841), 16)]
      z24 (golden, ours) y=53 row:  [((0, 8355841), 8)]
      z24 (golden, ours) x=137 col: [((8355841, 8355841), 16)]
    z24_Cn_FZy_Mbf4000               edge differ 24/24  golden-black-at-edge  0  whole-capture differ 24
      z24 (golden, ours) x=136 col: [((0, 12533760), 16)]
      z24 (golden, ours) y=53 row:  [((0, 12533760), 8)]
      z24 (golden, ours) x=137 col: [((12533760, 12533760), 16)]
    z24_Cn_FZy_Mfeffff               edge differ 24/24  golden-black-at-edge  0  whole-capture differ 24
      z24 (golden, ours) x=136 col: [((0, 16711679), 16)]
      z24 (golden, ours) y=53 row:  [((0, 16711679), 8)]
      z24 (golden, ours) x=137 col: [((16711679, 16711679), 16)]
    z24_Cy_FZn_M000003               edge differ 24/24  golden-black-at-edge 24  whole-capture differ 24
      z24 (golden, ours) x=136 col: [((3, 0), 16)]
      z24 (golden, ours) y=53 row:  [((3, 0), 8)]
      z24 (golden, ours) x=137 col: [((3, 3), 16)]
    z24_Cy_FZn_M400002               edge differ  3/24  golden-black-at-edge  0  whole-capture differ 566
      z24 (golden, ours) x=136 col: [((8, 0), 16)]
      z24 (golden, ours) y=53 row:  [((8, 0), 8)]
      z24 (golden, ours) x=137 col: [((329575, 329568), 16)]
    z24_Cy_FZn_M800001               edge differ  3/24  golden-black-at-edge  0  whole-capture differ 1132
      z24 (golden, ours) x=136 col: [((8, 0), 16)]
      z24 (golden, ours) y=53 row:  [((8, 0), 8)]
      z24 (golden, ours) x=137 col: [((329575, 329568), 16)]
    z24_Cy_FZn_Mc00000               edge differ  3/24  golden-black-at-edge  0  whole-capture differ 1840
      z24 (golden, ours) x=136 col: [((8, 0), 16)]
      z24 (golden, ours) y=53 row:  [((8, 0), 8)]
      z24 (golden, ours) x=137 col: [((329575, 329568), 16)]
    z24_Cy_FZn_Mffffff               edge differ  3/24  golden-black-at-edge  0  whole-capture differ 43005
      z24 (golden, ours) x=136 col: [((8, 0), 16)]
      z24 (golden, ours) y=53 row:  [((8, 0), 8)]
      z24 (golden, ours) x=137 col: [((329575, 329568), 16)]
    z24_Cy_FZy_M000003               edge differ 24/24  golden-black-at-edge  0  whole-capture differ 24
      z24 (golden, ours) x=136 col: [((0, 3), 16)]
      z24 (golden, ours) y=53 row:  [((0, 3), 8)]
      z24 (golden, ours) x=137 col: [((3, 3), 16)]
    z24_Cy_FZy_M3fc002               edge differ 24/24  golden-black-at-edge  0  whole-capture differ 24
      z24 (golden, ours) x=136 col: [((0, 4177922), 16)]
      z24 (golden, ours) y=53 row:  [((0, 4177922), 8)]
      z24 (golden, ours) x=137 col: [((4177922, 4177922), 16)]
    z24_Cy_FZy_M7f8001               edge differ 24/24  golden-black-at-edge  0  whole-capture differ 24
      z24 (golden, ours) x=136 col: [((0, 8355841), 16)]
      z24 (golden, ours) y=53 row:  [((0, 8355841), 8)]
      z24 (golden, ours) x=137 col: [((8355841, 8355841), 16)]
    z24_Cy_FZy_Mbf4000               edge differ 24/24  golden-black-at-edge  0  whole-capture differ 24
      z24 (golden, ours) x=136 col: [((0, 12533760), 16)]
      z24 (golden, ours) y=53 row:  [((0, 12533760), 8)]
      z24 (golden, ours) x=137 col: [((12533760, 12533760), 16)]
    z24_Cy_FZy_Mfeffff               edge differ 24/24  golden-black-at-edge  0  whole-capture differ 24
      z24 (golden, ours) x=136 col: [((0, 16711679), 16)]
      z24 (golden, ours) y=53 row:  [((0, 16711679), 8)]
      z24 (golden, ours) x=137 col: [((16711679, 16711679), 16)]
