pathfind: RalliSport Challenge (4D53000F) on nova: /storage/E6C6-D7AA/Games/XBox/4D53000F-RalliSport_Challenge.xiso.iso
titlestate: titles disk: harvest (the device's disk changed since its last harvest)
titlestate: titles disk: build (the disk carries a run's writes since it was pushed; every run starts from the goldens)
titlestate: titles disk: keep (the disk is the composed goldens, untouched since its push)
titlestate: hddPath -> /storage/emulated/0/Android/data/com.jreinach.hakux.debug/files/x1box/titles.qcow2: 4D53000F returning, loaded golden cc9b4ced4a0f
[  13.6s] #  1 black             fast    wait                     Blank or washed-out frame with no readable prompt or menu, so nothing to select; likely a 
[  17.2s] #  2 publisher_logo    replay  A                        replay step 1: Microsoft publisher logo; skip with A and re-read. Cursor not applicable.
[  26.1s] #  3 black             fast    wait                     Abstract graphic with no readable prompt or menu, likely a transition or fade-in frame; no
[  33.6s] #  4 publisher_logo    fast    A                        Still an animated publisher logo (the Microsoft-style logo sequence) with no menu; per hin
[  38.3s] #  5 title_screen      replay  A                        replay step 3: replay step 3: Main title menu is up with Start Game highlighted (cursor on
[  42.8s] #  6 submenu           replay  A                        replay step 4: replay step 4: Profile select on a fresh disk; the only entry is <Create ne
[  47.6s] #  7 main_menu         replay  RIGHT A                  replay step 5: replay step 8: Profile exists; Career is lit. Single Race is one step right
[  54.7s] #  8 submenu           replay  A                        replay step 6: replay step 9: Race type submenu; Rally is the lit default and the fastest 
[  59.4s] #  9 submenu           replay  A                        replay step 7: replay step 10: Single race track select; SAFARI SS1 is highlighted by defa
[  65.2s] # 10 main_menu         replay  A                        replay step 8: replay step 11: Car select is a menu step before the race. Accepting the de
[  73.4s] # 11 loading           fast    wait                     Race is loading after the Safari SS1 track and car were accepted; no input is needed while
[  79.2s] # 12 submenu           replay  A                        replay step 10: replay step 13: Race options submenu with 'start race' already highlighted
[  90.6s] # 13 gameplay          fast    wait                     Live race HUD with player car on the start grid at 0 mph, clock still at 00:00.00; the car
[ 106.8s] # 14 probe             probe   RT:1.5 RT+left:1.2 RT+right:1.2 control 0.424, under input 0.577
[ 111.1s] # 15 gameplay          fast    wait                     Live race HUD with running race clock (00:20.78) and player car on the dirt road; the car 
[ 122.8s] # 16 probe             probe   RT:1.5                   control 0.063, under input 0.374
hold-play: genre drive, need 600 s of play
hold-play: fps at 186 s: median 59.0, share>=30 1.0 over 183 s
hold-play: fps at 308 s: median 59.0, share>=30 1.0 over 304 s
hold-play: HELD 604/600 s of play; 
held RalliSport Challenge for 673s
VERDICT RalliSport Challenge ? FAIL(window unmeasured: 0 post-mark route-frame(s) and 0 post-mark frames/ sample(s), need 3 of one (a scored window the verdict cannot read is not Playable)) gameplay=671.2s fps_ok=1.0 crash=False hang=False audio_short=0.0 hitches=2/0.196pm worst_ms=151.4 static_frac=unmeasured play_share=0.9026 fps_excluded=66.1s
{"name": "RalliSport Challenge", "device": "nova", "result": "gameplay", "minutes": 2.05, "model_calls": 18, "steps": 16, "replayed": 8, "reason": null, "gameplay_frame": "/home/justin/hakux-work/wt/pathfind/docs/lanes/pathfind/runs/screen-ralli-challenge/hold-0816/frames/015-gameplay.jpg"}
titlestate: released nova: {"harvested": {"errors": {}, "harvested": {"41430006": "bc52aa2f6fd8", "41430016": "5db249c6ee24", "41510001": "8b6326b1bfc8", "41540002": "2b6c57485f1e", "41540004": "169dc045ed29", "41560001": "eb5a77c99ffd", "41560004": "02ceef03a100", "4156005D": "a1647bf6ddb4", "42530009": "1b96f2b25d76", "4256
