== 1-1791221184-lane.gpuclock-2660193  nova ref 521ea8a93e  regimen=default perf_mode=0 fan=4  env=PERF_REGIMEN=default,FAN_MODE=smart
   init: init period_us=100000 floor=401 ceil=680 gov=msm-adreno-tz err=none
   windows 107 (skip 10 s)  fps 24.7  F 40.5 ms  gms 24.47  grn 20.08  MHz 401  busy 57  floor [401.0] ceil 680.0
   clock time-at-step (2619 samples): 401:100.0%
   busy>=90 0.0% of samples; busy>=90 under the ceiling (hot) 0.0%; step response after hot: median None samples (n=0, censored 0)
   thermal: hottest 95.5 -> 95.1 C (-0.10 C/min), xo 56.5 -> 57.2, pause False, lowest ceiling 680 MHz, cpu7 (3187, 3187) MHz, battery ['Charging'], thermal.jsonl gpuclk [401, 401, 401, 401, 401, 401, 401, 401]
   power over the window (8 samples): battery +1.34 W, usb 6.53 W, net 7.87 W; fps (frames/time) 24.5 -> 0.322 J/frame
== 1-1791221182-lane.gpuclock-2660089  nova ref 521ea8a93e  regimen=max perf_mode=2 fan=4  env=PERF_REGIMEN=max,FAN_MODE=smart
   init: init period_us=100000 floor=615 ceil=680 gov=msm-adreno-tz err=none
   windows 116 (skip 10 s)  fps 26.9  F 37.2 ms  gms 19.02  grn 16.56  MHz 615  busy 48  floor [615.0] ceil 680.0
   clock time-at-step (2645 samples): 615:100.0%
   busy>=90 0.0% of samples; busy>=90 under the ceiling (hot) 0.0%; step response after hot: median None samples (n=0, censored 0)
   thermal: hottest 93.1 -> 94.3 C (0.29 C/min), xo 56.3 -> 57.0, pause False, lowest ceiling 680 MHz, cpu7 (3187, 3187) MHz, battery ['Charging'], thermal.jsonl gpuclk [615, 615, 615, 615, 615, 615, 615, 615, 615]
   power over the window (9 samples): battery +1.41 W, usb 6.53 W, net 7.94 W; fps (frames/time) 26.0 -> 0.305 J/frame

## pair 1-1791221184-lane.gpuclock-2660193 (low) / 1-1791221182-lane.gpuclock-2660089 (high)
   control: low 401 MHz, high 615 MHz -> the clock moved
   a. gms 24.47 -> 19.02 ms (x0.777) for MHz x1.534: e = 0.59 -> PARTLY clock-bound
   b. F 40.5 -> 37.2 ms (fps 24.7 -> 26.9): dF 3.3 against dGPU 5.4 -> fps FOLLOWS the GPU
   validity: ok
   cost: net 7.87 -> 7.94 W, 0.322 -> 0.305 J/frame (x0.95)
   fit gms = c + k/MHz over 223 windows: c 7.38 ms, k 6598 ms*MHz, RMS residual 4.67 ms, R^2 0.27; clock-scaled share at 401 MHz 69%
